Component: Arm Compiler for Embedded 6.22 Tool: armlink [5ee90200]

==============================================================================

Section Cross References

    switches.o(.ARM.exidx.text.BUTTON_INIT) refers to switches.o(.text.BUTTON_INIT) for [Anonymous Symbol]
    switches.o(.text.SWITCH_BOUNCE_DELAY) refers to system_stm32f4xx.o(.data.SystemCoreClock) for SystemCoreClock
    switches.o(.ARM.exidx.text.SWITCH_BOUNCE_DELAY) refers to switches.o(.text.SWITCH_BOUNCE_DELAY) for [Anonymous Symbol]
    switches.o(.text.wait_us) refers to system_stm32f4xx.o(.data.SystemCoreClock) for SystemCoreClock
    switches.o(.ARM.exidx.text.wait_us) refers to switches.o(.text.wait_us) for [Anonymous Symbol]
    switches.o(.ARM.exidx.text.Init_Timer3_500ms) refers to switches.o(.text.Init_Timer3_500ms) for [Anonymous Symbol]
    switches.o(.ARM.exidx.text.TIM2_Init) refers to switches.o(.text.TIM2_Init) for [Anonymous Symbol]
    switches.o(.ARM.exidx.text.Init_Timer3_2s) refers to switches.o(.text.Init_Timer3_2s) for [Anonymous Symbol]
    switches.o(.text.BUTTON_PRESS) refers to system_stm32f4xx.o(.data.SystemCoreClock) for SystemCoreClock
    switches.o(.ARM.exidx.text.BUTTON_PRESS) refers to switches.o(.text.BUTTON_PRESS) for [Anonymous Symbol]
    switches.o(.ARM.exidx.text.INIT_EXTI13) refers to switches.o(.text.INIT_EXTI13) for [Anonymous Symbol]
    switches.o(.text.EXTI15_10_IRQHandler) refers to system_stm32f4xx.o(.data.SystemCoreClock) for SystemCoreClock
    switches.o(.text.EXTI15_10_IRQHandler) refers to switches.o(.bss.press_start_time) for press_start_time
    switches.o(.text.EXTI15_10_IRQHandler) refers to switches.o(.bss.long_press_detected) for long_press_detected
    switches.o(.text.EXTI15_10_IRQHandler) refers to switches.o(.bss.hold_value) for hold_value
    switches.o(.ARM.exidx.text.EXTI15_10_IRQHandler) refers to switches.o(.text.EXTI15_10_IRQHandler) for [Anonymous Symbol]
    switches.o(.ARM.exidx.text.INIT_EXTI0) refers to switches.o(.text.INIT_EXTI0) for [Anonymous Symbol]
    switches.o(.text.EXTI0_IRQHandler) refers to system_stm32f4xx.o(.data.SystemCoreClock) for SystemCoreClock
    switches.o(.ARM.exidx.text.EXTI0_IRQHandler) refers to switches.o(.text.EXTI0_IRQHandler) for [Anonymous Symbol]
    switches.o(.ARM.exidx.text.INIT_EXTI1) refers to switches.o(.text.INIT_EXTI1) for [Anonymous Symbol]
    switches.o(.text.EXTI1_IRQHandler) refers to system_stm32f4xx.o(.data.SystemCoreClock) for SystemCoreClock
    switches.o(.ARM.exidx.text.EXTI1_IRQHandler) refers to switches.o(.text.EXTI1_IRQHandler) for [Anonymous Symbol]
    switches.o(.ARM.exidx.text.INIT_EXTI2) refers to switches.o(.text.INIT_EXTI2) for [Anonymous Symbol]
    switches.o(.text.EXTI2_IRQHandler) refers to system_stm32f4xx.o(.data.SystemCoreClock) for SystemCoreClock
    switches.o(.ARM.exidx.text.EXTI2_IRQHandler) refers to switches.o(.text.EXTI2_IRQHandler) for [Anonymous Symbol]
    switches.o(.ARM.exidx.text.INIT_EXTI3) refers to switches.o(.text.INIT_EXTI3) for [Anonymous Symbol]
    switches.o(.text.EXTI3_IRQHandler) refers to system_stm32f4xx.o(.data.SystemCoreClock) for SystemCoreClock
    switches.o(.ARM.exidx.text.EXTI3_IRQHandler) refers to switches.o(.text.EXTI3_IRQHandler) for [Anonymous Symbol]
    switches.o(.ARM.exidx.text.TIM13_Init_Interrupt) refers to switches.o(.text.TIM13_Init_Interrupt) for [Anonymous Symbol]
    switches.o(.text.TIM8_UP_TIM13_IRQHandler) refers to switches.o(.bss.timer_flag2) for timer_flag2
    switches.o(.ARM.exidx.text.TIM8_UP_TIM13_IRQHandler) refers to switches.o(.text.TIM8_UP_TIM13_IRQHandler) for [Anonymous Symbol]
    switches.o(.ARM.exidx.text.INIT_TIM12) refers to switches.o(.text.INIT_TIM12) for [Anonymous Symbol]
    switches.o(.ARM.exidx.text.TIM8_BRK_TIM12_IRQHandler) refers to switches.o(.text.TIM8_BRK_TIM12_IRQHandler) for [Anonymous Symbol]
    lcd.o(.text.lcd_delayus) refers to system_stm32f4xx.o(.data.SystemCoreClock) for SystemCoreClock
    lcd.o(.ARM.exidx.text.lcd_delayus) refers to lcd.o(.text.lcd_delayus) for [Anonymous Symbol]
    lcd.o(.ARM.exidx.text.WAIT_LCD_BUSY) refers to lcd.o(.text.WAIT_LCD_BUSY) for [Anonymous Symbol]
    lcd.o(.ARM.exidx.text.set_LCD_data) refers to lcd.o(.text.set_LCD_data) for [Anonymous Symbol]
    lcd.o(.ARM.exidx.text.LCD_Write_String) refers to lcd.o(.text.LCD_Write_String) for [Anonymous Symbol]
    lcd.o(.text.LCD_strobe) refers to system_stm32f4xx.o(.data.SystemCoreClock) for SystemCoreClock
    lcd.o(.ARM.exidx.text.LCD_strobe) refers to lcd.o(.text.LCD_strobe) for [Anonymous Symbol]
    lcd.o(.text.cmdLCD) refers to system_stm32f4xx.o(.data.SystemCoreClock) for SystemCoreClock
    lcd.o(.ARM.exidx.text.cmdLCD) refers to lcd.o(.text.cmdLCD) for [Anonymous Symbol]
    lcd.o(.text.putLCD) refers to system_stm32f4xx.o(.data.SystemCoreClock) for SystemCoreClock
    lcd.o(.ARM.exidx.text.putLCD) refers to lcd.o(.text.putLCD) for [Anonymous Symbol]
[...]
    daddsub_clz.o(x$fpl$dadd) refers (Special) to usenofp.o(x$fpl$usenofp) for __I$use$fp
    daddsub_clz.o(x$fpl$dadd) refers to daddsub_clz.o(x$fpl$dsub) for _dsub1
    daddsub_clz.o(x$fpl$dadd) refers to dretinf.o(x$fpl$dretinf) for __fpl_dretinf
    daddsub_clz.o(x$fpl$dadd) refers to dnaninf.o(x$fpl$dnaninf) for __fpl_dnaninf
    daddsub_clz.o(x$fpl$drsb) refers (Special) to usenofp.o(x$fpl$usenofp) for __I$use$fp
    daddsub_clz.o(x$fpl$drsb) refers to daddsub_clz.o(x$fpl$dadd) for _dadd1
    daddsub_clz.o(x$fpl$drsb) refers to daddsub_clz.o(x$fpl$dsub) for _dsub1
    daddsub_clz.o(x$fpl$dsub) refers (Special) to usenofp.o(x$fpl$usenofp) for __I$use$fp
    daddsub_clz.o(x$fpl$dsub) refers to daddsub_clz.o(x$fpl$dadd) for _dadd1
    daddsub_clz.o(x$fpl$dsub) refers to dnaninf.o(x$fpl$dnaninf) for __fpl_dnaninf
    ddiv.o(x$fpl$drdiv) refers (Special) to usenofp.o(x$fpl$usenofp) for __I$use$fp
    ddiv.o(x$fpl$drdiv) refers to ddiv.o(x$fpl$ddiv) for ddiv_entry
    ddiv.o(x$fpl$ddiv) refers (Special) to usenofp.o(x$fpl$usenofp) for __I$use$fp
    ddiv.o(x$fpl$ddiv) refers to dretinf.o(x$fpl$dretinf) for __fpl_dretinf
    ddiv.o(x$fpl$ddiv) refers to dnaninf.o(x$fpl$dnaninf) for __fpl_dnaninf
    dfix.o(x$fpl$dfix) refers (Special) to usenofp.o(x$fpl$usenofp) for __I$use$fp
    dfix.o(x$fpl$dfix) refers to dnaninf.o(x$fpl$dnaninf) for __fpl_dnaninf
    dfix.o(x$fpl$dfixr) refers (Special) to usenofp.o(x$fpl$usenofp) for __I$use$fp
    dfix.o(x$fpl$dfixr) refers to dnaninf.o(x$fpl$dnaninf) for __fpl_dnaninf
    dfixu.o(x$fpl$dfixu) refers (Special) to usenofp.o(x$fpl$usenofp) for __I$use$fp
    dfixu.o(x$fpl$dfixu) refers to dnaninf.o(x$fpl$dnaninf) for __fpl_dnaninf
    dfixu.o(x$fpl$dfixur) refers (Special) to usenofp.o(x$fpl$usenofp) for __I$use$fp
    dfixu.o(x$fpl$dfixur) refers to dnaninf.o(x$fpl$dnaninf) for __fpl_dnaninf
    dflt_clz.o(x$fpl$dfltu) refers (Special) to usenofp.o(x$fpl$usenofp) for __I$use$fp
    dflt_clz.o(x$fpl$dflt) refers (Special) to usenofp.o(x$fpl$usenofp) for __I$use$fp
    dflt_clz.o(x$fpl$dfltn) refers (Special) to usenofp.o(x$fpl$usenofp) for __I$use$fp
    dmul.o(x$fpl$dmul) refers (Special) to usenofp.o(x$fpl$usenofp) for __I$use$fp
    dmul.o(x$fpl$dmul) refers to dretinf.o(x$fpl$dretinf) for __fpl_dretinf
    dmul.o(x$fpl$dmul) refers to dnaninf.o(x$fpl$dnaninf) for __fpl_dnaninf
    sin.o(i.__hardfp_sin) refers (Special) to usenofp.o(x$fpl$usenofp) for __I$use$fp
    sin.o(i.__hardfp_sin) refers to _rserrno.o(.text) for __set_errno
    sin.o(i.__hardfp_sin) refers to dunder.o(i.__mathlib_dbl_invalid) for __mathlib_dbl_invalid
    sin.o(i.__hardfp_sin) refers to dunder.o(i.__mathlib_dbl_infnan) for __mathlib_dbl_infnan
    sin.o(i.__hardfp_sin) refers to rred.o(i.__ieee754_rem_pio2) for __ieee754_rem_pio2
    sin.o(i.__hardfp_sin) refers to cos_i.o(i.__kernel_cos) for __kernel_cos
    sin.o(i.__hardfp_sin) refers to basic.o(x$fpl$basic) for __aeabi_dneg
    sin.o(i.__hardfp_sin) refers to sin_i.o(i.__kernel_sin) for __kernel_sin
    sin.o(i.__softfp_sin) refers (Special) to usenofp.o(x$fpl$usenofp) for __I$use$fp
    sin.o(i.__softfp_sin) refers to sin.o(i.__hardfp_sin) for __hardfp_sin
    sin.o(i.sin) refers (Special) to usenofp.o(x$fpl$usenofp) for __I$use$fp
    sin.o(i.sin) refers to sin.o(i.__hardfp_sin) for __hardfp_sin
    __rtentry.o(.ARM.Collect$$rtentry$$00000000) refers (Special) to __rtentry2.o(.ARM.Collect$$rtentry$$0000000A) for __rt_entry_li
    __rtentry.o(.ARM.Collect$$rtentry$$00000000) refers (Special) to __rtentry2.o(.ARM.Collect$$rtentry$$0000000D) for __rt_entry_main
    __rtentry.o(.ARM.Collect$$rtentry$$00000000) refers (Special) to __rtentry2.o(.ARM.Collect$$rtentry$$0000000C) for __rt_entry_postli_1
    __rtentry.o(.ARM.Collect$$rtentry$$00000000) refers (Special) to __rtentry2.o(.ARM.Collect$$rtentry$$00000009) for __rt_entry_postsh_1
    __rtentry.o(.ARM.Collect$$rtentry$$00000000) refers (Special) to __rtentry2.o(.ARM.Collect$$rtentry$$00000002) for __rt_entry_presh_1
    __rtentry.o(.ARM.Collect$$rtentry$$00000000) refers (Special) to __rtentry4.o(.ARM.Collect$$rtentry$$00000004) for __rt_entry_sh
    _rserrno.o(.text) refers to rt_errno_addr_intlibspace.o(.text) for __aeabi_errno_addr
    basic.o(x$fpl$basic) refers (Special) to usenofp.o(x$fpl$usenofp) for __I$use$fp
    dnaninf.o(x$fpl$dnaninf) refers (Special) to usenofp.o(x$fpl$usenofp) for __I$use$fp
    dretinf.o(x$fpl$dretinf) refers (Special) to usenofp.o(x$fpl$usenofp) for __I$use$fp
    cos_i.o(i.__kernel_cos) refers (Special) to usenofp.o(x$fpl$usenofp) for __I$use$fp
    cos_i.o(i.__kernel_cos) refers to dfix.o(x$fpl$dfix) for __aeabi_d2iz
    cos_i.o(i.__kernel_cos) refers to dmul.o(x$fpl$dmul) for __aeabi_dmul
    cos_i.o(i.__kernel_cos) refers to poly.o(i.__kernel_poly) for __kernel_poly
    cos_i.o(i.__kernel_cos) refers to daddsub_clz.o(x$fpl$dsub) for __aeabi_dsub
    cos_i.o(i.__kernel_cos) refers to daddsub_clz.o(x$fpl$drsb) for __aeabi_drsub
    cos_i.o(i.__kernel_cos) refers to cos_i.o(.constdata) for .constdata
    cos_i.o(.constdata) refers (Special) to usenofp.o(x$fpl$usenofp) for __I$use$fp
    dunder.o(i.__mathlib_dbl_divzero) refers to ddiv.o(x$fpl$ddiv) for __aeabi_ddiv
    dunder.o(i.__mathlib_dbl_infnan) refers to daddsub_clz.o(x$fpl$dadd) for __aeabi_dadd
    dunder.o(i.__mathlib_dbl_infnan2) refers to daddsub_clz.o(x$fpl$dadd) for __aeabi_dadd
    dunder.o(i.__mathlib_dbl_invalid) refers to ddiv.o(x$fpl$ddiv) for __aeabi_ddiv
    dunder.o(i.__mathlib_dbl_overflow) refers to dmul.o(x$fpl$dmul) for __aeabi_dmul
    dunder.o(i.__mathlib_dbl_posinfnan) refers to dmul.o(x$fpl$dmul) for __aeabi_dmul
    dunder.o(i.__mathlib_dbl_underflow) refers to dmul.o(x$fpl$dmul) for __aeabi_dmul
    rred.o(i.__ieee754_rem_pio2) refers (Special) to usenofp.o(x$fpl$usenofp) for __I$use$fp
    rred.o(i.__ieee754_rem_pio2) refers to daddsub_clz.o(x$fpl$dsub) for __aeabi_dsub
    rred.o(i.__ieee754_rem_pio2) refers to daddsub_clz.o(x$fpl$dadd) for __aeabi_dadd
    rred.o(i.__ieee754_rem_pio2) refers to fabs.o(i.fabs) for fabs
    rred.o(i.__ieee754_rem_pio2) refers to dmul.o(x$fpl$dmul) for __aeabi_dmul
    rred.o(i.__ieee754_rem_pio2) refers to dfix.o(x$fpl$dfix) for __aeabi_d2iz
    rred.o(i.__ieee754_rem_pio2) refers to dflt_clz.o(x$fpl$dflt) for __aeabi_i2d
    rred.o(i.__ieee754_rem_pio2) refers to daddsub_clz.o(x$fpl$drsb) for __aeabi_drsub
    rred.o(i.__ieee754_rem_pio2) refers to basic.o(x$fpl$basic) for __aeabi_dneg
    rred.o(i.__ieee754_rem_pio2) refers to dflt_clz.o(x$fpl$dfltu) for __aeabi_ui2d
    rred.o(i.__ieee754_rem_pio2) refers to rred.o(.constdata) for .constdata
    rred.o(i.__use_accurate_range_reduction) refers (Special) to usenofp.o(x$fpl$usenofp) for __I$use$fp
    rred.o(.constdata) refers (Special) to usenofp.o(x$fpl$usenofp) for __I$use$fp
    sin_i.o(i.__kernel_sin) refers (Special) to usenofp.o(x$fpl$usenofp) for __I$use$fp
    sin_i.o(i.__kernel_sin) refers to fpclassify.o(i.__ARM_fpclassify) for __ARM_fpclassify
    sin_i.o(i.__kernel_sin) refers to dunder.o(i.__mathlib_dbl_underflow) for __mathlib_dbl_underflow
    sin_i.o(i.__kernel_sin) refers to dmul.o(x$fpl$dmul) for __aeabi_dmul
    sin_i.o(i.__kernel_sin) refers to poly.o(i.__kernel_poly) for __kernel_poly
    sin_i.o(i.__kernel_sin) refers to daddsub_clz.o(x$fpl$dsub) for __aeabi_dsub
    sin_i.o(i.__kernel_sin) refers to daddsub_clz.o(x$fpl$drsb) for __aeabi_drsub
    sin_i.o(i.__kernel_sin) refers to daddsub_clz.o(x$fpl$dadd) for __aeabi_dadd
    sin_i.o(i.__kernel_sin) refers to sin_i.o(.constdata) for .constdata
    sin_i.o(.constdata) refers (Special) to usenofp.o(x$fpl$usenofp) for __I$use$fp
    __rtentry2.o(.ARM.Collect$$rtentry$$00000008) refers to boardinit2.o(.text) for _platform_post_stackheap_init
    __rtentry2.o(.ARM.Collect$$rtentry$$0000000A) refers to libinit.o(.ARM.Collect$$libinit$$00000000) for __rt_lib_init
    __rtentry2.o(.ARM.Collect$$rtentry$$0000000B) refers to boardinit3.o(.text) for _platform_post_lib_init
    __rtentry2.o(.ARM.Collect$$rtentry$$0000000D) refers to main.o(.text.main) for main
    __rtentry2.o(.ARM.Collect$$rtentry$$0000000D) refers to exit.o(.text) for exit
    __rtentry2.o(.ARM.exidx) refers to __rtentry2.o(.ARM.Collect$$rtentry$$00000001) for .ARM.Collect$$rtentry$$00000001
    __rtentry2.o(.ARM.exidx) refers to __rtentry2.o(.ARM.Collect$$rtentry$$00000008) for .ARM.Collect$$rtentry$$00000008
    __rtentry2.o(.ARM.exidx) refers to __rtentry2.o(.ARM.Collect$$rtentry$$0000000A) for .ARM.Collect$$rtentry$$0000000A
    __rtentry2.o(.ARM.exidx) refers to __rtentry2.o(.ARM.Collect$$rtentry$$0000000B) for .ARM.Collect$$rtentry$$0000000B
    __rtentry2.o(.ARM.exidx) refers to __rtentry2.o(.ARM.Collect$$rtentry$$0000000D) for .ARM.Collect$$rtentry$$0000000D
    __rtentry4.o(.ARM.Collect$$rtentry$$00000004) refers to sys_stackheap_outer.o(.text) for __user_setup_stackheap
    __rtentry4.o(.ARM.exidx) refers to __rtentry4.o(.ARM.Collect$$rtentry$$00000004) for .ARM.Collect$$rtentry$$00000004
    rt_errno_addr.o(.text) refers to rt_errno_addr.o(.bss) for __aeabi_errno_addr_data
    rt_errno_addr_intlibspace.o(.text) refers to libspace.o(.bss) for __libspace_start
    fabs.o(i.__hardfp_fabs) refers (Special) to usenofp.o(x$fpl$usenofp) for __I$use$fp
    fabs.o(i.__softfp_fabs) refers (Special) to usenofp.o(x$fpl$usenofp) for __I$use$fp
    fabs.o(i.fabs) refers (Special) to usenofp.o(x$fpl$usenofp) for __I$use$fp
    fpclassify.o(i.__ARM_fpclassify) refers (Special) to usenofp.o(x$fpl$usenofp) for __I$use$fp
    poly.o(i.__kernel_poly) refers (Special) to usenofp.o(x$fpl$usenofp) for __I$use$fp
    poly.o(i.__kernel_poly) refers to dmul.o(x$fpl$dmul) for __aeabi_dmul
    poly.o(i.__kernel_poly) refers to daddsub_clz.o(x$fpl$dadd) for __aeabi_dadd
    libspace.o(.text) refers to libspace.o(.bss) for __libspace_start
    sys_stackheap_outer.o(.text) refers to libspace.o(.text) for __user_perproc_libspace
    sys_stackheap_outer.o(.text) refers to startup_stm32f429xx.o(.text) for __user_initial_stackheap
    exit.o(.text) refers to rtexit.o(.ARM.Collect$$rtexit$$00000000) for __rt_exit
    libinit.o(.ARM.Collect$$libinit$$00000000) refers (Special) to libinit2.o(.ARM.Collect$$libinit$$00000030) for __rt_lib_init_alloca_1
    libinit.o(.ARM.Collect$$libinit$$00000000) refers (Special) to libinit2.o(.ARM.Collect$$libinit$$0000002E) for __rt_lib_init_argv_1
    libinit.o(.ARM.Collect$$libinit$$00000000) refers (Special) to libinit2.o(.ARM.Collect$$libinit$$0000001D) for __rt_lib_init_atexit_1
    libinit.o(.ARM.Collect$$libinit$$00000000) refers (Special) to libinit2.o(.ARM.Collect$$libinit$$00000023) for __rt_lib_init_clock_1
    libinit.o(.ARM.Collect$$libinit$$00000000) refers (Special) to libinit2.o(.ARM.Collect$$libinit$$00000034) for __rt_lib_init_cpp_1
    libinit.o(.ARM.Collect$$libinit$$00000000) refers (Special) to libinit2.o(.ARM.Collect$$libinit$$00000032) for __rt_lib_init_exceptions_1
    libinit.o(.ARM.Collect$$libinit$$00000000) refers (Special) to libinit2.o(.ARM.Collect$$libinit$$00000001) for __rt_lib_init_fp_1
    libinit.o(.ARM.Collect$$libinit$$00000000) refers (Special) to libinit2.o(.ARM.Collect$$libinit$$00000021) for __rt_lib_init_fp_trap_1
    libinit.o(.ARM.Collect$$libinit$$00000000) refers (Special) to libinit2.o(.ARM.Collect$$libinit$$00000025) for __rt_lib_init_getenv_1
    libinit.o(.ARM.Collect$$libinit$$00000000) refers (Special) to libinit2.o(.ARM.Collect$$libinit$$0000000C) for __rt_lib_init_heap_1
    libinit.o(.ARM.Collect$$libinit$$00000000) refers (Special) to libinit2.o(.ARM.Collect$$libinit$$00000013) for __rt_lib_init_lc_collate_1
    libinit.o(.ARM.Collect$$libinit$$00000000) refers (Special) to libinit2.o(.ARM.Collect$$libinit$$00000015) for __rt_lib_init_lc_ctype_1
    libinit.o(.ARM.Collect$$libinit$$00000000) refers (Special) to libinit2.o(.ARM.Collect$$libinit$$00000017) for __rt_lib_init_lc_monetary_1
    libinit.o(.ARM.Collect$$libinit$$00000000) refers (Special) to libinit2.o(.ARM.Collect$$libinit$$00000019) for __rt_lib_init_lc_numeric_1
    libinit.o(.ARM.Collect$$libinit$$00000000) refers (Special) to libinit2.o(.ARM.Collect$$libinit$$0000001B) for __rt_lib_init_lc_time_1
    libinit.o(.ARM.Collect$$libinit$$00000000) refers (Special) to libinit2.o(.ARM.Collect$$libinit$$00000006) for __rt_lib_init_preinit_1
    libinit.o(.ARM.Collect$$libinit$$00000000) refers (Special) to libinit2.o(.ARM.Collect$$libinit$$00000010) for __rt_lib_init_rand_1
    libinit.o(.ARM.Collect$$libinit$$00000000) refers (Special) to libinit2.o(.ARM.Collect$$libinit$$00000004) for __rt_lib_init_relocate_pie_1
    libinit.o(.ARM.Collect$$libinit$$00000000) refers (Special) to libinit2.o(.ARM.Collect$$libinit$$00000035) for __rt_lib_init_return
    libinit.o(.ARM.Collect$$libinit$$00000000) refers (Special) to libinit2.o(.ARM.Collect$$libinit$$0000001F) for __rt_lib_init_signal_1
    libinit.o(.ARM.Collect$$libinit$$00000000) refers (Special) to libinit2.o(.ARM.Collect$$libinit$$00000027) for __rt_lib_init_stdio_1
    libinit.o(.ARM.Collect$$libinit$$00000000) refers (Special) to libinit2.o(.ARM.Collect$$libinit$$0000000E) for __rt_lib_init_user_alloc_1
    rtexit.o(.ARM.Collect$$rtexit$$00000000) refers (Special) to rtexit2.o(.ARM.Collect$$rtexit$$00000004) for __rt_exit_exit
    rtexit.o(.ARM.Collect$$rtexit$$00000000) refers (Special) to rtexit2.o(.ARM.Collect$$rtexit$$00000003) for __rt_exit_ls
    rtexit.o(.ARM.Collect$$rtexit$$00000000) refers (Special) to rtexit2.o(.ARM.Collect$$rtexit$$00000002) for __rt_exit_prels_1
    rtexit.o(.ARM.exidx) refers (Special) to rtexit2.o(.ARM.Collect$$rtexit$$00000004) for __rt_exit_exit
    rtexit.o(.ARM.exidx) refers (Special) to rtexit2.o(.ARM.Collect$$rtexit$$00000003) for __rt_exit_ls
    rtexit.o(.ARM.exidx) refers (Special) to rtexit2.o(.ARM.Collect$$rtexit$$00000002) for __rt_exit_prels_1
    rtexit.o(.ARM.exidx) refers to rtexit.o(.ARM.Collect$$rtexit$$00000000) for .ARM.Collect$$rtexit$$00000000
    libinit2.o(.ARM.Collect$$libinit$$00000001) refers to fpinit.o(x$fpl$fpinit) for _fp_init
    libinit2.o(.ARM.Collect$$libinit$$00000012) refers to libinit2.o(.ARM.Collect$$libinit$$00000011) for .ARM.Collect$$libinit$$00000011
    libinit2.o(.ARM.Collect$$libinit$$00000014) refers to libinit2.o(.ARM.Collect$$libinit$$00000011) for .ARM.Collect$$libinit$$00000011
    libinit2.o(.ARM.Collect$$libinit$$00000016) refers to libinit2.o(.ARM.Collect$$libinit$$00000011) for .ARM.Collect$$libinit$$00000011
    libinit2.o(.ARM.Collect$$libinit$$00000018) refers to libinit2.o(.ARM.Collect$$libinit$$00000011) for .ARM.Collect$$libinit$$00000011
    libinit2.o(.ARM.Collect$$libinit$$0000001A) refers to libinit2.o(.ARM.Collect$$libinit$$00000011) for .ARM.Collect$$libinit$$00000011
    libinit2.o(.ARM.Collect$$libinit$$00000028) refers to argv_veneer.o(.emb_text) for __ARM_argv_veneer
    libinit2.o(.ARM.Collect$$libinit$$00000029) refers to argv_veneer.o(.emb_text) for __ARM_argv_veneer
    rtexit2.o(.ARM.Collect$$rtexit$$00000003) refers to libshutdown.o(.ARM.Collect$$libshutdown$$00000000) for __rt_lib_shutdown
    rtexit2.o(.ARM.Collect$$rtexit$$00000004) refers to sys_exit.o(.text) for _sys_exit
    rtexit2.o(.ARM.exidx) refers to rtexit2.o(.ARM.Collect$$rtexit$$00000001) for .ARM.Collect$$rtexit$$00000001
    rtexit2.o(.ARM.exidx) refers to rtexit2.o(.ARM.Collect$$rtexit$$00000003) for .ARM.Collect$$rtexit$$00000003
    rtexit2.o(.ARM.exidx) refers to rtexit2.o(.ARM.Collect$$rtexit$$00000004) for .ARM.Collect$$rtexit$$00000004
    argv_veneer.o(.emb_text) refers to no_argv.o(.text) for __ARM_get_argv
    sys_exit.o(.text) refers (Special) to use_no_semi.o(.text) for __I$use$semihosting
    sys_exit.o(.text) refers (Special) to indicate_semi.o(.text) for __semihosting_library_function
    sys_exit_hlt.o(.text) refers (Special) to use_no_semi.o(.text) for __I$use$semihosting
    sys_exit_hlt.o(.text) refers (Special) to indicate_semi.o(.text) for __semihosting_library_function
    _get_argv_nomalloc.o(.text) refers (Special) to hrguard.o(.text) for __heap_region$guard
    _get_argv_nomalloc.o(.text) refers to defsig_rtmem_outer.o(.text) for __rt_SIGRTMEM
    _get_argv_nomalloc.o(.text) refers to sys_command.o(.text) for _sys_command_string
    libshutdown.o(.ARM.Collect$$libshutdown$$00000000) refers (Special) to libshutdown2.o(.ARM.Collect$$libshutdown$$00000002) for __rt_lib_shutdown_cpp_1
    libshutdown.o(.ARM.Collect$$libshutdown$$00000000) refers (Special) to libshutdown2.o(.ARM.Collect$$libshutdown$$00000007) for __rt_lib_shutdown_fp_trap_1
    libshutdown.o(.ARM.Collect$$libshutdown$$00000000) refers (Special) to libshutdown2.o(.ARM.Collect$$libshutdown$$0000000F) for __rt_lib_shutdown_heap_1
    libshutdown.o(.ARM.Collect$$libshutdown$$00000000) refers (Special) to libshutdown2.o(.ARM.Collect$$libshutdown$$00000010) for __rt_lib_shutdown_return
    libshutdown.o(.ARM.Collect$$libshutdown$$00000000) refers (Special) to libshutdown2.o(.ARM.Collect$$libshutdown$$0000000A) for __rt_lib_shutdown_signal_1
    libshutdown.o(.ARM.Collect$$libshutdown$$00000000) refers (Special) to libshutdown2.o(.ARM.Collect$$libshutdown$$00000004) for __rt_lib_shutdown_stdio_1
    libshutdown.o(.ARM.Collect$$libshutdown$$00000000) refers (Special) to libshutdown2.o(.ARM.Collect$$libshutdown$$0000000C) for __rt_lib_shutdown_user_alloc_1
    sys_command.o(.text) refers (Special) to use_no_semi.o(.text) for __I$use$semihosting
    sys_command.o(.text) refers (Special) to indicate_semi.o(.text) for __semihosting_library_function
    sys_command_hlt.o(.text) refers (Special) to use_no_semi.o(.text) for __I$use$semihosting
    sys_command_hlt.o(.text) refers (Special) to indicate_semi.o(.text) for __semihosting_library_function
    defsig_rtmem_outer.o(.text) refers to defsig_rtmem_inner.o(.text) for __rt_SIGRTMEM_inner
    defsig_rtmem_outer.o(.text) refers to defsig_exit.o(.text) for __sig_exit
    defsig_rtmem_formal.o(.text) refers to rt_raise.o(.text) for __rt_raise
    rt_raise.o(.text) refers to __raise.o(.text) for __raise
    rt_raise.o(.text) refers to sys_exit.o(.text) for _sys_exit
    defsig_exit.o(.text) refers to sys_exit.o(.text) for _sys_exit
    defsig_rtmem_inner.o(.text) refers to defsig_general.o(.text) for __default_signal_display
    __raise.o(.text) refers to defsig.o(CL$$defsig) for __default_signal_handler
    defsig_general.o(.text) refers to sys_wrch.o(.text) for _ttywrch
    sys_wrch.o(.text) refers (Special) to use_no_semi.o(.text) for __I$use$semihosting
    sys_wrch.o(.text) refers (Special) to indicate_semi.o(.text) for __semihosting_library_function
    sys_wrch_hlt.o(.text) refers (Special) to use_no_semi.o(.text) for __I$use$semihosting
    sys_wrch_hlt.o(.text) refers (Special) to indicate_semi.o(.text) for __semihosting_library_function
    defsig.o(CL$$defsig) refers to defsig_rtmem_inner.o(.text) for __rt_SIGRTMEM_inner
    defsig_abrt_inner.o(.text) refers to defsig_general.o(.text) for __default_signal_display
    defsig_fpe_inner.o(.text) refers to defsig_general.o(.text) for __default_signal_display
    defsig_rtred_inner.o(.text) refers to defsig_general.o(.text) for __default_signal_display
    defsig_stak_inner.o(.text) refers to defsig_general.o(.text) for __default_signal_display
    defsig_pvfn_inner.o(.text) refers to defsig_general.o(.text) for __default_signal_display
    defsig_cppl_inner.o(.text) refers to defsig_general.o(.text) for __default_signal_display
    defsig_segv_inner.o(.text) refers to defsig_general.o(.text) for __default_signal_display
    defsig_other.o(.text) refers to defsig_general.o(.text) for __default_signal_display


==============================================================================

Removing Unused input sections from the image.

    Removing switches.o(.text), (0 bytes).
    Removing switches.o(.ARM.exidx.text.BUTTON_INIT), (8 bytes).
    Removing switches.o(.text.SWITCH_BOUNCE_DELAY), (50 bytes).
    Removing switches.o(.ARM.exidx.text.SWITCH_BOUNCE_DELAY), (8 bytes).
    Removing switches.o(.text.wait_us), (50 bytes).
    Removing switches.o(.ARM.exidx.text.wait_us), (8 bytes).
    Removing switches.o(.text.Init_Timer3_500ms), (74 bytes).
    Removing switches.o(.ARM.exidx.text.Init_Timer3_500ms), (8 bytes).
    Removing switches.o(.text.TIM2_Init), (48 bytes).
    Removing switches.o(.ARM.exidx.text.TIM2_Init), (8 bytes).
    Removing switches.o(.text.Init_Timer3_2s), (46 bytes).
    Removing switches.o(.ARM.exidx.text.Init_Timer3_2s), (8 bytes).
    Removing switches.o(.text.BUTTON_PRESS), (82 bytes).
    Removing switches.o(.ARM.exidx.text.BUTTON_PRESS), (8 bytes).
    Removing switches.o(.text.INIT_EXTI13), (92 bytes).
    Removing switches.o(.ARM.exidx.text.INIT_EXTI13), (8 bytes).
    Removing switches.o(.ARM.exidx.text.EXTI15_10_IRQHandler), (8 bytes).
    Removing switches.o(.text.INIT_EXTI0), (82 bytes).
    Removing switches.o(.ARM.exidx.text.INIT_EXTI0), (8 bytes).
    Removing switches.o(.ARM.exidx.text.EXTI0_IRQHandler), (8 bytes).
    Removing switches.o(.text.INIT_EXTI1), (82 bytes).
    Removing switches.o(.ARM.exidx.text.INIT_EXTI1), (8 bytes).
    Removing switches.o(.ARM.exidx.text.EXTI1_IRQHandler), (8 bytes).
    Removing switches.o(.text.INIT_EXTI2), (84 bytes).
    Removing switches.o(.ARM.exidx.text.INIT_EXTI2), (8 bytes).
    Removing switches.o(.ARM.exidx.text.EXTI2_IRQHandler), (8 bytes).
    Removing switches.o(.text.INIT_EXTI3), (84 bytes).
    Removing switches.o(.ARM.exidx.text.INIT_EXTI3), (8 bytes).
    Removing switches.o(.ARM.exidx.text.EXTI3_IRQHandler), (8 bytes).
    Removing switches.o(.text.TIM13_Init_Interrupt), (66 bytes).
    Removing switches.o(.ARM.exidx.text.TIM13_Init_Interrupt), (8 bytes).
    Removing switches.o(.ARM.exidx.text.TIM8_UP_TIM13_IRQHandler), (8 bytes).
    Removing switches.o(.text.INIT_TIM12), (72 bytes).
    Removing switches.o(.ARM.exidx.text.INIT_TIM12), (8 bytes).
    Removing switches.o(.ARM.exidx.text.TIM8_BRK_TIM12_IRQHandler), (8 bytes).
    Removing lcd.o(.text), (0 bytes).
    Removing lcd.o(.text.lcd_delayus), (74 bytes).
    Removing lcd.o(.ARM.exidx.text.lcd_delayus), (8 bytes).
    Removing lcd.o(.text.WAIT_LCD_BUSY), (48 bytes).
    Removing lcd.o(.ARM.exidx.text.WAIT_LCD_BUSY), (8 bytes).
    Removing lcd.o(.text.set_LCD_data), (18 bytes).
    Removing lcd.o(.ARM.exidx.text.set_LCD_data), (8 bytes).
    Removing lcd.o(.text.LCD_Write_String), (22 bytes).
    Removing lcd.o(.ARM.exidx.text.LCD_Write_String), (8 bytes).
    Removing lcd.o(.text.LCD_strobe), (130 bytes).
    Removing lcd.o(.ARM.exidx.text.LCD_strobe), (8 bytes).
    Removing lcd.o(.text.cmdLCD), (194 bytes).
    Removing lcd.o(.ARM.exidx.text.cmdLCD), (8 bytes).
    Removing lcd.o(.text.putLCD), (198 bytes).
    Removing lcd.o(.ARM.exidx.text.putLCD), (8 bytes).
    Removing lcd.o(.text.putStrLCD), (212 bytes).
    Removing lcd.o(.ARM.exidx.text.putStrLCD), (8 bytes).
    Removing lcd.o(.text.INIT_LCD), (750 bytes).
    Removing lcd.o(.ARM.exidx.text.INIT_LCD), (8 bytes).
    Removing lcd.o(.text.INIT_TIM14), (72 bytes).
    Removing lcd.o(.ARM.exidx.text.INIT_TIM14), (8 bytes).
    Removing lcd.o(.ARM.exidx.text.TIM8_TRG_COM_TIM14_IRQHandler), (8 bytes).
    Removing dac.o(.text), (0 bytes).
    Removing dac.o(.text.INIT_DAC), (72 bytes).
    Removing dac.o(.ARM.exidx.text.INIT_DAC), (8 bytes).
    Removing dac.o(.text.DAC1_OUTPUT), (12 bytes).
    Removing dac.o(.ARM.exidx.text.DAC1_OUTPUT), (8 bytes).
    Removing dac.o(.text.DAC2_OUTPUT), (12 bytes).
    Removing dac.o(.ARM.exidx.text.DAC2_OUTPUT), (8 bytes).
    Removing dac.o(.text.generateSineWave), (192 bytes).
    Removing dac.o(.ARM.exidx.text.generateSineWave), (8 bytes).
    Removing dac.o(.text.generateTriangleWave), (92 bytes).
    Removing dac.o(.ARM.exidx.text.generateTriangleWave), (8 bytes).
    Removing dac.o(.text.generateComplexWave), (272 bytes).
    Removing dac.o(.ARM.exidx.text.generateComplexWave), (8 bytes).
    Removing dac.o(.text.INIT_TIM4), (72 bytes).
    Removing dac.o(.ARM.exidx.text.INIT_TIM4), (8 bytes).
    Removing dac.o(.ARM.exidx.text.TIM4_IRQHandler), (8 bytes).
    Removing dac.o(.text.INIT_TIM5), (70 bytes).
    Removing dac.o(.ARM.exidx.text.INIT_TIM5), (8 bytes).
    Removing dac.o(.ARM.exidx.text.TIM5_IRQHandler), (8 bytes).
    Removing dac.o(.text.INIT_TIM6), (68 bytes).
    Removing dac.o(.ARM.exidx.text.INIT_TIM6), (8 bytes).
    Removing dac.o(.text.INIT_TIM7), (70 bytes).
    Removing dac.o(.ARM.exidx.text.INIT_TIM7), (8 bytes).
    Removing dac.o(.ARM.exidx.text.TIM7_IRQHandler), (8 bytes).
    Removing buzzer.o(.text), (0 bytes).
    Removing buzzer.o(.ARM.exidx.text.INIT_BUZZ), (8 bytes).
    Removing buzzer.o(.text.INIT_TIM3), (66 bytes).
    Removing buzzer.o(.ARM.exidx.text.INIT_TIM3), (8 bytes).
    Removing buzzer.o(.text.TIM3_DELAY), (44 bytes).
    Removing buzzer.o(.ARM.exidx.text.TIM3_DELAY), (8 bytes).
    Removing buzzer.o(.ARM.exidx.text.TIM3_IRQHandler), (8 bytes).
    Removing buzzer.o(.text.NOTE_Fs), (94 bytes).
    Removing buzzer.o(.ARM.exidx.text.NOTE_Fs), (8 bytes).
    Removing buzzer.o(.text.TOGGLE_BUZZER), (18 bytes).
    Removing buzzer.o(.ARM.exidx.text.TOGGLE_BUZZER), (8 bytes).
    Removing buzzer.o(.text.NOTE_F), (94 bytes).
    Removing buzzer.o(.ARM.exidx.text.NOTE_F), (8 bytes).
    Removing buzzer.o(.text.START_BEEP), (76 bytes).
    Removing buzzer.o(.ARM.exidx.text.START_BEEP), (8 bytes).
    Removing buzzer.o(.text.END_BEEP), (76 bytes).
    Removing buzzer.o(.ARM.exidx.text.END_BEEP), (8 bytes).
    Removing buzzer.o(.text.HEART_RATE_BEEP), (180 bytes).
    Removing buzzer.o(.ARM.exidx.text.HEART_RATE_BEEP), (8 bytes).
    Removing buzzer.o(.text.OXG_LVL_BEEP), (172 bytes).
    Removing buzzer.o(.ARM.exidx.text.OXG_LVL_BEEP), (8 bytes).
    Removing buzzer.o(.text.TEMP_BEEP), (100 bytes).
    Removing buzzer.o(.ARM.exidx.text.TEMP_BEEP), (8 bytes).
    Removing buzzer.o(.text.HUMIDITY_BEEP), (116 bytes).
    Removing buzzer.o(.ARM.exidx.text.HUMIDITY_BEEP), (8 bytes).
    Removing buzzer.o(.text.MOVEMENT_BEEP), (172 bytes).
    Removing buzzer.o(.ARM.exidx.text.MOVEMENT_BEEP), (8 bytes).
    Removing buzzer.o(.text.AEOY), (700 bytes).
    Removing buzzer.o(.ARM.exidx.text.AEOY), (8 bytes).
    Removing spi.o(.text), (0 bytes).
    Removing spi.o(.text.CONFIG_GPIO_FOR_SPI), (146 bytes).
    Removing spi.o(.ARM.exidx.text.CONFIG_GPIO_FOR_SPI), (8 bytes).
    Removing spi.o(.text.TEMP_PRES_READER_INIT), (42 bytes).
    Removing spi.o(.ARM.exidx.text.TEMP_PRES_READER_INIT), (8 bytes).
    Removing spi.o(.text.INIT_SPI), (78 bytes).
    Removing spi.o(.ARM.exidx.text.INIT_SPI), (8 bytes).
    Removing spi.o(.text.SPI_ENABLE), (18 bytes).
    Removing spi.o(.ARM.exidx.text.SPI_ENABLE), (8 bytes).
    Removing spi.o(.text.SPI_DISABLE), (18 bytes).
    Removing spi.o(.ARM.exidx.text.SPI_DISABLE), (8 bytes).
    Removing spi.o(.text.CS_ENABLE), (16 bytes).
    Removing spi.o(.ARM.exidx.text.CS_ENABLE), (8 bytes).
    Removing spi.o(.text.CS_DISABLE), (14 bytes).
    Removing spi.o(.ARM.exidx.text.CS_DISABLE), (8 bytes).
    Removing spi.o(.text.SPI_TRANSMIT), (52 bytes).
    Removing spi.o(.ARM.exidx.text.SPI_TRANSMIT), (8 bytes).
    Removing spi.o(.text.SPI_RECEIVE), (50 bytes).
    Removing spi.o(.ARM.exidx.text.SPI_RECEIVE), (8 bytes).
    Removing spi.o(.text.ADXL_WRITE), (84 bytes).
    Removing spi.o(.ARM.exidx.text.ADXL_WRITE), (8 bytes).
    Removing spi.o(.text.ADXL_READ), (104 bytes).
    Removing spi.o(.ARM.exidx.text.ADXL_READ), (8 bytes).
    Removing spi.o(.text.ADXL_INIT), (196 bytes).
    Removing spi.o(.ARM.exidx.text.ADXL_INIT), (8 bytes).
    Removing spi.o(.data.data), (3 bytes).
    Removing spi.o(.bss.RxData), (6 bytes).
    Removing main.o(.text), (0 bytes).
    Removing main.o(.text.PLL_Config), (120 bytes).
    Removing main.o(.ARM.exidx.text.PLL_Config), (8 bytes).
    Removing main.o(.ARM.exidx.text.main), (8 bytes).
    Removing main.o(.bss.xg), (4 bytes).
    Removing main.o(.bss.yg), (4 bytes).
    Removing main.o(.bss.zg), (4 bytes).
    Removing main.o(.bss.x), (2 bytes).
    Removing main.o(.bss.y), (2 bytes).
    Removing main.o(.bss.z), (2 bytes).
    Removing main.o(.ARM.use_no_argv), (4 bytes).
    Removing adc.o(.text), (0 bytes).
    Removing adc.o(.ARM.exidx.text.init_adc), (8 bytes).
    Removing adc.o(.ARM.exidx.text.adc_trigger), (8 bytes).
    Removing adc.o(.ARM.exidx.text.convert_adc_result), (8 bytes).
    Removing adc.o(.text.store_adc_sample), (88 bytes).
    Removing adc.o(.ARM.exidx.text.store_adc_sample), (8 bytes).
    Removing adc.o(.text.get_rolling_average), (28 bytes).
    Removing adc.o(.ARM.exidx.text.get_rolling_average), (8 bytes).
    Removing adc.o(.bss.adc_average), (10 bytes).
    Removing adc.o(.bss.adc_sum), (4 bytes).
    Removing adc.o(.bss.buffer_index), (1 bytes).
    Removing usart.o(.text), (0 bytes).
    Removing usart.o(.ARM.exidx.text.init_usart), (8 bytes).
    Removing usart.o(.ARM.exidx.text.send_usart), (8 bytes).
    Removing delay.o(.text), (0 bytes).
    Removing delay.o(.ARM.exidx.text.ADC_IRQHandler), (8 bytes).
    Removing delay.o(.ARM.exidx.text.init_Timer6), (8 bytes).
    Removing delay.o(.ARM.exidx.text.TIM6_DAC_IRQHandler), (8 bytes).
    Removing delay.o(.data.state1), (1 bytes).
    Removing delay.o(.data.state2), (1 bytes).
    Removing system_stm32f4xx.o(.text), (0 bytes).
    Removing system_stm32f4xx.o(.ARM.exidx.text.SystemInit), (8 bytes).
    Removing system_stm32f4xx.o(.ARM.exidx.text.SystemCoreClockUpdate), (8 bytes).
    Removing system_stm32f4xx.o(.rodata.APBPrescTable), (8 bytes).

172 unused section(s) (total 7268 bytes) removed from the image.

==============================================================================

Image Symbol Table

    Local Symbols

    Symbol Name                              Value     Ov Type        Size  Object(Section)

    ../clib/angel/boardlib.s                 0x00000000   Number         0  boardinit1.o ABSOLUTE
    ../clib/angel/boardlib.s                 0x00000000   Number         0  boardinit2.o ABSOLUTE
    ../clib/angel/boardlib.s                 0x00000000   Number         0  boardinit3.o ABSOLUTE
    ../clib/angel/boardlib.s                 0x00000000   Number         0  boardshut.o ABSOLUTE
    ../clib/angel/handlers.s                 0x00000000   Number         0  __scatter_copy.o ABSOLUTE
    ../clib/angel/handlers.s                 0x00000000   Number         0  __scatter_zi.o ABSOLUTE
    ../clib/angel/kernel.s                   0x00000000   Number         0  __rtentry.o ABSOLUTE
    ../clib/angel/kernel.s                   0x00000000   Number         0  __rtentry2.o ABSOLUTE
    ../clib/angel/kernel.s                   0x00000000   Number         0  __rtentry4.o ABSOLUTE
    ../clib/angel/kernel.s                   0x00000000   Number         0  rtexit.o ABSOLUTE
    ../clib/angel/kernel.s                   0x00000000   Number         0  rtexit2.o ABSOLUTE
    ../clib/angel/rt.s                       0x00000000   Number         0  rt_errno_addr.o ABSOLUTE
    ../clib/angel/rt.s                       0x00000000   Number         0  rt_errno_addr_intlibspace.o ABSOLUTE
    ../clib/angel/rt.s                       0x00000000   Number         0  rt_raise.o ABSOLUTE
    ../clib/angel/scatter.s                  0x00000000   Number         0  __scatter.o ABSOLUTE
    ../clib/angel/startup.s                  0x00000000   Number         0  __main.o ABSOLUTE
    ../clib/angel/sys.s                      0x00000000   Number         0  libspace.o ABSOLUTE
    ../clib/angel/sys.s                      0x00000000   Number         0  sys_stackheap_outer.o ABSOLUTE
    ../clib/angel/sys.s                      0x00000000   Number         0  use_no_semi.o ABSOLUTE
    ../clib/angel/sys.s                      0x00000000   Number         0  indicate_semi.o ABSOLUTE
    ../clib/angel/sysapp.c                   0x00000000   Number         0  sys_exit.o ABSOLUTE
    ../clib/angel/sysapp.c                   0x00000000   Number         0  sys_exit_hlt.o ABSOLUTE
    ../clib/angel/sysapp.c                   0x00000000   Number         0  sys_command.o ABSOLUTE
    ../clib/angel/sysapp.c                   0x00000000   Number         0  sys_command_hlt.o ABSOLUTE
    ../clib/angel/sysapp.c                   0x00000000   Number         0  sys_wrch.o ABSOLUTE
    ../clib/angel/sysapp.c                   0x00000000   Number         0  sys_wrch_hlt.o ABSOLUTE
    ../clib/armsys.c                         0x00000000   Number         0  argv_veneer.o ABSOLUTE
    ../clib/armsys.c                         0x00000000   Number         0  argv_veneer.o ABSOLUTE
    ../clib/armsys.c                         0x00000000   Number         0  _get_argv_nomalloc.o ABSOLUTE
    ../clib/armsys.c                         0x00000000   Number         0  no_argv.o ABSOLUTE
    ../clib/fenv.c                           0x00000000   Number         0  _rserrno.o ABSOLUTE
    ../clib/heapalloc.c                      0x00000000   Number         0  hrguard.o ABSOLUTE
    ../clib/heapaux.c                        0x00000000   Number         0  heapauxi.o ABSOLUTE
    ../clib/libinit.s                        0x00000000   Number         0  libinit.o ABSOLUTE
    ../clib/libinit.s                        0x00000000   Number         0  libinit2.o ABSOLUTE
    ../clib/libinit.s                        0x00000000   Number         0  libshutdown.o ABSOLUTE
    ../clib/libinit.s                        0x00000000   Number         0  libshutdown2.o ABSOLUTE
    ../clib/signal.c                         0x00000000   Number         0  defsig_rtmem_outer.o ABSOLUTE
    ../clib/signal.c                         0x00000000   Number         0  defsig_rtmem_formal.o ABSOLUTE
    ../clib/signal.c                         0x00000000   Number         0  defsig_exit.o ABSOLUTE
    ../clib/signal.c                         0x00000000   Number         0  defsig_rtmem_inner.o ABSOLUTE
    ../clib/signal.c                         0x00000000   Number         0  __raise.o ABSOLUTE
    ../clib/signal.c                         0x00000000   Number         0  defsig_general.o ABSOLUTE
    ../clib/signal.c                         0x00000000   Number         0  defsig_abrt_inner.o ABSOLUTE
    ../clib/signal.c                         0x00000000   Number         0  defsig_fpe_inner.o ABSOLUTE
    ../clib/signal.c                         0x00000000   Number         0  defsig_rtred_inner.o ABSOLUTE
    ../clib/signal.c                         0x00000000   Number         0  defsig_stak_inner.o ABSOLUTE
    ../clib/signal.c                         0x00000000   Number         0  defsig_pvfn_inner.o ABSOLUTE
    ../clib/signal.c                         0x00000000   Number         0  defsig_cppl_inner.o ABSOLUTE
    ../clib/signal.c                         0x00000000   Number         0  defsig_segv_inner.o ABSOLUTE
    ../clib/signal.c                         0x00000000   Number         0  defsig_other.o ABSOLUTE
    ../clib/signal.s                         0x00000000   Number         0  defsig.o ABSOLUTE
    ../clib/stdlib.c                         0x00000000   Number         0  exit.o ABSOLUTE
    ../fplib/basic.s                         0x00000000   Number         0  basic.o ABSOLUTE
    ../fplib/daddsub.s                       0x00000000   Number         0  daddsub_clz.o ABSOLUTE
    ../fplib/ddiv.s                          0x00000000   Number         0  ddiv.o ABSOLUTE
    ../fplib/dfix.s                          0x00000000   Number         0  dfix.o ABSOLUTE
    ../fplib/dfixu.s                         0x00000000   Number         0  dfixu.o ABSOLUTE
    ../fplib/dflt.s                          0x00000000   Number         0  dflt_clz.o ABSOLUTE
    ../fplib/dmul.s                          0x00000000   Number         0  dmul.o ABSOLUTE
    ../fplib/dnaninf.s                       0x00000000   Number         0  dnaninf.o ABSOLUTE
    ../fplib/dretinf.s                       0x00000000   Number         0  dretinf.o ABSOLUTE
    ../fplib/fpinit.s                        0x00000000   Number         0  fpinit.o ABSOLUTE
    ../fplib/usenofp.s                       0x00000000   Number         0  usenofp.o ABSOLUTE
    ../mathlib/cos_i.c                       0x00000000   Number         0  cos_i.o ABSOLUTE
    ../mathlib/dunder.c                      0x00000000   Number         0  dunder.o ABSOLUTE
    ../mathlib/fabs.c                        0x00000000   Number         0  fabs.o ABSOLUTE
    ../mathlib/fpclassify.c                  0x00000000   Number         0  fpclassify.o ABSOLUTE
    ../mathlib/poly.c                        0x00000000   Number         0  poly.o ABSOLUTE
    ../mathlib/rred.c                        0x00000000   Number         0  rred.o ABSOLUTE
    ../mathlib/sin.c                         0x00000000   Number         0  sin.o ABSOLUTE
    ../mathlib/sin_i.c                       0x00000000   Number         0  sin_i.o ABSOLUTE
    ADC.c                                    0x00000000   Number         0  adc.o ABSOLUTE
    Buzzer.c                                 0x00000000   Number         0  buzzer.o ABSOLUTE
    DAC.c                                    0x00000000   Number         0  dac.o ABSOLUTE
    Delay.c                                  0x00000000   Number         0  delay.o ABSOLUTE
    LCD.c                                    0x00000000   Number         0  lcd.o ABSOLUTE
    Main.c                                   0x00000000   Number         0  main.o ABSOLUTE
    RTE/Device/STM32F429ZITx/startup_stm32f429xx.s 0x00000000   Number         0  startup_stm32f429xx.o ABSOLUTE
    SPI.c                                    0x00000000   Number         0  spi.o ABSOLUTE
    Switches.c                               0x00000000   Number         0  switches.o ABSOLUTE
    Usart.c                                  0x00000000   Number         0  usart.o ABSOLUTE
    dc.s                                     0x00000000   Number         0  dc.o ABSOLUTE
    system_stm32f4xx.c                       0x00000000   Number         0  system_stm32f4xx.o ABSOLUTE
    RESET                                    0x08000000   Section      428  startup_stm32f429xx.o(RESET)
    !!!main                                  0x080001ac   Section        8  __main.o(!!!main)
    !!!scatter                               0x080001b4   Section       92  __scatter.o(!!!scatter)
    !!handler_copy                           0x08000210   Section       26  __scatter_copy.o(!!handler_copy)
    !!handler_null                           0x0800022c   Section        2  __scatter.o(!!handler_null)
    !!handler_zi                             0x08000230   Section       28  __scatter_zi.o(!!handler_zi)
    .ARM.Collect$$libinit$$00000000          0x0800024c   Section        2  libinit.o(.ARM.Collect$$libinit$$00000000)
    .ARM.Collect$$libinit$$00000001          0x0800024e   Section        4  libinit2.o(.ARM.Collect$$libinit$$00000001)
    .ARM.Collect$$libinit$$00000004          0x08000252   Section        0  libinit2.o(.ARM.Collect$$libinit$$00000004)
    .ARM.Collect$$libinit$$00000006          0x08000252   Section        0  libinit2.o(.ARM.Collect$$libinit$$00000006)
    .ARM.Collect$$libinit$$0000000C          0x08000252   Section        0  libinit2.o(.ARM.Collect$$libinit$$0000000C)
    .ARM.Collect$$libinit$$0000000E          0x08000252   Section        0  libinit2.o(.ARM.Collect$$libinit$$0000000E)
    .ARM.Collect$$libinit$$00000010          0x08000252   Section        0  libinit2.o(.ARM.Collect$$libinit$$00000010)
    .ARM.Collect$$libinit$$00000013          0x08000252   Section        0  libinit2.o(.ARM.Collect$$libinit$$00000013)
    .ARM.Collect$$libinit$$00000015          0x08000252   Section        0  libinit2.o(.ARM.Collect$$libinit$$00000015)
    .ARM.Collect$$libinit$$00000017          0x08000252   Section        0  libinit2.o(.ARM.Collect$$libinit$$00000017)
    .ARM.Collect$$libinit$$00000019          0x08000252   Section        0  libinit2.o(.ARM.Collect$$libinit$$00000019)
    .ARM.Collect$$libinit$$0000001B          0x08000252   Section        0  libinit2.o(.ARM.Collect$$libinit$$0000001B)
    .ARM.Collect$$libinit$$0000001D          0x08000252   Section        0  libinit2.o(.ARM.Collect$$libinit$$0000001D)
    .ARM.Collect$$libinit$$0000001F          0x08000252   Section        0  libinit2.o(.ARM.Collect$$libinit$$0000001F)
    .ARM.Collect$$libinit$$00000021          0x08000252   Section        0  libinit2.o(.ARM.Collect$$libinit$$00000021)
    .ARM.Collect$$libinit$$00000023          0x08000252   Section        0  libinit2.o(.ARM.Collect$$libinit$$00000023)
    .ARM.Collect$$libinit$$00000025          0x08000252   Section        0  libinit2.o(.ARM.Collect$$libinit$$00000025)
    .ARM.Collect$$libinit$$00000027          0x08000252   Section        0  libinit2.o(.ARM.Collect$$libinit$$00000027)
    .ARM.Collect$$libinit$$0000002E          0x08000252   Section        0  libinit2.o(.ARM.Collect$$libinit$$0000002E)
    .ARM.Collect$$libinit$$00000030          0x08000252   Section        0  libinit2.o(.ARM.Collect$$libinit$$00000030)
    .ARM.Collect$$libinit$$00000032          0x08000252   Section        0  libinit2.o(.ARM.Collect$$libinit$$00000032)
    .ARM.Collect$$libinit$$00000034          0x08000252   Section        0  libinit2.o(.ARM.Collect$$libinit$$00000034)
    .ARM.Collect$$libinit$$00000035          0x08000252   Section        2  libinit2.o(.ARM.Collect$$libinit$$00000035)
    .ARM.Collect$$libshutdown$$00000000      0x08000254   Section        2  libshutdown.o(.ARM.Collect$$libshutdown$$00000000)
    .ARM.Collect$$libshutdown$$00000002      0x08000256   Section        0  libshutdown2.o(.ARM.Collect$$libshutdown$$00000002)
    .ARM.Collect$$libshutdown$$00000004      0x08000256   Section        0  libshutdown2.o(.ARM.Collect$$libshutdown$$00000004)
    .ARM.Collect$$libshutdown$$00000007      0x08000256   Section        0  libshutdown2.o(.ARM.Collect$$libshutdown$$00000007)
    .ARM.Collect$$libshutdown$$0000000A      0x08000256   Section        0  libshutdown2.o(.ARM.Collect$$libshutdown$$0000000A)
    .ARM.Collect$$libshutdown$$0000000C      0x08000256   Section        0  libshutdown2.o(.ARM.Collect$$libshutdown$$0000000C)
    .ARM.Collect$$libshutdown$$0000000F      0x08000256   Section        0  libshutdown2.o(.ARM.Collect$$libshutdown$$0000000F)
    .ARM.Collect$$libshutdown$$00000010      0x08000256   Section        2  libshutdown2.o(.ARM.Collect$$libshutdown$$00000010)
    .ARM.Collect$$rtentry$$00000000          0x08000258   Section        0  __rtentry.o(.ARM.Collect$$rtentry$$00000000)
    .ARM.Collect$$rtentry$$00000002          0x08000258   Section        0  __rtentry2.o(.ARM.Collect$$rtentry$$00000002)
    .ARM.Collect$$rtentry$$00000004          0x08000258   Section        6  __rtentry4.o(.ARM.Collect$$rtentry$$00000004)
    .ARM.Collect$$rtentry$$00000009          0x0800025e   Section        0  __rtentry2.o(.ARM.Collect$$rtentry$$00000009)
    .ARM.Collect$$rtentry$$0000000A          0x0800025e   Section        4  __rtentry2.o(.ARM.Collect$$rtentry$$0000000A)
    .ARM.Collect$$rtentry$$0000000C          0x08000262   Section        0  __rtentry2.o(.ARM.Collect$$rtentry$$0000000C)
    .ARM.Collect$$rtentry$$0000000D          0x08000262   Section        8  __rtentry2.o(.ARM.Collect$$rtentry$$0000000D)
    .ARM.Collect$$rtexit$$00000000           0x0800026a   Section        2  rtexit.o(.ARM.Collect$$rtexit$$00000000)
    .ARM.Collect$$rtexit$$00000002           0x0800026c   Section        0  rtexit2.o(.ARM.Collect$$rtexit$$00000002)
    .ARM.Collect$$rtexit$$00000003           0x0800026c   Section        4  rtexit2.o(.ARM.Collect$$rtexit$$00000003)
    .ARM.Collect$$rtexit$$00000004           0x08000270   Section        6  rtexit2.o(.ARM.Collect$$rtexit$$00000004)
    $v0                                      0x08000278   Number         0  startup_stm32f429xx.o(.text)
    .text                                    0x08000278   Section       64  startup_stm32f429xx.o(.text)
    .text                                    0x080002b8   Section        0  heapauxi.o(.text)
    .text                                    0x080002c0   Section        8  libspace.o(.text)
    .text                                    0x080002c8   Section       74  sys_stackheap_outer.o(.text)
    .text                                    0x08000312   Section        0  exit.o(.text)
    .text                                    0x08000324   Section        0  sys_exit.o(.text)
    .text                                    0x08000330   Section        2  use_no_semi.o(.text)
    .text                                    0x08000332   Section        0  indicate_semi.o(.text)
    [Anonymous Symbol]                       0x08000338   Section        0  delay.o(.text.ADC_IRQHandler)
    [Anonymous Symbol]                       0x08000528   Section        0  switches.o(.text.BUTTON_INIT)
    [Anonymous Symbol]                       0x080006bc   Section        0  switches.o(.text.EXTI0_IRQHandler)
    [Anonymous Symbol]                       0x08000724   Section        0  switches.o(.text.EXTI15_10_IRQHandler)
    [Anonymous Symbol]                       0x080007e4   Section        0  switches.o(.text.EXTI1_IRQHandler)
    [Anonymous Symbol]                       0x0800084c   Section        0  switches.o(.text.EXTI2_IRQHandler)
    [Anonymous Symbol]                       0x080008b4   Section        0  switches.o(.text.EXTI3_IRQHandler)
    [Anonymous Symbol]                       0x0800091c   Section        0  buzzer.o(.text.INIT_BUZZ)
    [Anonymous Symbol]                       0x08000960   Section        0  system_stm32f4xx.o(.text.SystemCoreClockUpdate)
    [Anonymous Symbol]                       0x080009e8   Section        0  system_stm32f4xx.o(.text.SystemInit)
    [Anonymous Symbol]                       0x080009fc   Section        0  buzzer.o(.text.TIM3_IRQHandler)
    [Anonymous Symbol]                       0x08000a24   Section        0  dac.o(.text.TIM4_IRQHandler)
    [Anonymous Symbol]                       0x08000a68   Section        0  dac.o(.text.TIM5_IRQHandler)
    [Anonymous Symbol]                       0x08000af8   Section        0  delay.o(.text.TIM6_DAC_IRQHandler)
    [Anonymous Symbol]                       0x08000b18   Section        0  dac.o(.text.TIM7_IRQHandler)
    [Anonymous Symbol]                       0x08000b6c   Section        0  switches.o(.text.TIM8_BRK_TIM12_IRQHandler)
    [Anonymous Symbol]                       0x08000b94   Section        0  lcd.o(.text.TIM8_TRG_COM_TIM14_IRQHandler)
    [Anonymous Symbol]                       0x08000d30   Section        0  switches.o(.text.TIM8_UP_TIM13_IRQHandler)
    [Anonymous Symbol]                       0x08000d58   Section        0  adc.o(.text.adc_trigger)
    [Anonymous Symbol]                       0x08000d6c   Section        0  adc.o(.text.convert_adc_result)
    [Anonymous Symbol]                       0x08000e10   Section        0  delay.o(.text.init_Timer6)
    [Anonymous Symbol]                       0x08000e60   Section        0  adc.o(.text.init_adc)
    [Anonymous Symbol]                       0x08000edc   Section        0  usart.o(.text.init_usart)
    [Anonymous Symbol]                       0x08000f5c   Section        0  main.o(.text.main)
    [Anonymous Symbol]                       0x0800104c   Section        0  usart.o(.text.send_usart)
    $v0                                      0x08001060   Number         0  dfixu.o(x$fpl$dfixu)
    x$fpl$dfixu                              0x08001060   Section       90  dfixu.o(x$fpl$dfixu)
    $v0                                      0x080010ba   Number         0  dflt_clz.o(x$fpl$dfltu)
    x$fpl$dfltu                              0x080010ba   Section       38  dflt_clz.o(x$fpl$dfltu)
    $v0                                      0x080010e0   Number         0  dmul.o(x$fpl$dmul)
    x$fpl$dmul                               0x080010e0   Section      340  dmul.o(x$fpl$dmul)
    $v0                                      0x08001234   Number         0  dnaninf.o(x$fpl$dnaninf)
    x$fpl$dnaninf                            0x08001234   Section      156  dnaninf.o(x$fpl$dnaninf)
    $v0                                      0x080012d0   Number         0  dretinf.o(x$fpl$dretinf)
    x$fpl$dretinf                            0x080012d0   Section       12  dretinf.o(x$fpl$dretinf)
    $v0                                      0x080012dc   Number         0  fpinit.o(x$fpl$fpinit)
    x$fpl$fpinit                             0x080012dc   Section       26  fpinit.o(x$fpl$fpinit)
    x$fpl$usenofp                            0x080012f6   Section        0  usenofp.o(x$fpl$usenofp)
    .bss                                     0x20000018   Section       96  libspace.o(.bss)
    Heap_Mem                                 0x200003d0   Data         512  startup_stm32f429xx.o(HEAP)
    HEAP                                     0x200003d0   Section      512  startup_stm32f429xx.o(HEAP)
    Stack_Mem                                0x200005d0   Data        1024  startup_stm32f429xx.o(STACK)
    STACK                                    0x200005d0   Section     1024  startup_stm32f429xx.o(STACK)
    __initial_sp                             0x200009d0   Data           0  startup_stm32f429xx.o(STACK)

    Global Symbols

    Symbol Name                              Value     Ov Type        Size  Object(Section)

    BuildAttributes$$THM_ISAv4$E$P$D$K$B$S$7EM$VFPi3$EXTD16$VFPS$VFMA$PE$A:L22UL41UL21$X:L11$S22US41US21$IEEE1$IW$~IW$USESV6$~STKCKD$USESV7$~SHL$OTIME$ROPI$IEEEX$EBA8$UX$STANDARDLIB$REQ8$PRES8$EABIv2 0x00000000   Number         0  anon$$obj.o ABSOLUTE
    __ARM_exceptions_init                     - Undefined Weak Reference
    __alloca_initialize                       - Undefined Weak Reference
    __arm_preinit_                            - Undefined Weak Reference
    __arm_relocate_pie_                       - Undefined Weak Reference
    __cpp_initialize__aeabi_                  - Undefined Weak Reference
    __cxa_finalize                            - Undefined Weak Reference
    __rt_locale                               - Undefined Weak Reference
    __sigvec_lookup                           - Undefined Weak Reference
    _atexit_init                              - Undefined Weak Reference
    _call_atexit_fns                          - Undefined Weak Reference
    _clock_init                               - Undefined Weak Reference
    _fp_trap_init                             - Undefined Weak Reference
    _fp_trap_shutdown                         - Undefined Weak Reference
    _get_lc_collate                           - Undefined Weak Reference
    _get_lc_ctype                             - Undefined Weak Reference
    _get_lc_monetary                          - Undefined Weak Reference
    _get_lc_numeric                           - Undefined Weak Reference
    _get_lc_time                              - Undefined Weak Reference
    _getenv_init                              - Undefined Weak Reference
    _handle_redirection                       - Undefined Weak Reference
    _init_alloc                               - Undefined Weak Reference
    _init_user_alloc                          - Undefined Weak Reference
    _initio                                   - Undefined Weak Reference
    _rand_init                                - Undefined Weak Reference
    _signal_finish                            - Undefined Weak Reference
    _signal_init                              - Undefined Weak Reference
    _terminate_alloc                          - Undefined Weak Reference
    _terminate_user_alloc                     - Undefined Weak Reference
    _terminateio                              - Undefined Weak Reference
    __Vectors_Size                           0x000001ac   Number         0  startup_stm32f429xx.o ABSOLUTE
    __Vectors                                0x08000000   Data           4  startup_stm32f429xx.o(RESET)
    __Vectors_End                            0x080001ac   Data           0  startup_stm32f429xx.o(RESET)
    __main                                   0x080001ad   Thumb Code     8  __main.o(!!!main)
    __scatterload                            0x080001b5   Thumb Code     0  __scatter.o(!!!scatter)
    __scatterload_rt2                        0x080001b5   Thumb Code    84  __scatter.o(!!!scatter)
    __scatterload_rt2_thumb_only             0x080001b5   Thumb Code     0  __scatter.o(!!!scatter)
    __scatterload_loop                       0x080001bf   Thumb Code     0  __scatter.o(!!!scatter)
    __scatterload_copy                       0x08000211   Thumb Code    26  __scatter_copy.o(!!handler_copy)
    __scatterload_null                       0x0800022d   Thumb Code     2  __scatter.o(!!handler_null)
    __scatterload_zeroinit                   0x08000231   Thumb Code    28  __scatter_zi.o(!!handler_zi)
    __rt_lib_init                            0x0800024d   Thumb Code     0  libinit.o(.ARM.Collect$$libinit$$00000000)
    __rt_lib_init_fp_1                       0x0800024f   Thumb Code     0  libinit2.o(.ARM.Collect$$libinit$$00000001)
    __rt_lib_init_alloca_1                   0x08000253   Thumb Code     0  libinit2.o(.ARM.Collect$$libinit$$00000030)
    __rt_lib_init_argv_1                     0x08000253   Thumb Code     0  libinit2.o(.ARM.Collect$$libinit$$0000002E)
    __rt_lib_init_atexit_1                   0x08000253   Thumb Code     0  libinit2.o(.ARM.Collect$$libinit$$0000001D)
    __rt_lib_init_clock_1                    0x08000253   Thumb Code     0  libinit2.o(.ARM.Collect$$libinit$$00000023)
    __rt_lib_init_cpp_1                      0x08000253   Thumb Code     0  libinit2.o(.ARM.Collect$$libinit$$00000034)
    __rt_lib_init_exceptions_1               0x08000253   Thumb Code     0  libinit2.o(.ARM.Collect$$libinit$$00000032)
    __rt_lib_init_fp_trap_1                  0x08000253   Thumb Code     0  libinit2.o(.ARM.Collect$$libinit$$00000021)
    __rt_lib_init_getenv_1                   0x08000253   Thumb Code     0  libinit2.o(.ARM.Collect$$libinit$$00000025)
    __rt_lib_init_heap_1                     0x08000253   Thumb Code     0  libinit2.o(.ARM.Collect$$libinit$$0000000C)
    __rt_lib_init_lc_collate_1               0x08000253   Thumb Code     0  libinit2.o(.ARM.Collect$$libinit$$00000013)
    __rt_lib_init_lc_ctype_1                 0x08000253   Thumb Code     0  libinit2.o(.ARM.Collect$$libinit$$00000015)
    __rt_lib_init_lc_monetary_1              0x08000253   Thumb Code     0  libinit2.o(.ARM.Collect$$libinit$$00000017)
    __rt_lib_init_lc_numeric_1               0x08000253   Thumb Code     0  libinit2.o(.ARM.Collect$$libinit$$00000019)
    __rt_lib_init_lc_time_1                  0x08000253   Thumb Code     0  libinit2.o(.ARM.Collect$$libinit$$0000001B)
    __rt_lib_init_preinit_1                  0x08000253   Thumb Code     0  libinit2.o(.ARM.Collect$$libinit$$00000006)
    __rt_lib_init_rand_1                     0x08000253   Thumb Code     0  libinit2.o(.ARM.Collect$$libinit$$00000010)
    __rt_lib_init_relocate_pie_1             0x08000253   Thumb Code     0  libinit2.o(.ARM.Collect$$libinit$$00000004)
    __rt_lib_init_return                     0x08000253   Thumb Code     0  libinit2.o(.ARM.Collect$$libinit$$00000035)
    __rt_lib_init_signal_1                   0x08000253   Thumb Code     0  libinit2.o(.ARM.Collect$$libinit$$0000001F)
    __rt_lib_init_stdio_1                    0x08000253   Thumb Code     0  libinit2.o(.ARM.Collect$$libinit$$00000027)
    __rt_lib_init_user_alloc_1               0x08000253   Thumb Code     0  libinit2.o(.ARM.Collect$$libinit$$0000000E)
    __rt_lib_shutdown                        0x08000255   Thumb Code     0  libshutdown.o(.ARM.Collect$$libshutdown$$00000000)
    __rt_lib_shutdown_cpp_1                  0x08000257   Thumb Code     0  libshutdown2.o(.ARM.Collect$$libshutdown$$00000002)
    __rt_lib_shutdown_fp_trap_1              0x08000257   Thumb Code     0  libshutdown2.o(.ARM.Collect$$libshutdown$$00000007)
    __rt_lib_shutdown_heap_1                 0x08000257   Thumb Code     0  libshutdown2.o(.ARM.Collect$$libshutdown$$0000000F)
    __rt_lib_shutdown_return                 0x08000257   Thumb Code     0  libshutdown2.o(.ARM.Collect$$libshutdown$$00000010)
    __rt_lib_shutdown_signal_1               0x08000257   Thumb Code     0  libshutdown2.o(.ARM.Collect$$libshutdown$$0000000A)
    __rt_lib_shutdown_stdio_1                0x08000257   Thumb Code     0  libshutdown2.o(.ARM.Collect$$libshutdown$$00000004)
    __rt_lib_shutdown_user_alloc_1           0x08000257   Thumb Code     0  libshutdown2.o(.ARM.Collect$$libshutdown$$0000000C)
    __rt_entry                               0x08000259   Thumb Code     0  __rtentry.o(.ARM.Collect$$rtentry$$00000000)
    __rt_entry_presh_1                       0x08000259   Thumb Code     0  __rtentry2.o(.ARM.Collect$$rtentry$$00000002)
    __rt_entry_sh                            0x08000259   Thumb Code     0  __rtentry4.o(.ARM.Collect$$rtentry$$00000004)
    __rt_entry_li                            0x0800025f   Thumb Code     0  __rtentry2.o(.ARM.Collect$$rtentry$$0000000A)
    __rt_entry_postsh_1                      0x0800025f   Thumb Code     0  __rtentry2.o(.ARM.Collect$$rtentry$$00000009)
    __rt_entry_main                          0x08000263   Thumb Code     0  __rtentry2.o(.ARM.Collect$$rtentry$$0000000D)
    __rt_entry_postli_1                      0x08000263   Thumb Code     0  __rtentry2.o(.ARM.Collect$$rtentry$$0000000C)
    __rt_exit                                0x0800026b   Thumb Code     0  rtexit.o(.ARM.Collect$$rtexit$$00000000)
    __rt_exit_ls                             0x0800026d   Thumb Code     0  rtexit2.o(.ARM.Collect$$rtexit$$00000003)
    __rt_exit_prels_1                        0x0800026d   Thumb Code     0  rtexit2.o(.ARM.Collect$$rtexit$$00000002)
    __rt_exit_exit                           0x08000271   Thumb Code     0  rtexit2.o(.ARM.Collect$$rtexit$$00000004)
    Reset_Handler                            0x08000279   Thumb Code     8  startup_stm32f429xx.o(.text)
    NMI_Handler                              0x08000281   Thumb Code     2  startup_stm32f429xx.o(.text)
    HardFault_Handler                        0x08000283   Thumb Code     2  startup_stm32f429xx.o(.text)
    MemManage_Handler                        0x08000285   Thumb Code     2  startup_stm32f429xx.o(.text)
    BusFault_Handler                         0x08000287   Thumb Code     2  startup_stm32f429xx.o(.text)
    UsageFault_Handler                       0x08000289   Thumb Code     2  startup_stm32f429xx.o(.text)
    SVC_Handler                              0x0800028b   Thumb Code     2  startup_stm32f429xx.o(.text)
    DebugMon_Handler                         0x0800028d   Thumb Code     2  startup_stm32f429xx.o(.text)
    PendSV_Handler                           0x0800028f   Thumb Code     2  startup_stm32f429xx.o(.text)
    SysTick_Handler                          0x08000291   Thumb Code     2  startup_stm32f429xx.o(.text)
    CAN1_RX0_IRQHandler                      0x08000293   Thumb Code     0  startup_stm32f429xx.o(.text)
    CAN1_RX1_IRQHandler                      0x08000293   Thumb Code     0  startup_stm32f429xx.o(.text)
    CAN1_SCE_IRQHandler                      0x08000293   Thumb Code     0  startup_stm32f429xx.o(.text)
    CAN1_TX_IRQHandler                       0x08000293   Thumb Code     0  startup_stm32f429xx.o(.text)
    CAN2_RX0_IRQHandler                      0x08000293   Thumb Code     0  startup_stm32f429xx.o(.text)
    CAN2_RX1_IRQHandler                      0x08000293   Thumb Code     0  startup_stm32f429xx.o(.text)
    CAN2_SCE_IRQHandler                      0x08000293   Thumb Code     0  startup_stm32f429xx.o(.text)
    CAN2_TX_IRQHandler                       0x08000293   Thumb Code     0  startup_stm32f429xx.o(.text)
    DCMI_IRQHandler                          0x08000293   Thumb Code     0  startup_stm32f429xx.o(.text)
    DMA1_Stream0_IRQHandler                  0x08000293   Thumb Code     0  startup_stm32f429xx.o(.text)
    DMA1_Stream1_IRQHandler                  0x08000293   Thumb Code     0  startup_stm32f429xx.o(.text)
    DMA1_Stream2_IRQHandler                  0x08000293   Thumb Code     0  startup_stm32f429xx.o(.text)
    DMA1_Stream3_IRQHandler                  0x08000293   Thumb Code     0  startup_stm32f429xx.o(.text)
    DMA1_Stream4_IRQHandler                  0x08000293   Thumb Code     0  startup_stm32f429xx.o(.text)
    DMA1_Stream5_IRQHandler                  0x08000293   Thumb Code     0  startup_stm32f429xx.o(.text)
    DMA1_Stream6_IRQHandler                  0x08000293   Thumb Code     0  startup_stm32f429xx.o(.text)
    DMA1_Stream7_IRQHandler                  0x08000293   Thumb Code     0  startup_stm32f429xx.o(.text)
    DMA2D_IRQHandler                         0x08000293   Thumb Code     0  startup_stm32f429xx.o(.text)
    DMA2_Stream0_IRQHandler                  0x08000293   Thumb Code     0  startup_stm32f429xx.o(.text)
    DMA2_Stream1_IRQHandler                  0x08000293   Thumb Code     0  startup_stm32f429xx.o(.text)
    DMA2_Stream2_IRQHandler                  0x08000293   Thumb Code     0  startup_stm32f429xx.o(.text)
    DMA2_Stream3_IRQHandler                  0x08000293   Thumb Code     0  startup_stm32f429xx.o(.text)
    DMA2_Stream4_IRQHandler                  0x08000293   Thumb Code     0  startup_stm32f429xx.o(.text)
    DMA2_Stream5_IRQHandler                  0x08000293   Thumb Code     0  startup_stm32f429xx.o(.text)
    DMA2_Stream6_IRQHandler                  0x08000293   Thumb Code     0  startup_stm32f429xx.o(.text)
    DMA2_Stream7_IRQHandler                  0x08000293   Thumb Code     0  startup_stm32f429xx.o(.text)
    ETH_IRQHandler                           0x08000293   Thumb Code     0  startup_stm32f429xx.o(.text)
    ETH_WKUP_IRQHandler                      0x08000293   Thumb Code     0  startup_stm32f429xx.o(.text)
    EXTI4_IRQHandler                         0x08000293   Thumb Code     0  startup_stm32f429xx.o(.text)
    EXTI9_5_IRQHandler                       0x08000293   Thumb Code     0  startup_stm32f429xx.o(.text)
    FLASH_IRQHandler                         0x08000293   Thumb Code     0  startup_stm32f429xx.o(.text)
    FMC_IRQHandler                           0x08000293   Thumb Code     0  startup_stm32f429xx.o(.text)
    FPU_IRQHandler                           0x08000293   Thumb Code     0  startup_stm32f429xx.o(.text)
    HASH_RNG_IRQHandler                      0x08000293   Thumb Code     0  startup_stm32f429xx.o(.text)
    I2C1_ER_IRQHandler                       0x08000293   Thumb Code     0  startup_stm32f429xx.o(.text)
    I2C1_EV_IRQHandler                       0x08000293   Thumb Code     0  startup_stm32f429xx.o(.text)
    I2C2_ER_IRQHandler                       0x08000293   Thumb Code     0  startup_stm32f429xx.o(.text)
    I2C2_EV_IRQHandler                       0x08000293   Thumb Code     0  startup_stm32f429xx.o(.text)
    I2C3_ER_IRQHandler                       0x08000293   Thumb Code     0  startup_stm32f429xx.o(.text)
    I2C3_EV_IRQHandler                       0x08000293   Thumb Code     0  startup_stm32f429xx.o(.text)
    LTDC_ER_IRQHandler                       0x08000293   Thumb Code     0  startup_stm32f429xx.o(.text)
    LTDC_IRQHandler                          0x08000293   Thumb Code     0  startup_stm32f429xx.o(.text)
    OTG_FS_IRQHandler                        0x08000293   Thumb Code     0  startup_stm32f429xx.o(.text)
    OTG_FS_WKUP_IRQHandler                   0x08000293   Thumb Code     0  startup_stm32f429xx.o(.text)
    OTG_HS_EP1_IN_IRQHandler                 0x08000293   Thumb Code     0  startup_stm32f429xx.o(.text)
    OTG_HS_EP1_OUT_IRQHandler                0x08000293   Thumb Code     0  startup_stm32f429xx.o(.text)
    OTG_HS_IRQHandler                        0x08000293   Thumb Code     0  startup_stm32f429xx.o(.text)
    OTG_HS_WKUP_IRQHandler                   0x08000293   Thumb Code     0  startup_stm32f429xx.o(.text)
    PVD_IRQHandler                           0x08000293   Thumb Code     0  startup_stm32f429xx.o(.text)
    RCC_IRQHandler                           0x08000293   Thumb Code     0  startup_stm32f429xx.o(.text)
    RTC_Alarm_IRQHandler                     0x08000293   Thumb Code     0  startup_stm32f429xx.o(.text)
    RTC_WKUP_IRQHandler                      0x08000293   Thumb Code     0  startup_stm32f429xx.o(.text)
    SAI1_IRQHandler                          0x08000293   Thumb Code     0  startup_stm32f429xx.o(.text)
    SDIO_IRQHandler                          0x08000293   Thumb Code     0  startup_stm32f429xx.o(.text)
    SPI1_IRQHandler                          0x08000293   Thumb Code     0  startup_stm32f429xx.o(.text)
    SPI2_IRQHandler                          0x08000293   Thumb Code     0  startup_stm32f429xx.o(.text)
    SPI3_IRQHandler                          0x08000293   Thumb Code     0  startup_stm32f429xx.o(.text)
    SPI4_IRQHandler                          0x08000293   Thumb Code     0  startup_stm32f429xx.o(.text)
    SPI5_IRQHandler                          0x08000293   Thumb Code     0  startup_stm32f429xx.o(.text)
    SPI6_IRQHandler                          0x08000293   Thumb Code     0  startup_stm32f429xx.o(.text)
    TAMP_STAMP_IRQHandler                    0x08000293   Thumb Code     0  startup_stm32f429xx.o(.text)
    TIM1_BRK_TIM9_IRQHandler                 0x08000293   Thumb Code     0  startup_stm32f429xx.o(.text)
    TIM1_CC_IRQHandler                       0x08000293   Thumb Code     0  startup_stm32f429xx.o(.text)
    TIM1_TRG_COM_TIM11_IRQHandler            0x08000293   Thumb Code     0  startup_stm32f429xx.o(.text)
    TIM1_UP_TIM10_IRQHandler                 0x08000293   Thumb Code     0  startup_stm32f429xx.o(.text)
    TIM2_IRQHandler                          0x08000293   Thumb Code     0  startup_stm32f429xx.o(.text)
    TIM8_CC_IRQHandler                       0x08000293   Thumb Code     0  startup_stm32f429xx.o(.text)
    UART4_IRQHandler                         0x08000293   Thumb Code     0  startup_stm32f429xx.o(.text)
    UART5_IRQHandler                         0x08000293   Thumb Code     0  startup_stm32f429xx.o(.text)
    UART7_IRQHandler                         0x08000293   Thumb Code     0  startup_stm32f429xx.o(.text)
    UART8_IRQHandler                         0x08000293   Thumb Code     0  startup_stm32f429xx.o(.text)
    USART1_IRQHandler                        0x08000293   Thumb Code     0  startup_stm32f429xx.o(.text)
    USART2_IRQHandler                        0x08000293   Thumb Code     0  startup_stm32f429xx.o(.text)
    USART3_IRQHandler                        0x08000293   Thumb Code     0  startup_stm32f429xx.o(.text)
    USART6_IRQHandler                        0x08000293   Thumb Code     0  startup_stm32f429xx.o(.text)
    WWDG_IRQHandler                          0x08000293   Thumb Code     0  startup_stm32f429xx.o(.text)
    __user_initial_stackheap                 0x08000295   Thumb Code     0  startup_stm32f429xx.o(.text)
    __use_two_region_memory                  0x080002b9   Thumb Code     2  heapauxi.o(.text)
    __rt_heap_escrow$2region                 0x080002bb   Thumb Code     2  heapauxi.o(.text)
    __rt_heap_expand$2region                 0x080002bd   Thumb Code     2  heapauxi.o(.text)
    __user_libspace                          0x080002c1   Thumb Code     8  libspace.o(.text)
    __user_perproc_libspace                  0x080002c1   Thumb Code     0  libspace.o(.text)
    __user_perthread_libspace                0x080002c1   Thumb Code     0  libspace.o(.text)
    __user_setup_stackheap                   0x080002c9   Thumb Code    74  sys_stackheap_outer.o(.text)
    exit                                     0x08000313   Thumb Code    18  exit.o(.text)
    _sys_exit                                0x08000325   Thumb Code     8  sys_exit.o(.text)
    __I$use$semihosting                      0x08000331   Thumb Code     0  use_no_semi.o(.text)
    __use_no_semihosting_swi                 0x08000331   Thumb Code     2  use_no_semi.o(.text)
    __semihosting_library_function           0x08000333   Thumb Code     0  indicate_semi.o(.text)
    ADC_IRQHandler                           0x08000339   Thumb Code   480  delay.o(.text.ADC_IRQHandler)
    BUTTON_INIT                              0x08000529   Thumb Code   402  switches.o(.text.BUTTON_INIT)
    EXTI0_IRQHandler                         0x080006bd   Thumb Code   102  switches.o(.text.EXTI0_IRQHandler)
    EXTI15_10_IRQHandler                     0x08000725   Thumb Code   192  switches.o(.text.EXTI15_10_IRQHandler)
    EXTI1_IRQHandler                         0x080007e5   Thumb Code   102  switches.o(.text.EXTI1_IRQHandler)
    EXTI2_IRQHandler                         0x0800084d   Thumb Code   102  switches.o(.text.EXTI2_IRQHandler)
    EXTI3_IRQHandler                         0x080008b5   Thumb Code   102  switches.o(.text.EXTI3_IRQHandler)
    INIT_BUZZ                                0x0800091d   Thumb Code    66  buzzer.o(.text.INIT_BUZZ)
    SystemCoreClockUpdate                    0x08000961   Thumb Code   134  system_stm32f4xx.o(.text.SystemCoreClockUpdate)
    SystemInit                               0x080009e9   Thumb Code    18  system_stm32f4xx.o(.text.SystemInit)
    TIM3_IRQHandler                          0x080009fd   Thumb Code    38  buzzer.o(.text.TIM3_IRQHandler)
    TIM4_IRQHandler                          0x08000a25   Thumb Code    68  dac.o(.text.TIM4_IRQHandler)
    TIM5_IRQHandler                          0x08000a69   Thumb Code   142  dac.o(.text.TIM5_IRQHandler)
    TIM6_DAC_IRQHandler                      0x08000af9   Thumb Code    32  delay.o(.text.TIM6_DAC_IRQHandler)
    TIM7_IRQHandler                          0x08000b19   Thumb Code    84  dac.o(.text.TIM7_IRQHandler)
    TIM8_BRK_TIM12_IRQHandler                0x08000b6d   Thumb Code    38  switches.o(.text.TIM8_BRK_TIM12_IRQHandler)
    TIM8_TRG_COM_TIM14_IRQHandler            0x08000b95   Thumb Code   396  lcd.o(.text.TIM8_TRG_COM_TIM14_IRQHandler)
    TIM8_UP_TIM13_IRQHandler                 0x08000d31   Thumb Code    38  switches.o(.text.TIM8_UP_TIM13_IRQHandler)
    adc_trigger                              0x08000d59   Thumb Code    18  adc.o(.text.adc_trigger)
    convert_adc_result                       0x08000d6d   Thumb Code   164  adc.o(.text.convert_adc_result)
    init_Timer6                              0x08000e11   Thumb Code    78  delay.o(.text.init_Timer6)
    init_adc                                 0x08000e61   Thumb Code   124  adc.o(.text.init_adc)
    init_usart                               0x08000edd   Thumb Code   128  usart.o(.text.init_usart)
    main                                     0x08000f5d   Thumb Code   240  main.o(.text.main)
    send_usart                               0x0800104d   Thumb Code    18  usart.o(.text.send_usart)
    __aeabi_d2uiz                            0x08001061   Thumb Code     0  dfixu.o(x$fpl$dfixu)
    _dfixu                                   0x08001061   Thumb Code    90  dfixu.o(x$fpl$dfixu)
    __aeabi_ui2d                             0x080010bb   Thumb Code     0  dflt_clz.o(x$fpl$dfltu)
    _dfltu                                   0x080010bb   Thumb Code    38  dflt_clz.o(x$fpl$dfltu)
    __aeabi_dmul                             0x080010e1   Thumb Code     0  dmul.o(x$fpl$dmul)
    _dmul                                    0x080010e1   Thumb Code   332  dmul.o(x$fpl$dmul)
    __fpl_dnaninf                            0x08001235   Thumb Code   156  dnaninf.o(x$fpl$dnaninf)
    __fpl_dretinf                            0x080012d1   Thumb Code    12  dretinf.o(x$fpl$dretinf)
    _fp_init                                 0x080012dd   Thumb Code    26  fpinit.o(x$fpl$fpinit)
    __fplib_config_fpu_vfp                   0x080012f5   Thumb Code     0  fpinit.o(x$fpl$fpinit)
    __fplib_config_pureend_doubles           0x080012f5   Thumb Code     0  fpinit.o(x$fpl$fpinit)
    AHBPrescTable                            0x080012f6   Data          16  system_stm32f4xx.o(.rodata.AHBPrescTable)
    __I$use$fp                               0x080012f6   Number         0  usenofp.o(x$fpl$usenofp)
    Region$$Table$$Base                      0x08001308   Number         0  anon$$obj.o(Region$$Table)
    Region$$Table$$Limit                     0x08001328   Number         0  anon$$obj.o(Region$$Table)
    SystemCoreClock                          0x20000000   Data           4  system_stm32f4xx.o(.data.SystemCoreClock)
    adc_string_PULSE                         0x20000004   Data           8  adc.o(.data.adc_string_PULSE)
    squareWave                               0x2000000c   Data           4  dac.o(.data.squareWave)
    state                                    0x20000010   Data           4  delay.o(.data.state)
    __libspace_start                         0x20000018   Data          96  libspace.o(.bss)
    BPM                                      0x20000078   Data           2  delay.o(.bss.BPM)
    __temporary_stack_top$libspace           0x20000078   Data           0  libspace.o(.bss)
    adc_result_current                       0x2000007a   Data           2  adc.o(.bss.adc_result_current)
    count                                    0x2000007c   Data           4  delay.o(.bss.count)
    duration                                 0x20000080   Data           4  delay.o(.bss.duration)
    hold_value                               0x20000084   Data           1  switches.o(.bss.hold_value)
    long_press_detected                      0x20000085   Data           1  switches.o(.bss.long_press_detected)
    lowerThreshold                           0x20000088   Data           4  delay.o(.bss.lowerThreshold)
    maxVal                                   0x2000008c   Data           4  delay.o(.bss.maxVal)
    press_start_time                         0x20000090   Data           4  switches.o(.bss.press_start_time)
    sine_index                               0x20000094   Data           4  dac.o(.bss.sine_index)
    sine_wave                                0x20000098   Data         400  dac.o(.bss.sine_wave)
    square_index                             0x20000228   Data           4  dac.o(.bss.square_index)
    start_time                               0x2000022c   Data           4  delay.o(.bss.start_time)
    timer_flag                               0x20000230   Data           1  buzzer.o(.bss.timer_flag)
    timer_flag2                              0x20000231   Data           1  switches.o(.bss.timer_flag2)
    triangleWave                             0x20000234   Data         400  dac.o(.bss.triangleWave)
    triangle_index                           0x200003c4   Data           4  dac.o(.bss.triangle_index)
    upperThreshold                           0x200003c8   Data           4  delay.o(.bss.upperThreshold)
    voltage_mv1                              0x200003cc   Data           4  delay.o(.bss.voltage_mv1)



==============================================================================

Memory Map of the image

  Image Entry point : 0x08000279

  Load Region LR_1 (Base: 0x08000000, Size: 0x0000133c, Max: 0xffffffff, ABSOLUTE)

    Execution Region ER_RO (Exec base: 0x08000000, Load base: 0x08000000, Size: 0x00001328, Max: 0xffffffff, ABSOLUTE)

    Exec Addr    Load Addr    Size         Type   Attr      Idx    E Section Name        Object

    0x08000000   0x08000000   0x000001ac   Data   RO          278    RESET               startup_stm32f429xx.o
    0x080001ac   0x080001ac   0x00000008   Code   RO          304  * !!!main             c_w.l(__main.o)
    0x080001b4   0x080001b4   0x0000005c   Code   RO          550    !!!scatter          c_w.l(__scatter.o)
    0x08000210   0x08000210   0x0000001a   Code   RO          554    !!handler_copy      c_w.l(__scatter_copy.o)
    0x0800022a   0x0800022a   0x00000002   PAD
    0x0800022c   0x0800022c   0x00000002   Code   RO          551    !!handler_null      c_w.l(__scatter.o)
    0x0800022e   0x0800022e   0x00000002   PAD
    0x08000230   0x08000230   0x0000001c   Code   RO          556    !!handler_zi        c_w.l(__scatter_zi.o)
    0x0800024c   0x0800024c   0x00000002   Code   RO          415    .ARM.Collect$$libinit$$00000000  c_w.l(libinit.o)
    0x0800024e   0x0800024e   0x00000004   Code   RO          418    .ARM.Collect$$libinit$$00000001  c_w.l(libinit2.o)
    0x08000252   0x08000252   0x00000000   Code   RO          421    .ARM.Collect$$libinit$$00000004  c_w.l(libinit2.o)
    0x08000252   0x08000252   0x00000000   Code   RO          423    .ARM.Collect$$libinit$$00000006  c_w.l(libinit2.o)
    0x08000252   0x08000252   0x00000000   Code   RO          426    .ARM.Collect$$libinit$$0000000C  c_w.l(libinit2.o)
    0x08000252   0x08000252   0x00000000   Code   RO          428    .ARM.Collect$$libinit$$0000000E  c_w.l(libinit2.o)
    0x08000252   0x08000252   0x00000000   Code   RO          430    .ARM.Collect$$libinit$$00000010  c_w.l(libinit2.o)
    0x08000252   0x08000252   0x00000000   Code   RO          433    .ARM.Collect$$libinit$$00000013  c_w.l(libinit2.o)
    0x08000252   0x08000252   0x00000000   Code   RO          435    .ARM.Collect$$libinit$$00000015  c_w.l(libinit2.o)
    0x08000252   0x08000252   0x00000000   Code   RO          437    .ARM.Collect$$libinit$$00000017  c_w.l(libinit2.o)
    0x08000252   0x08000252   0x00000000   Code   RO          439    .ARM.Collect$$libinit$$00000019  c_w.l(libinit2.o)
    0x08000252   0x08000252   0x00000000   Code   RO          441    .ARM.Collect$$libinit$$0000001B  c_w.l(libinit2.o)
    0x08000252   0x08000252   0x00000000   Code   RO          443    .ARM.Collect$$libinit$$0000001D  c_w.l(libinit2.o)
    0x08000252   0x08000252   0x00000000   Code   RO          445    .ARM.Collect$$libinit$$0000001F  c_w.l(libinit2.o)
    0x08000252   0x08000252   0x00000000   Code   RO          447    .ARM.Collect$$libinit$$00000021  c_w.l(libinit2.o)
    0x08000252   0x08000252   0x00000000   Code   RO          449    .ARM.Collect$$libinit$$00000023  c_w.l(libinit2.o)
    0x08000252   0x08000252   0x00000000   Code   RO          451    .ARM.Collect$$libinit$$00000025  c_w.l(libinit2.o)
    0x08000252   0x08000252   0x00000000   Code   RO          453    .ARM.Collect$$libinit$$00000027  c_w.l(libinit2.o)
    0x08000252   0x08000252   0x00000000   Code   RO          457    .ARM.Collect$$libinit$$0000002E  c_w.l(libinit2.o)
    0x08000252   0x08000252   0x00000000   Code   RO          459    .ARM.Collect$$libinit$$00000030  c_w.l(libinit2.o)
    0x08000252   0x08000252   0x00000000   Code   RO          461    .ARM.Collect$$libinit$$00000032  c_w.l(libinit2.o)
    0x08000252   0x08000252   0x00000000   Code   RO          463    .ARM.Collect$$libinit$$00000034  c_w.l(libinit2.o)
    0x08000252   0x08000252   0x00000002   Code   RO          464    .ARM.Collect$$libinit$$00000035  c_w.l(libinit2.o)
    0x08000254   0x08000254   0x00000002   Code   RO          486    .ARM.Collect$$libshutdown$$00000000  c_w.l(libshutdown.o)
    0x08000256   0x08000256   0x00000000   Code   RO          501    .ARM.Collect$$libshutdown$$00000002  c_w.l(libshutdown2.o)
    0x08000256   0x08000256   0x00000000   Code   RO          503    .ARM.Collect$$libshutdown$$00000004  c_w.l(libshutdown2.o)
    0x08000256   0x08000256   0x00000000   Code   RO          506    .ARM.Collect$$libshutdown$$00000007  c_w.l(libshutdown2.o)
    0x08000256   0x08000256   0x00000000   Code   RO          509    .ARM.Collect$$libshutdown$$0000000A  c_w.l(libshutdown2.o)
    0x08000256   0x08000256   0x00000000   Code   RO          511    .ARM.Collect$$libshutdown$$0000000C  c_w.l(libshutdown2.o)
    0x08000256   0x08000256   0x00000000   Code   RO          514    .ARM.Collect$$libshutdown$$0000000F  c_w.l(libshutdown2.o)
    0x08000256   0x08000256   0x00000002   Code   RO          515    .ARM.Collect$$libshutdown$$00000010  c_w.l(libshutdown2.o)
    0x08000258   0x08000258   0x00000000   Code   RO          338    .ARM.Collect$$rtentry$$00000000  c_w.l(__rtentry.o)
    0x08000258   0x08000258   0x00000000   Code   RO          374    .ARM.Collect$$rtentry$$00000002  c_w.l(__rtentry2.o)
    0x08000258   0x08000258   0x00000006   Code   RO          386    .ARM.Collect$$rtentry$$00000004  c_w.l(__rtentry4.o)
    0x0800025e   0x0800025e   0x00000000   Code   RO          376    .ARM.Collect$$rtentry$$00000009  c_w.l(__rtentry2.o)
    0x0800025e   0x0800025e   0x00000004   Code   RO          377    .ARM.Collect$$rtentry$$0000000A  c_w.l(__rtentry2.o)
    0x08000262   0x08000262   0x00000000   Code   RO          379    .ARM.Collect$$rtentry$$0000000C  c_w.l(__rtentry2.o)
    0x08000262   0x08000262   0x00000008   Code   RO          380    .ARM.Collect$$rtentry$$0000000D  c_w.l(__rtentry2.o)
    0x0800026a   0x0800026a   0x00000002   Code   RO          416    .ARM.Collect$$rtexit$$00000000  c_w.l(rtexit.o)
    0x0800026c   0x0800026c   0x00000000   Code   RO          466    .ARM.Collect$$rtexit$$00000002  c_w.l(rtexit2.o)
    0x0800026c   0x0800026c   0x00000004   Code   RO          467    .ARM.Collect$$rtexit$$00000003  c_w.l(rtexit2.o)
    0x08000270   0x08000270   0x00000006   Code   RO          468    .ARM.Collect$$rtexit$$00000004  c_w.l(rtexit2.o)
    0x08000276   0x08000276   0x00000002   PAD
    0x08000278   0x08000278   0x00000040   Code   RO          279  * .text               startup_stm32f429xx.o
    0x080002b8   0x080002b8   0x00000006   Code   RO          302    .text               c_w.l(heapauxi.o)
    0x080002be   0x080002be   0x00000002   PAD
    0x080002c0   0x080002c0   0x00000008   Code   RO          403    .text               c_w.l(libspace.o)
    0x080002c8   0x080002c8   0x0000004a   Code   RO          406    .text               c_w.l(sys_stackheap_outer.o)
    0x08000312   0x08000312   0x00000012   Code   RO          408    .text               c_w.l(exit.o)
    0x08000324   0x08000324   0x0000000c   Code   RO          476    .text               c_w.l(sys_exit.o)
    0x08000330   0x08000330   0x00000002   Code   RO          491    .text               c_w.l(use_no_semi.o)
    0x08000332   0x08000332   0x00000000   Code   RO          493    .text               c_w.l(indicate_semi.o)
    0x08000332   0x08000332   0x00000006   PAD
    0x08000338   0x08000338   0x000001f0   Code   RO          252    .text.ADC_IRQHandler  delay.o
    0x08000528   0x08000528   0x00000192   Code   RO            2    .text.BUTTON_INIT   switches.o
    0x080006ba   0x080006ba   0x00000002   PAD
    0x080006bc   0x080006bc   0x00000066   Code   RO           22    .text.EXTI0_IRQHandler  switches.o
    0x08000722   0x08000722   0x00000002   PAD
    0x08000724   0x08000724   0x000000c0   Code   RO           18    .text.EXTI15_10_IRQHandler  switches.o
    0x080007e4   0x080007e4   0x00000066   Code   RO           26    .text.EXTI1_IRQHandler  switches.o
    0x0800084a   0x0800084a   0x00000002   PAD
    0x0800084c   0x0800084c   0x00000066   Code   RO           30    .text.EXTI2_IRQHandler  switches.o
    0x080008b2   0x080008b2   0x00000002   PAD
    0x080008b4   0x080008b4   0x00000066   Code   RO           34    .text.EXTI3_IRQHandler  switches.o
    0x0800091a   0x0800091a   0x00000002   PAD
    0x0800091c   0x0800091c   0x00000042   Code   RO          126    .text.INIT_BUZZ     buzzer.o
    0x0800095e   0x0800095e   0x00000002   PAD
    0x08000960   0x08000960   0x00000086   Code   RO          288    .text.SystemCoreClockUpdate  system_stm32f4xx.o
    0x080009e6   0x080009e6   0x00000002   PAD
    0x080009e8   0x080009e8   0x00000012   Code   RO          286    .text.SystemInit    system_stm32f4xx.o
    0x080009fa   0x080009fa   0x00000002   PAD
    0x080009fc   0x080009fc   0x00000026   Code   RO          132    .text.TIM3_IRQHandler  buzzer.o
    0x08000a22   0x08000a22   0x00000002   PAD
    0x08000a24   0x08000a24   0x00000044   Code   RO          100    .text.TIM4_IRQHandler  dac.o
    0x08000a68   0x08000a68   0x0000008e   Code   RO          104    .text.TIM5_IRQHandler  dac.o
    0x08000af6   0x08000af6   0x00000002   PAD
    0x08000af8   0x08000af8   0x00000020   Code   RO          256    .text.TIM6_DAC_IRQHandler  delay.o
    0x08000b18   0x08000b18   0x00000054   Code   RO          110    .text.TIM7_IRQHandler  dac.o
    0x08000b6c   0x08000b6c   0x00000026   Code   RO           42    .text.TIM8_BRK_TIM12_IRQHandler  switches.o
    0x08000b92   0x08000b92   0x00000002   PAD
    0x08000b94   0x08000b94   0x0000019c   Code   RO           76    .text.TIM8_TRG_COM_TIM14_IRQHandler  lcd.o
    0x08000d30   0x08000d30   0x00000026   Code   RO           38    .text.TIM8_UP_TIM13_IRQHandler  switches.o
    0x08000d56   0x08000d56   0x00000002   PAD
    0x08000d58   0x08000d58   0x00000012   Code   RO          220    .text.adc_trigger   adc.o
    0x08000d6a   0x08000d6a   0x00000002   PAD
    0x08000d6c   0x08000d6c   0x000000a4   Code   RO          222    .text.convert_adc_result  adc.o
    0x08000e10   0x08000e10   0x0000004e   Code   RO          254    .text.init_Timer6   delay.o
    0x08000e5e   0x08000e5e   0x00000002   PAD
    0x08000e60   0x08000e60   0x0000007c   Code   RO          218    .text.init_adc      adc.o
    0x08000edc   0x08000edc   0x00000080   Code   RO          241    .text.init_usart    usart.o
    0x08000f5c   0x08000f5c   0x000000f0   Code   RO          201    .text.main          main.o
    0x0800104c   0x0800104c   0x00000012   Code   RO          243    .text.send_usart    usart.o
    0x0800105e   0x0800105e   0x00000002   PAD
    0x08001060   0x08001060   0x0000005a   Code   RO          320    x$fpl$dfixu         fz_wm.l(dfixu.o)
    0x080010ba   0x080010ba   0x00000026   Code   RO          324    x$fpl$dfltu         fz_wm.l(dflt_clz.o)
    0x080010e0   0x080010e0   0x00000154   Code   RO          330    x$fpl$dmul          fz_wm.l(dmul.o)
    0x08001234   0x08001234   0x0000009c   Code   RO          343    x$fpl$dnaninf       fz_wm.l(dnaninf.o)
    0x080012d0   0x080012d0   0x0000000c   Code   RO          345    x$fpl$dretinf       fz_wm.l(dretinf.o)
    0x080012dc   0x080012dc   0x0000001a   Code   RO          474    x$fpl$fpinit        fz_wm.l(fpinit.o)
    0x080012f6   0x080012f6   0x00000000   Code   RO          347    x$fpl$usenofp       fz_wm.l(usenofp.o)
    0x080012f6   0x080012f6   0x00000010   Data   RO          291    .rodata.AHBPrescTable  system_stm32f4xx.o
    0x08001306   0x08001306   0x00000002   PAD
    0x08001308   0x08001308   0x00000020   Data   RO          549    Region$$Table       anon$$obj.o


    Execution Region ER_RW (Exec base: 0x20000000, Load base: 0x08001328, Size: 0x00000014, Max: 0xffffffff, ABSOLUTE)

    Exec Addr    Load Addr    Size         Type   Attr      Idx    E Section Name        Object

    0x20000000   0x08001328   0x00000004   Data   RW          290    .data.SystemCoreClock  system_stm32f4xx.o
    0x20000004   0x0800132c   0x00000008   Data   RW          229    .data.adc_string_PULSE  adc.o
    0x2000000c   0x08001334   0x00000004   Data   RW          114    .data.squareWave    dac.o
    0x20000010   0x08001338   0x00000004   Data   RW          261    .data.state         delay.o


    Execution Region ER_ZI (Exec base: 0x20000018, Load base: 0x0800133c, Size: 0x000009b8, Max: 0xffffffff, ABSOLUTE)

    Exec Addr    Load Addr    Size         Type   Attr      Idx    E Section Name        Object

    0x20000018        -       0x00000060   Zero   RW          404    .bss                c_w.l(libspace.o)
    0x20000078        -       0x00000002   Zero   RW          268    .bss.BPM            delay.o
    0x2000007a        -       0x00000002   Zero   RW          228    .bss.adc_result_current  adc.o
    0x2000007c        -       0x00000004   Zero   RW          262    .bss.count          delay.o
    0x20000080        -       0x00000004   Zero   RW          267    .bss.duration       delay.o
    0x20000084        -       0x00000001   Zero   RW           44    .bss.hold_value     switches.o
    0x20000085        -       0x00000001   Zero   RW           47    .bss.long_press_detected  switches.o
    0x20000086   0x0800133c   0x00000002   PAD
    0x20000088        -       0x00000004   Zero   RW          265    .bss.lowerThreshold  delay.o
    0x2000008c        -       0x00000004   Zero   RW          258    .bss.maxVal         delay.o
    0x20000090        -       0x00000004   Zero   RW           46    .bss.press_start_time  switches.o
    0x20000094        -       0x00000004   Zero   RW          113    .bss.sine_index     dac.o
    0x20000098        -       0x00000190   Zero   RW          116    .bss.sine_wave      dac.o
    0x20000228        -       0x00000004   Zero   RW          115    .bss.square_index   dac.o
    0x2000022c        -       0x00000004   Zero   RW          266    .bss.start_time     delay.o
    0x20000230        -       0x00000001   Zero   RW          156    .bss.timer_flag     buzzer.o
    0x20000231        -       0x00000001   Zero   RW           45    .bss.timer_flag2    switches.o
    0x20000232   0x0800133c   0x00000002   PAD
    0x20000234        -       0x00000190   Zero   RW          117    .bss.triangleWave   dac.o
    0x200003c4        -       0x00000004   Zero   RW          112    .bss.triangle_index  dac.o
    0x200003c8        -       0x00000004   Zero   RW          264    .bss.upperThreshold  delay.o
    0x200003cc        -       0x00000004   Zero   RW          263    .bss.voltage_mv1    delay.o
    0x200003d0        -       0x00000200   Zero   RW          277    HEAP                startup_stm32f429xx.o
    0x200005d0        -       0x00000400   Zero   RW          276    STACK               startup_stm32f429xx.o


==============================================================================

Image component sizes


      Code (inc. data)   RO Data    RW Data    ZI Data      Debug   Object Name

       306          0          0          8          2       5640   adc.o
       104          0          0          0          1      10279   buzzer.o
       294          0          0          4        812       7410   dac.o
       606         16          0          4         30       6698   delay.o
       412         16          0          0          0      10643   lcd.o
       240          0          0          0          0       3110   main.o
        64         26        428          0       1536        880   startup_stm32f429xx.o
      1078          0          0          0          7       9567   switches.o
       152          0         16          4          0       2826   system_stm32f4xx.o
       146          0          0          0          0       2016   usart.o

    ----------------------------------------------------------------------
      3432         58        478         20       2392      59069   Object Totals
         0          0         32          0          0          0   (incl. Generated)
        30          0          2          0          4          0   (incl. Padding)

    ----------------------------------------------------------------------

      Code (inc. data)   RO Data    RW Data    ZI Data      Debug   Library Member Name

         8          0          0          0          0         68   __main.o
         0          0          0          0          0          0   __rtentry.o
        12          0          0          0          0          0   __rtentry2.o
         6          0          0          0          0          0   __rtentry4.o
        94          8          0          0          0          0   __scatter.o
        26          0          0          0          0          0   __scatter_copy.o
        28          0          0          0          0          0   __scatter_zi.o
        18          0          0          0          0         80   exit.o
         6          0          0          0          0        152   heapauxi.o
         0          0          0          0          0          0   indicate_semi.o
         2          0          0          0          0          0   libinit.o
         6          0          0          0          0          0   libinit2.o
         2          0          0          0          0          0   libshutdown.o
         2          0          0          0          0          0   libshutdown2.o
         8          4          0          0         96         68   libspace.o
         2          0          0          0          0          0   rtexit.o
        10          0          0          0          0          0   rtexit2.o
        12          4          0          0          0         68   sys_exit.o
        74          0          0          0          0         80   sys_stackheap_outer.o
         2          0          0          0          0         68   use_no_semi.o
        90          4          0          0          0        140   dfixu.o
        38          0          0          0          0        116   dflt_clz.o
       340         12          0          0          0        152   dmul.o
       156          4          0          0          0        140   dnaninf.o
        12          0          0          0          0        116   dretinf.o
        26          0          0          0          0        116   fpinit.o
         0          0          0          0          0          0   usenofp.o

    ----------------------------------------------------------------------
       994         36          0          0         96       1364   Library Totals
        14          0          0          0          0          0   (incl. Padding)

    ----------------------------------------------------------------------

      Code (inc. data)   RO Data    RW Data    ZI Data      Debug   Library Name

       318         16          0          0         96        584   c_w.l
       662         20          0          0          0        780   fz_wm.l

    ----------------------------------------------------------------------
       994         36          0          0         96       1364   Library Totals

    ----------------------------------------------------------------------

==============================================================================


      Code (inc. data)   RO Data    RW Data    ZI Data      Debug   

      4426         94        478         20       2488      59685   Grand Totals
      4426         94        478         20       2488      59685   ELF Image Totals
      4426         94        478         20          0          0   ROM Totals

==============================================================================

    Total RO  Size (Code + RO Data)                 4904 (   4.79kB)
    Total RW  Size (RW Data + ZI Data)              2508 (   2.45kB)
    Total ROM Size (Code + RO Data + RW Data)       4924 (   4.81kB)

==============================================================================

