Component: Arm Compiler for Embedded 6.22 Tool: armlink [5ee90200]

==============================================================================

Section Cross References

    switches.o(.ARM.exidx.text.BUTTON_INIT) refers to switches.o(.text.BUTTON_INIT) for [Anonymous Symbol]
    switches.o(.text.SWITCH_BOUNCE_DELAY) refers to system_stm32f4xx.o(.data.SystemCoreClock) for SystemCoreClock
    switches.o(.ARM.exidx.text.SWITCH_BOUNCE_DELAY) refers to switches.o(.text.SWITCH_BOUNCE_DELAY) for [Anonymous Symbol]
    switches.o(.text.wait_us) refers to system_stm32f4xx.o(.data.SystemCoreClock) for SystemCoreClock
    switches.o(.ARM.exidx.text.wait_us) refers to switches.o(.text.wait_us) for [Anonymous Symbol]
    switches.o(.ARM.exidx.text.Init_Timer3_500ms) refers to switches.o(.text.Init_Timer3_500ms) for [Anonymous Symbol]
    switches.o(.ARM.exidx.text.TIM2_Init) refers to switches.o(.text.TIM2_Init) for [Anonymous Symbol]
    switches.o(.ARM.exidx.text.Init_Timer3_2s) refers to switches.o(.text.Init_Timer3_2s) for [Anonymous Symbol]
    switches.o(.text.BUTTON_PRESS) refers to switches.o(.text.SWITCH_BOUNCE_DELAY) for SWITCH_BOUNCE_DELAY
    switches.o(.ARM.exidx.text.BUTTON_PRESS) refers to switches.o(.text.BUTTON_PRESS) for [Anonymous Symbol]
    switches.o(.text.INIT_EXTI13) refers to switches.o(.text.__NVIC_EnableIRQ) for __NVIC_EnableIRQ
    switches.o(.ARM.exidx.text.INIT_EXTI13) refers to switches.o(.text.INIT_EXTI13) for [Anonymous Symbol]
    switches.o(.ARM.exidx.text.__NVIC_EnableIRQ) refers to switches.o(.text.__NVIC_EnableIRQ) for [Anonymous Symbol]
    switches.o(.text.EXTI15_10_IRQHandler) refers to switches.o(.text.SWITCH_BOUNCE_DELAY) for SWITCH_BOUNCE_DELAY
    switches.o(.text.EXTI15_10_IRQHandler) refers to switches.o(.bss.long_press_detected) for long_press_detected
    switches.o(.text.EXTI15_10_IRQHandler) refers to switches.o(.bss.hold_value) for hold_value
    switches.o(.text.EXTI15_10_IRQHandler) refers to switches.o(.bss.press_start_time) for press_start_time
    switches.o(.ARM.exidx.text.EXTI15_10_IRQHandler) refers to switches.o(.text.EXTI15_10_IRQHandler) for [Anonymous Symbol]
    switches.o(.text.INIT_EXTI0) refers to switches.o(.text.__NVIC_EnableIRQ) for __NVIC_EnableIRQ
    switches.o(.ARM.exidx.text.INIT_EXTI0) refers to switches.o(.text.INIT_EXTI0) for [Anonymous Symbol]
    switches.o(.text.EXTI0_IRQHandler) refers to switches.o(.text.SWITCH_BOUNCE_DELAY) for SWITCH_BOUNCE_DELAY
    switches.o(.ARM.exidx.text.EXTI0_IRQHandler) refers to switches.o(.text.EXTI0_IRQHandler) for [Anonymous Symbol]
    switches.o(.text.INIT_EXTI1) refers to switches.o(.text.__NVIC_EnableIRQ) for __NVIC_EnableIRQ
    switches.o(.ARM.exidx.text.INIT_EXTI1) refers to switches.o(.text.INIT_EXTI1) for [Anonymous Symbol]
    switches.o(.text.EXTI1_IRQHandler) refers to switches.o(.text.SWITCH_BOUNCE_DELAY) for SWITCH_BOUNCE_DELAY
    switches.o(.ARM.exidx.text.EXTI1_IRQHandler) refers to switches.o(.text.EXTI1_IRQHandler) for [Anonymous Symbol]
    switches.o(.text.INIT_EXTI2) refers to switches.o(.text.__NVIC_EnableIRQ) for __NVIC_EnableIRQ
    switches.o(.ARM.exidx.text.INIT_EXTI2) refers to switches.o(.text.INIT_EXTI2) for [Anonymous Symbol]
    switches.o(.text.EXTI2_IRQHandler) refers to switches.o(.text.SWITCH_BOUNCE_DELAY) for SWITCH_BOUNCE_DELAY
    switches.o(.ARM.exidx.text.EXTI2_IRQHandler) refers to switches.o(.text.EXTI2_IRQHandler) for [Anonymous Symbol]
    switches.o(.text.INIT_EXTI3) refers to switches.o(.text.__NVIC_EnableIRQ) for __NVIC_EnableIRQ
    switches.o(.ARM.exidx.text.INIT_EXTI3) refers to switches.o(.text.INIT_EXTI3) for [Anonymous Symbol]
    switches.o(.text.EXTI3_IRQHandler) refers to switches.o(.text.SWITCH_BOUNCE_DELAY) for SWITCH_BOUNCE_DELAY
    switches.o(.ARM.exidx.text.EXTI3_IRQHandler) refers to switches.o(.text.EXTI3_IRQHandler) for [Anonymous Symbol]
    switches.o(.text.TIM13_Init_Interrupt) refers to switches.o(.text.__NVIC_EnableIRQ) for __NVIC_EnableIRQ
    switches.o(.ARM.exidx.text.TIM13_Init_Interrupt) refers to switches.o(.text.TIM13_Init_Interrupt) for [Anonymous Symbol]
    switches.o(.text.TIM8_UP_TIM13_IRQHandler) refers to switches.o(.bss.timer_flag2) for timer_flag2
    switches.o(.ARM.exidx.text.TIM8_UP_TIM13_IRQHandler) refers to switches.o(.text.TIM8_UP_TIM13_IRQHandler) for [Anonymous Symbol]
    switches.o(.text.INIT_TIM12) refers to switches.o(.text.__NVIC_EnableIRQ) for __NVIC_EnableIRQ
    switches.o(.ARM.exidx.text.INIT_TIM12) refers to switches.o(.text.INIT_TIM12) for [Anonymous Symbol]
    switches.o(.ARM.exidx.text.TIM8_BRK_TIM12_IRQHandler) refers to switches.o(.text.TIM8_BRK_TIM12_IRQHandler) for [Anonymous Symbol]
    lcd.o(.text.lcd_delayus) refers to system_stm32f4xx.o(.data.SystemCoreClock) for SystemCoreClock
    lcd.o(.ARM.exidx.text.lcd_delayus) refers to lcd.o(.text.lcd_delayus) for [Anonymous Symbol]
    lcd.o(.ARM.exidx.text.WAIT_LCD_BUSY) refers to lcd.o(.text.WAIT_LCD_BUSY) for [Anonymous Symbol]
[...]
    __NVIC_EnableIRQ                         0x08002575   Thumb Code    48  switches.o(.text.__NVIC_EnableIRQ)
    [Anonymous Symbol]                       0x08002574   Section        0  switches.o(.text.__NVIC_EnableIRQ)
    __NVIC_EnableIRQ                         0x080025a5   Thumb Code    48  dac.o(.text.__NVIC_EnableIRQ)
    [Anonymous Symbol]                       0x080025a4   Section        0  dac.o(.text.__NVIC_EnableIRQ)
    __NVIC_EnableIRQ                         0x080025d5   Thumb Code    48  buzzer.o(.text.__NVIC_EnableIRQ)
    [Anonymous Symbol]                       0x080025d4   Section        0  buzzer.o(.text.__NVIC_EnableIRQ)
    __NVIC_EnableIRQ                         0x08002605   Thumb Code    48  adc.o(.text.__NVIC_EnableIRQ)
    [Anonymous Symbol]                       0x08002604   Section        0  adc.o(.text.__NVIC_EnableIRQ)
    __NVIC_EnableIRQ                         0x08002635   Thumb Code    48  delay.o(.text.__NVIC_EnableIRQ)
    [Anonymous Symbol]                       0x08002634   Section        0  delay.o(.text.__NVIC_EnableIRQ)
    __NVIC_SetPriority                       0x08002665   Thumb Code    66  delay.o(.text.__NVIC_SetPriority)
    [Anonymous Symbol]                       0x08002664   Section        0  delay.o(.text.__NVIC_SetPriority)
    [Anonymous Symbol]                       0x080026a8   Section        0  adc.o(.text.adc_trigger)
    [Anonymous Symbol]                       0x080026bc   Section        0  lcd.o(.text.cmdLCD)
    [Anonymous Symbol]                       0x080026ec   Section        0  adc.o(.text.convert_adc_result)
    [Anonymous Symbol]                       0x080027a0   Section        0  dac.o(.text.generateComplexWave)
    [Anonymous Symbol]                       0x080028c0   Section        0  delay.o(.text.init_Timer6)
    [Anonymous Symbol]                       0x08002924   Section        0  adc.o(.text.init_adc)
    [Anonymous Symbol]                       0x080029c8   Section        0  usart.o(.text.init_usart)
    [Anonymous Symbol]                       0x08002ad4   Section        0  lcd.o(.text.lcd_delayus)
    [Anonymous Symbol]                       0x08002b24   Section        0  main.o(.text.main)
    [Anonymous Symbol]                       0x08002ce8   Section        0  lcd.o(.text.putLCD)
    [Anonymous Symbol]                       0x08002d18   Section        0  lcd.o(.text.putStrLCD)
    [Anonymous Symbol]                       0x08002d58   Section        0  usart.o(.text.send_usart)
    [Anonymous Symbol]                       0x08002d88   Section        0  lcd.o(.text.set_LCD_data)
    [Anonymous Symbol]                       0x08002da8   Section        0  switches.o(.text.wait_us)
    CL$$btod_d2e                             0x08002df4   Section       62  btod.o(CL$$btod_d2e)
    CL$$btod_d2e_denorm_low                  0x08002e32   Section       70  btod.o(CL$$btod_d2e_denorm_low)
    CL$$btod_d2e_norm_op1                    0x08002e78   Section       96  btod.o(CL$$btod_d2e_norm_op1)
    CL$$btod_div_common                      0x08002ed8   Section      824  btod.o(CL$$btod_div_common)
    CL$$btod_e2e                             0x08003210   Section      220  btod.o(CL$$btod_e2e)
    CL$$btod_ediv                            0x080032ec   Section       42  btod.o(CL$$btod_ediv)
    CL$$btod_emul                            0x08003316   Section       42  btod.o(CL$$btod_emul)
    CL$$btod_mult_common                     0x08003340   Section      580  btod.o(CL$$btod_mult_common)
    i.__ARM_fpclassify                       0x08003584   Section        0  fpclassify.o(i.__ARM_fpclassify)
    i.__hardfp_sin                           0x080035b8   Section        0  sin.o(i.__hardfp_sin)
    i.__ieee754_rem_pio2                     0x08003680   Section        0  rred.o(i.__ieee754_rem_pio2)
    i.__kernel_cos                           0x08003ab8   Section        0  cos_i.o(i.__kernel_cos)
    i.__kernel_poly                          0x08003c28   Section        0  poly.o(i.__kernel_poly)
    i.__kernel_sin                           0x08003d20   Section        0  sin_i.o(i.__kernel_sin)
    i.__mathlib_dbl_infnan                   0x08003e50   Section        0  dunder.o(i.__mathlib_dbl_infnan)
    i.__mathlib_dbl_invalid                  0x08003e68   Section        0  dunder.o(i.__mathlib_dbl_invalid)
    i.__mathlib_dbl_underflow                0x08003e88   Section        0  dunder.o(i.__mathlib_dbl_underflow)
    i._is_digit                              0x08003ea8   Section        0  __printf_wp.o(i._is_digit)
    i.fabs                                   0x08003eb6   Section        0  fabs.o(i.fabs)
    locale$$code                             0x08003ed0   Section       44  lc_numeric_c.o(locale$$code)
    locale$$code                             0x08003efc   Section       44  lc_ctype_c.o(locale$$code)
    $v0                                      0x08003f28   Number         0  basic.o(x$fpl$basic)
    x$fpl$basic                              0x08003f28   Section       24  basic.o(x$fpl$basic)
    $v0                                      0x08003f40   Number         0  daddsub_clz.o(x$fpl$dadd)
    x$fpl$dadd                               0x08003f40   Section      336  daddsub_clz.o(x$fpl$dadd)
    _dadd1                                   0x08003f51   Thumb Code     0  daddsub_clz.o(x$fpl$dadd)
    $v0                                      0x08004090   Number         0  ddiv.o(x$fpl$ddiv)
    x$fpl$ddiv                               0x08004090   Section      696  ddiv.o(x$fpl$ddiv)
    ddiv_entry                               0x08004097   Thumb Code     0  ddiv.o(x$fpl$ddiv)
    $v0                                      0x08004348   Number         0  dfix.o(x$fpl$dfix)
    x$fpl$dfix                               0x08004348   Section       94  dfix.o(x$fpl$dfix)
    $v0                                      0x080043a8   Number         0  dfixu.o(x$fpl$dfixu)
    x$fpl$dfixu                              0x080043a8   Section       90  dfixu.o(x$fpl$dfixu)
    $v0                                      0x08004402   Number         0  dflt_clz.o(x$fpl$dflt)
    x$fpl$dflt                               0x08004402   Section       46  dflt_clz.o(x$fpl$dflt)
    $v0                                      0x08004430   Number         0  dflt_clz.o(x$fpl$dfltu)
    x$fpl$dfltu                              0x08004430   Section       38  dflt_clz.o(x$fpl$dfltu)
    $v0                                      0x08004458   Number         0  dmul.o(x$fpl$dmul)
    x$fpl$dmul                               0x08004458   Section      340  dmul.o(x$fpl$dmul)
    $v0                                      0x080045ac   Number         0  dnaninf.o(x$fpl$dnaninf)
    x$fpl$dnaninf                            0x080045ac   Section      156  dnaninf.o(x$fpl$dnaninf)
    $v0                                      0x08004648   Number         0  dretinf.o(x$fpl$dretinf)
    x$fpl$dretinf                            0x08004648   Section       12  dretinf.o(x$fpl$dretinf)
    $v0                                      0x08004654   Number         0  daddsub_clz.o(x$fpl$drsb)
    x$fpl$drsb                               0x08004654   Section       22  daddsub_clz.o(x$fpl$drsb)
    $v0                                      0x0800466c   Number         0  daddsub_clz.o(x$fpl$dsub)
    x$fpl$dsub                               0x0800466c   Section      476  daddsub_clz.o(x$fpl$dsub)
    _dsub1                                   0x0800467d   Thumb Code     0  daddsub_clz.o(x$fpl$dsub)
    $v0                                      0x08004848   Number         0  fpinit.o(x$fpl$fpinit)
    x$fpl$fpinit                             0x08004848   Section       26  fpinit.o(x$fpl$fpinit)
    $v0                                      0x08004862   Number         0  printf1.o(x$fpl$printf1)
    x$fpl$printf1                            0x08004862   Section        4  printf1.o(x$fpl$printf1)
    $v0                                      0x08004866   Number         0  printf2.o(x$fpl$printf2)
    x$fpl$printf2                            0x08004866   Section        4  printf2.o(x$fpl$printf2)
    x$fpl$usenofp                            0x0800486a   Section        0  usenofp.o(x$fpl$usenofp)
    initial_mbstate                          0x0800486c   Data           8  _printf_wctomb.o(.constdata)
    .constdata                               0x0800486c   Section        8  _printf_wctomb.o(.constdata)
    uc_hextab                                0x08004874   Data          20  _printf_hex_int_ll_ptr.o(.constdata)
    .constdata                               0x08004874   Section       40  _printf_hex_int_ll_ptr.o(.constdata)
    lc_hextab                                0x08004888   Data          20  _printf_hex_int_ll_ptr.o(.constdata)
    maptable                                 0x0800489c   Data          17  __printf_flags_ss_wp.o(.constdata)
    .constdata                               0x0800489c   Section       17  __printf_flags_ss_wp.o(.constdata)
    C                                        0x080048b0   Data          48  cos_i.o(.constdata)
    .constdata                               0x080048b0   Section       48  cos_i.o(.constdata)
    pio2s                                    0x080048e0   Data          48  rred.o(.constdata)
    .constdata                               0x080048e0   Section      204  rred.o(.constdata)
    twooverpi                                0x08004910   Data         156  rred.o(.constdata)
    S                                        0x080049b0   Data          40  sin_i.o(.constdata)
    .constdata                               0x080049b0   Section       40  sin_i.o(.constdata)
    lc_hextab                                0x080049d8   Data          19  _printf_fp_hex.o(.constdata)
    .constdata                               0x080049d8   Section       38  _printf_fp_hex.o(.constdata)
    uc_hextab                                0x080049eb   Data          19  _printf_fp_hex.o(.constdata)
    tenpwrs_x                                0x08004a00   Data          60  bigflt0.o(.constdata)
    .constdata                               0x08004a00   Section      148  bigflt0.o(.constdata)
    tenpwrs_i                                0x08004a3c   Data          64  bigflt0.o(.constdata)
    .L.str.1                                 0x08004aa4   Data          16  lcd.o(.rodata.str1.1)
    [Anonymous Symbol]                       0x08004aa4   Section        0  lcd.o(.rodata.str1.1)
    .L.str                                   0x08004ab4   Data          16  lcd.o(.rodata.str1.1)
    .L.str.2                                 0x08004ac4   Data          19  main.o(.rodata.str1.1)
    [Anonymous Symbol]                       0x08004ac4   Section        0  main.o(.rodata.str1.1)
    .L.str.1                                 0x08004ad7   Data           3  main.o(.rodata.str1.1)
    .L.str                                   0x08004ada   Data           4  main.o(.rodata.str1.1)
    locale$$data                             0x08004b00   Section       28  lc_numeric_c.o(locale$$data)
    __lcnum_c_name                           0x08004b04   Data           2  lc_numeric_c.o(locale$$data)
    __lcnum_c_start                          0x08004b0c   Data           0  lc_numeric_c.o(locale$$data)
    __lcnum_c_point                          0x08004b18   Data           0  lc_numeric_c.o(locale$$data)
    __lcnum_c_thousands                      0x08004b1a   Data           0  lc_numeric_c.o(locale$$data)
    __lcnum_c_grouping                       0x08004b1b   Data           0  lc_numeric_c.o(locale$$data)
    __lcnum_c_end                            0x08004b1c   Data           0  lc_numeric_c.o(locale$$data)
    locale$$data                             0x08004b1c   Section      272  lc_ctype_c.o(locale$$data)
    __lcctype_c_name                         0x08004b20   Data           2  lc_ctype_c.o(locale$$data)
    __lcctype_c_start                        0x08004b28   Data           0  lc_ctype_c.o(locale$$data)
    __lcctype_c_end                          0x08004c2c   Data           0  lc_ctype_c.o(locale$$data)
    .bss                                     0x20000018   Section       96  libspace.o(.bss)
    Heap_Mem                                 0x200003d0   Data         512  startup_stm32f429xx.o(HEAP)
    HEAP                                     0x200003d0   Section      512  startup_stm32f429xx.o(HEAP)
    Stack_Mem                                0x200005d0   Data        1024  startup_stm32f429xx.o(STACK)
    STACK                                    0x200005d0   Section     1024  startup_stm32f429xx.o(STACK)
    __initial_sp                             0x200009d0   Data           0  startup_stm32f429xx.o(STACK)

    Global Symbols

    Symbol Name                              Value     Ov Type        Size  Object(Section)

    BuildAttributes$$THM_ISAv4$E$P$D$K$B$S$7EM$VFPi3$EXTD16$VFPS$VFMA$PE$A:L22UL41UL21$X:L11$S22US41US21$IEEE1$IW$~IW$USESV6$~STKCKD$USESV7$~SHL$OTIME$ROPI$IEEEX$EBA8$UX$STANDARDLIB$REQ8$PRES8$EABIv2 0x00000000   Number         0  anon$$obj.o ABSOLUTE
    _printf_flags                            0x00000000   Number         0  printf_stubs.o ABSOLUTE
    _printf_return_value                     0x00000000   Number         0  printf_stubs.o ABSOLUTE
    _printf_sizespec                         0x00000000   Number         0  printf_stubs.o ABSOLUTE
    _printf_widthprec                        0x00000000   Number         0  printf_stubs.o ABSOLUTE
    __ARM_exceptions_init                     - Undefined Weak Reference
    __alloca_initialize                       - Undefined Weak Reference
    __arm_preinit_                            - Undefined Weak Reference
    __arm_relocate_pie_                       - Undefined Weak Reference
    __cpp_initialize__aeabi_                  - Undefined Weak Reference
    __cxa_finalize                            - Undefined Weak Reference
    __sigvec_lookup                           - Undefined Weak Reference
    _atexit_init                              - Undefined Weak Reference
    _call_atexit_fns                          - Undefined Weak Reference
    _clock_init                               - Undefined Weak Reference
    _fp_trap_init                             - Undefined Weak Reference
    _fp_trap_shutdown                         - Undefined Weak Reference
    _get_lc_collate                           - Undefined Weak Reference
    _get_lc_monetary                          - Undefined Weak Reference
    _get_lc_time                              - Undefined Weak Reference
    _getenv_init                              - Undefined Weak Reference
    _handle_redirection                       - Undefined Weak Reference
    _init_alloc                               - Undefined Weak Reference
    _init_user_alloc                          - Undefined Weak Reference
    _initio                                   - Undefined Weak Reference
    _printf_mbtowc                            - Undefined Weak Reference
    _printf_wc                                - Undefined Weak Reference
    _rand_init                                - Undefined Weak Reference
    _signal_finish                            - Undefined Weak Reference
    _signal_init                              - Undefined Weak Reference
    _terminate_alloc                          - Undefined Weak Reference
    _terminate_user_alloc                     - Undefined Weak Reference
    _terminateio                              - Undefined Weak Reference
    __Vectors_Size                           0x000001ac   Number         0  startup_stm32f429xx.o ABSOLUTE
    __Vectors                                0x08000000   Data           4  startup_stm32f429xx.o(RESET)
    __Vectors_End                            0x080001ac   Data           0  startup_stm32f429xx.o(RESET)
    __main                                   0x080001ad   Thumb Code     8  __main.o(!!!main)
    __scatterload                            0x080001b5   Thumb Code     0  __scatter.o(!!!scatter)
    __scatterload_rt2                        0x080001b5   Thumb Code    84  __scatter.o(!!!scatter)
    __scatterload_rt2_thumb_only             0x080001b5   Thumb Code     0  __scatter.o(!!!scatter)
    __scatterload_loop                       0x080001bf   Thumb Code     0  __scatter.o(!!!scatter)
    __scatterload_copy                       0x08000211   Thumb Code    26  __scatter_copy.o(!!handler_copy)
    __scatterload_null                       0x0800022d   Thumb Code     2  __scatter.o(!!handler_null)
    __scatterload_zeroinit                   0x08000231   Thumb Code    28  __scatter_zi.o(!!handler_zi)
    _printf_n                                0x0800024d   Thumb Code     0  _printf_n.o(.ARM.Collect$$_printf_percent$$00000001)
    _printf_percent                          0x0800024d   Thumb Code     0  _printf_percent.o(.ARM.Collect$$_printf_percent$$00000000)
    _printf_p                                0x08000253   Thumb Code     0  _printf_p.o(.ARM.Collect$$_printf_percent$$00000002)
    _printf_f                                0x08000259   Thumb Code     0  _printf_f.o(.ARM.Collect$$_printf_percent$$00000003)
    _printf_e                                0x0800025f   Thumb Code     0  _printf_e.o(.ARM.Collect$$_printf_percent$$00000004)
    _printf_g                                0x08000265   Thumb Code     0  _printf_g.o(.ARM.Collect$$_printf_percent$$00000005)
    _printf_a                                0x0800026b   Thumb Code     0  _printf_a.o(.ARM.Collect$$_printf_percent$$00000006)
    _printf_ll                               0x08000271   Thumb Code     0  _printf_ll.o(.ARM.Collect$$_printf_percent$$00000007)
    _printf_i                                0x0800027b   Thumb Code     0  _printf_i.o(.ARM.Collect$$_printf_percent$$00000008)
    _printf_d                                0x08000281   Thumb Code     0  _printf_d.o(.ARM.Collect$$_printf_percent$$00000009)
    _printf_u                                0x08000287   Thumb Code     0  _printf_u.o(.ARM.Collect$$_printf_percent$$0000000A)
    _printf_o                                0x0800028d   Thumb Code     0  _printf_o.o(.ARM.Collect$$_printf_percent$$0000000B)
    _printf_x                                0x08000293   Thumb Code     0  _printf_x.o(.ARM.Collect$$_printf_percent$$0000000C)
    _printf_lli                              0x08000299   Thumb Code     0  _printf_lli.o(.ARM.Collect$$_printf_percent$$0000000D)
    _printf_lld                              0x0800029f   Thumb Code     0  _printf_lld.o(.ARM.Collect$$_printf_percent$$0000000E)
    _printf_llu                              0x080002a5   Thumb Code     0  _printf_llu.o(.ARM.Collect$$_printf_percent$$0000000F)
    _printf_llo                              0x080002ab   Thumb Code     0  _printf_llo.o(.ARM.Collect$$_printf_percent$$00000010)
    _printf_llx                              0x080002b1   Thumb Code     0  _printf_llx.o(.ARM.Collect$$_printf_percent$$00000011)
    _printf_l                                0x080002b7   Thumb Code     0  _printf_l.o(.ARM.Collect$$_printf_percent$$00000012)
    _printf_c                                0x080002c1   Thumb Code     0  _printf_c.o(.ARM.Collect$$_printf_percent$$00000013)
    _printf_s                                0x080002c7   Thumb Code     0  _printf_s.o(.ARM.Collect$$_printf_percent$$00000014)
    _printf_lc                               0x080002cd   Thumb Code     0  _printf_lc.o(.ARM.Collect$$_printf_percent$$00000015)
    _printf_ls                               0x080002d3   Thumb Code     0  _printf_ls.o(.ARM.Collect$$_printf_percent$$00000016)
    _printf_percent_end                      0x080002d9   Thumb Code     0  _printf_percent_end.o(.ARM.Collect$$_printf_percent$$00000017)
    __rt_lib_init                            0x080002dd   Thumb Code     0  libinit.o(.ARM.Collect$$libinit$$00000000)
    __rt_lib_init_fp_1                       0x080002df   Thumb Code     0  libinit2.o(.ARM.Collect$$libinit$$00000001)
    __rt_lib_init_heap_1                     0x080002e3   Thumb Code     0  libinit2.o(.ARM.Collect$$libinit$$0000000C)
    __rt_lib_init_lc_common                  0x080002e3   Thumb Code     0  libinit2.o(.ARM.Collect$$libinit$$00000011)
    __rt_lib_init_preinit_1                  0x080002e3   Thumb Code     0  libinit2.o(.ARM.Collect$$libinit$$00000006)
    __rt_lib_init_rand_1                     0x080002e3   Thumb Code     0  libinit2.o(.ARM.Collect$$libinit$$00000010)
    __rt_lib_init_relocate_pie_1             0x080002e3   Thumb Code     0  libinit2.o(.ARM.Collect$$libinit$$00000004)
    __rt_lib_init_user_alloc_1               0x080002e3   Thumb Code     0  libinit2.o(.ARM.Collect$$libinit$$0000000E)
    __rt_lib_init_lc_collate_1               0x080002e9   Thumb Code     0  libinit2.o(.ARM.Collect$$libinit$$00000013)
    __rt_lib_init_lc_ctype_2                 0x080002e9   Thumb Code     0  libinit2.o(.ARM.Collect$$libinit$$00000014)
    __rt_lib_init_lc_ctype_1                 0x080002f5   Thumb Code     0  libinit2.o(.ARM.Collect$$libinit$$00000015)
    __rt_lib_init_lc_monetary_1              0x080002f5   Thumb Code     0  libinit2.o(.ARM.Collect$$libinit$$00000017)
    __rt_lib_init_lc_numeric_2               0x080002f5   Thumb Code     0  libinit2.o(.ARM.Collect$$libinit$$00000018)
    __rt_lib_init_alloca_1                   0x080002ff   Thumb Code     0  libinit2.o(.ARM.Collect$$libinit$$00000030)
    __rt_lib_init_argv_1                     0x080002ff   Thumb Code     0  libinit2.o(.ARM.Collect$$libinit$$0000002E)
    __rt_lib_init_atexit_1                   0x080002ff   Thumb Code     0  libinit2.o(.ARM.Collect$$libinit$$0000001D)
    __rt_lib_init_clock_1                    0x080002ff   Thumb Code     0  libinit2.o(.ARM.Collect$$libinit$$00000023)
    __rt_lib_init_cpp_1                      0x080002ff   Thumb Code     0  libinit2.o(.ARM.Collect$$libinit$$00000034)
    __rt_lib_init_exceptions_1               0x080002ff   Thumb Code     0  libinit2.o(.ARM.Collect$$libinit$$00000032)
    __rt_lib_init_fp_trap_1                  0x080002ff   Thumb Code     0  libinit2.o(.ARM.Collect$$libinit$$00000021)
    __rt_lib_init_getenv_1                   0x080002ff   Thumb Code     0  libinit2.o(.ARM.Collect$$libinit$$00000025)
    __rt_lib_init_lc_numeric_1               0x080002ff   Thumb Code     0  libinit2.o(.ARM.Collect$$libinit$$00000019)
    __rt_lib_init_lc_time_1                  0x080002ff   Thumb Code     0  libinit2.o(.ARM.Collect$$libinit$$0000001B)
    __rt_lib_init_return                     0x080002ff   Thumb Code     0  libinit2.o(.ARM.Collect$$libinit$$00000035)
    __rt_lib_init_signal_1                   0x080002ff   Thumb Code     0  libinit2.o(.ARM.Collect$$libinit$$0000001F)
    __rt_lib_init_stdio_1                    0x080002ff   Thumb Code     0  libinit2.o(.ARM.Collect$$libinit$$00000027)
    __rt_lib_shutdown                        0x08000301   Thumb Code     0  libshutdown.o(.ARM.Collect$$libshutdown$$00000000)
    __rt_lib_shutdown_cpp_1                  0x08000303   Thumb Code     0  libshutdown2.o(.ARM.Collect$$libshutdown$$00000002)
    __rt_lib_shutdown_fp_trap_1              0x08000303   Thumb Code     0  libshutdown2.o(.ARM.Collect$$libshutdown$$00000007)
    __rt_lib_shutdown_heap_1                 0x08000303   Thumb Code     0  libshutdown2.o(.ARM.Collect$$libshutdown$$0000000F)
    __rt_lib_shutdown_return                 0x08000303   Thumb Code     0  libshutdown2.o(.ARM.Collect$$libshutdown$$00000010)
    __rt_lib_shutdown_signal_1               0x08000303   Thumb Code     0  libshutdown2.o(.ARM.Collect$$libshutdown$$0000000A)
    __rt_lib_shutdown_stdio_1                0x08000303   Thumb Code     0  libshutdown2.o(.ARM.Collect$$libshutdown$$00000004)
    __rt_lib_shutdown_user_alloc_1           0x08000303   Thumb Code     0  libshutdown2.o(.ARM.Collect$$libshutdown$$0000000C)
    __rt_entry                               0x08000305   Thumb Code     0  __rtentry.o(.ARM.Collect$$rtentry$$00000000)
    __rt_entry_presh_1                       0x08000305   Thumb Code     0  __rtentry2.o(.ARM.Collect$$rtentry$$00000002)
    __rt_entry_sh                            0x08000305   Thumb Code     0  __rtentry4.o(.ARM.Collect$$rtentry$$00000004)
    __rt_entry_li                            0x0800030b   Thumb Code     0  __rtentry2.o(.ARM.Collect$$rtentry$$0000000A)
    __rt_entry_postsh_1                      0x0800030b   Thumb Code     0  __rtentry2.o(.ARM.Collect$$rtentry$$00000009)
    __rt_entry_main                          0x0800030f   Thumb Code     0  __rtentry2.o(.ARM.Collect$$rtentry$$0000000D)
    __rt_entry_postli_1                      0x0800030f   Thumb Code     0  __rtentry2.o(.ARM.Collect$$rtentry$$0000000C)
    __rt_exit                                0x08000317   Thumb Code     0  rtexit.o(.ARM.Collect$$rtexit$$00000000)
    __rt_exit_ls                             0x08000319   Thumb Code     0  rtexit2.o(.ARM.Collect$$rtexit$$00000003)
    __rt_exit_prels_1                        0x08000319   Thumb Code     0  rtexit2.o(.ARM.Collect$$rtexit$$00000002)
    __rt_exit_exit                           0x0800031d   Thumb Code     0  rtexit2.o(.ARM.Collect$$rtexit$$00000004)
    Reset_Handler                            0x08000325   Thumb Code     8  startup_stm32f429xx.o(.text)
    NMI_Handler                              0x0800032d   Thumb Code     2  startup_stm32f429xx.o(.text)
    HardFault_Handler                        0x0800032f   Thumb Code     2  startup_stm32f429xx.o(.text)
    MemManage_Handler                        0x08000331   Thumb Code     2  startup_stm32f429xx.o(.text)
    BusFault_Handler                         0x08000333   Thumb Code     2  startup_stm32f429xx.o(.text)
    UsageFault_Handler                       0x08000335   Thumb Code     2  startup_stm32f429xx.o(.text)
    SVC_Handler                              0x08000337   Thumb Code     2  startup_stm32f429xx.o(.text)
    DebugMon_Handler                         0x08000339   Thumb Code     2  startup_stm32f429xx.o(.text)
    PendSV_Handler                           0x0800033b   Thumb Code     2  startup_stm32f429xx.o(.text)
    SysTick_Handler                          0x0800033d   Thumb Code     2  startup_stm32f429xx.o(.text)
    CAN1_RX0_IRQHandler                      0x0800033f   Thumb Code     0  startup_stm32f429xx.o(.text)
    CAN1_RX1_IRQHandler                      0x0800033f   Thumb Code     0  startup_stm32f429xx.o(.text)
    CAN1_SCE_IRQHandler                      0x0800033f   Thumb Code     0  startup_stm32f429xx.o(.text)
    CAN1_TX_IRQHandler                       0x0800033f   Thumb Code     0  startup_stm32f429xx.o(.text)
    CAN2_RX0_IRQHandler                      0x0800033f   Thumb Code     0  startup_stm32f429xx.o(.text)
    CAN2_RX1_IRQHandler                      0x0800033f   Thumb Code     0  startup_stm32f429xx.o(.text)
    CAN2_SCE_IRQHandler                      0x0800033f   Thumb Code     0  startup_stm32f429xx.o(.text)
    CAN2_TX_IRQHandler                       0x0800033f   Thumb Code     0  startup_stm32f429xx.o(.text)
    DCMI_IRQHandler                          0x0800033f   Thumb Code     0  startup_stm32f429xx.o(.text)
    DMA1_Stream0_IRQHandler                  0x0800033f   Thumb Code     0  startup_stm32f429xx.o(.text)
    DMA1_Stream1_IRQHandler                  0x0800033f   Thumb Code     0  startup_stm32f429xx.o(.text)
    DMA1_Stream2_IRQHandler                  0x0800033f   Thumb Code     0  startup_stm32f429xx.o(.text)
    DMA1_Stream3_IRQHandler                  0x0800033f   Thumb Code     0  startup_stm32f429xx.o(.text)
    DMA1_Stream4_IRQHandler                  0x0800033f   Thumb Code     0  startup_stm32f429xx.o(.text)
    DMA1_Stream5_IRQHandler                  0x0800033f   Thumb Code     0  startup_stm32f429xx.o(.text)
    DMA1_Stream6_IRQHandler                  0x0800033f   Thumb Code     0  startup_stm32f429xx.o(.text)
    DMA1_Stream7_IRQHandler                  0x0800033f   Thumb Code     0  startup_stm32f429xx.o(.text)
    DMA2D_IRQHandler                         0x0800033f   Thumb Code     0  startup_stm32f429xx.o(.text)
    DMA2_Stream0_IRQHandler                  0x0800033f   Thumb Code     0  startup_stm32f429xx.o(.text)
    DMA2_Stream1_IRQHandler                  0x0800033f   Thumb Code     0  startup_stm32f429xx.o(.text)
    DMA2_Stream2_IRQHandler                  0x0800033f   Thumb Code     0  startup_stm32f429xx.o(.text)
    DMA2_Stream3_IRQHandler                  0x0800033f   Thumb Code     0  startup_stm32f429xx.o(.text)
    DMA2_Stream4_IRQHandler                  0x0800033f   Thumb Code     0  startup_stm32f429xx.o(.text)
    DMA2_Stream5_IRQHandler                  0x0800033f   Thumb Code     0  startup_stm32f429xx.o(.text)
    DMA2_Stream6_IRQHandler                  0x0800033f   Thumb Code     0  startup_stm32f429xx.o(.text)
    DMA2_Stream7_IRQHandler                  0x0800033f   Thumb Code     0  startup_stm32f429xx.o(.text)
    ETH_IRQHandler                           0x0800033f   Thumb Code     0  startup_stm32f429xx.o(.text)
    ETH_WKUP_IRQHandler                      0x0800033f   Thumb Code     0  startup_stm32f429xx.o(.text)
    EXTI4_IRQHandler                         0x0800033f   Thumb Code     0  startup_stm32f429xx.o(.text)
    EXTI9_5_IRQHandler                       0x0800033f   Thumb Code     0  startup_stm32f429xx.o(.text)
    FLASH_IRQHandler                         0x0800033f   Thumb Code     0  startup_stm32f429xx.o(.text)
    FMC_IRQHandler                           0x0800033f   Thumb Code     0  startup_stm32f429xx.o(.text)
    FPU_IRQHandler                           0x0800033f   Thumb Code     0  startup_stm32f429xx.o(.text)
    HASH_RNG_IRQHandler                      0x0800033f   Thumb Code     0  startup_stm32f429xx.o(.text)
    I2C1_ER_IRQHandler                       0x0800033f   Thumb Code     0  startup_stm32f429xx.o(.text)
    I2C1_EV_IRQHandler                       0x0800033f   Thumb Code     0  startup_stm32f429xx.o(.text)
    I2C2_ER_IRQHandler                       0x0800033f   Thumb Code     0  startup_stm32f429xx.o(.text)
    I2C2_EV_IRQHandler                       0x0800033f   Thumb Code     0  startup_stm32f429xx.o(.text)
    I2C3_ER_IRQHandler                       0x0800033f   Thumb Code     0  startup_stm32f429xx.o(.text)
    I2C3_EV_IRQHandler                       0x0800033f   Thumb Code     0  startup_stm32f429xx.o(.text)
    LTDC_ER_IRQHandler                       0x0800033f   Thumb Code     0  startup_stm32f429xx.o(.text)
    LTDC_IRQHandler                          0x0800033f   Thumb Code     0  startup_stm32f429xx.o(.text)
    OTG_FS_IRQHandler                        0x0800033f   Thumb Code     0  startup_stm32f429xx.o(.text)
    OTG_FS_WKUP_IRQHandler                   0x0800033f   Thumb Code     0  startup_stm32f429xx.o(.text)
    OTG_HS_EP1_IN_IRQHandler                 0x0800033f   Thumb Code     0  startup_stm32f429xx.o(.text)
    OTG_HS_EP1_OUT_IRQHandler                0x0800033f   Thumb Code     0  startup_stm32f429xx.o(.text)
    OTG_HS_IRQHandler                        0x0800033f   Thumb Code     0  startup_stm32f429xx.o(.text)
    OTG_HS_WKUP_IRQHandler                   0x0800033f   Thumb Code     0  startup_stm32f429xx.o(.text)
    PVD_IRQHandler                           0x0800033f   Thumb Code     0  startup_stm32f429xx.o(.text)
    RCC_IRQHandler                           0x0800033f   Thumb Code     0  startup_stm32f429xx.o(.text)
    RTC_Alarm_IRQHandler                     0x0800033f   Thumb Code     0  startup_stm32f429xx.o(.text)
    RTC_WKUP_IRQHandler                      0x0800033f   Thumb Code     0  startup_stm32f429xx.o(.text)
    SAI1_IRQHandler                          0x0800033f   Thumb Code     0  startup_stm32f429xx.o(.text)
    SDIO_IRQHandler                          0x0800033f   Thumb Code     0  startup_stm32f429xx.o(.text)
    SPI1_IRQHandler                          0x0800033f   Thumb Code     0  startup_stm32f429xx.o(.text)
    SPI2_IRQHandler                          0x0800033f   Thumb Code     0  startup_stm32f429xx.o(.text)
    SPI3_IRQHandler                          0x0800033f   Thumb Code     0  startup_stm32f429xx.o(.text)
    SPI4_IRQHandler                          0x0800033f   Thumb Code     0  startup_stm32f429xx.o(.text)
    SPI5_IRQHandler                          0x0800033f   Thumb Code     0  startup_stm32f429xx.o(.text)
    SPI6_IRQHandler                          0x0800033f   Thumb Code     0  startup_stm32f429xx.o(.text)
    TAMP_STAMP_IRQHandler                    0x0800033f   Thumb Code     0  startup_stm32f429xx.o(.text)
    TIM1_BRK_TIM9_IRQHandler                 0x0800033f   Thumb Code     0  startup_stm32f429xx.o(.text)
    TIM1_CC_IRQHandler                       0x0800033f   Thumb Code     0  startup_stm32f429xx.o(.text)
    TIM1_TRG_COM_TIM11_IRQHandler            0x0800033f   Thumb Code     0  startup_stm32f429xx.o(.text)
    TIM1_UP_TIM10_IRQHandler                 0x0800033f   Thumb Code     0  startup_stm32f429xx.o(.text)
    TIM2_IRQHandler                          0x0800033f   Thumb Code     0  startup_stm32f429xx.o(.text)
    TIM8_CC_IRQHandler                       0x0800033f   Thumb Code     0  startup_stm32f429xx.o(.text)
    UART4_IRQHandler                         0x0800033f   Thumb Code     0  startup_stm32f429xx.o(.text)
    UART5_IRQHandler                         0x0800033f   Thumb Code     0  startup_stm32f429xx.o(.text)
    UART7_IRQHandler                         0x0800033f   Thumb Code     0  startup_stm32f429xx.o(.text)
    UART8_IRQHandler                         0x0800033f   Thumb Code     0  startup_stm32f429xx.o(.text)
    USART1_IRQHandler                        0x0800033f   Thumb Code     0  startup_stm32f429xx.o(.text)
    USART2_IRQHandler                        0x0800033f   Thumb Code     0  startup_stm32f429xx.o(.text)
    USART3_IRQHandler                        0x0800033f   Thumb Code     0  startup_stm32f429xx.o(.text)
    USART6_IRQHandler                        0x0800033f   Thumb Code     0  startup_stm32f429xx.o(.text)
    WWDG_IRQHandler                          0x0800033f   Thumb Code     0  startup_stm32f429xx.o(.text)
    __user_initial_stackheap                 0x08000341   Thumb Code     0  startup_stm32f429xx.o(.text)
    sprintf                                  0x08000365   Thumb Code    38  sprintf.o(.text)
    __use_two_region_memory                  0x08000391   Thumb Code     2  heapauxi.o(.text)
    __rt_heap_escrow$2region                 0x08000393   Thumb Code     2  heapauxi.o(.text)
    __rt_heap_expand$2region                 0x08000395   Thumb Code     2  heapauxi.o(.text)
    __read_errno                             0x08000397   Thumb Code    10  _rserrno.o(.text)
    __set_errno                              0x080003a1   Thumb Code    12  _rserrno.o(.text)
    _printf_pre_padding                      0x080003ad   Thumb Code    44  _printf_pad.o(.text)
    _printf_post_padding                     0x080003d9   Thumb Code    34  _printf_pad.o(.text)
    _printf_truncate_signed                  0x080003fb   Thumb Code    18  _printf_truncate.o(.text)
    _printf_truncate_unsigned                0x0800040d   Thumb Code    18  _printf_truncate.o(.text)
    _printf_str                              0x0800041f   Thumb Code    82  _printf_str.o(.text)
    _printf_int_dec                          0x08000471   Thumb Code   104  _printf_dec.o(.text)
    _printf_charcount                        0x080004e9   Thumb Code    40  _printf_charcount.o(.text)
    _printf_char_common                      0x0800051b   Thumb Code    32  _printf_char_common.o(.text)
    _sputc                                   0x08000541   Thumb Code    10  _sputc.o(.text)
    _printf_wctomb                           0x0800054d   Thumb Code   182  _printf_wctomb.o(.text)
    _printf_longlong_dec                     0x08000609   Thumb Code   108  _printf_longlong_dec.o(.text)
    _printf_longlong_oct                     0x08000685   Thumb Code    68  _printf_oct_int_ll.o(.text)
    _printf_int_oct                          0x080006c9   Thumb Code    24  _printf_oct_int_ll.o(.text)
    _printf_ll_oct                           0x080006e1   Thumb Code    12  _printf_oct_int_ll.o(.text)
    _printf_longlong_hex                     0x080006f5   Thumb Code    86  _printf_hex_int_ll_ptr.o(.text)
    _printf_int_hex                          0x0800074b   Thumb Code    28  _printf_hex_int_ll_ptr.o(.text)
    _printf_ll_hex                           0x08000767   Thumb Code    12  _printf_hex_int_ll_ptr.o(.text)
    _printf_hex_ptr                          0x08000773   Thumb Code    18  _printf_hex_int_ll_ptr.o(.text)
    __printf                                 0x08000789   Thumb Code   388  __printf_flags_ss_wp.o(.text)
    __aeabi_errno_addr                       0x08000911   Thumb Code     8  rt_errno_addr_intlibspace.o(.text)
    __errno$intlibspace                      0x08000911   Thumb Code     0  rt_errno_addr_intlibspace.o(.text)
    __rt_errno_addr$intlibspace              0x08000911   Thumb Code     0  rt_errno_addr_intlibspace.o(.text)
    _ll_udiv10                               0x08000919   Thumb Code   138  lludiv10.o(.text)
    _printf_int_common                       0x080009a3   Thumb Code   178  _printf_intcommon.o(.text)
    _printf_fp_dec_real                      0x08000c05   Thumb Code   620  _printf_fp_dec.o(.text)
    _printf_fp_hex_real                      0x08000e71   Thumb Code   756  _printf_fp_hex.o(.text)
    _printf_cs_common                        0x0800116d   Thumb Code    20  _printf_char.o(.text)
    _printf_char                             0x08001181   Thumb Code    16  _printf_char.o(.text)
    _printf_string                           0x08001191   Thumb Code     8  _printf_char.o(.text)
    _printf_lcs_common                       0x08001199   Thumb Code    20  _printf_wchar.o(.text)
    _printf_wchar                            0x080011ad   Thumb Code    16  _printf_wchar.o(.text)
    _printf_wstring                          0x080011bd   Thumb Code     8  _printf_wchar.o(.text)
    _c16rtomb                                0x080011c5   Thumb Code    72  _c16rtomb.o(.text)
    _wcrtomb                                 0x080011c5   Thumb Code     0  _c16rtomb.o(.text)
    __user_libspace                          0x0800120d   Thumb Code     8  libspace.o(.text)
    __user_perproc_libspace                  0x0800120d   Thumb Code     0  libspace.o(.text)
    __user_perthread_libspace                0x0800120d   Thumb Code     0  libspace.o(.text)
    __user_setup_stackheap                   0x08001215   Thumb Code    74  sys_stackheap_outer.o(.text)
    __rt_ctype_table                         0x08001261   Thumb Code    16  rt_ctype_table.o(.text)
    __rt_locale                              0x08001271   Thumb Code     8  rt_locale_intlibspace.o(.text)
    _printf_fp_infnan                        0x08001279   Thumb Code   112  _printf_fp_infnan.o(.text)
    _btod_etento                             0x080012f9   Thumb Code   224  bigflt0.o(.text)
    exit                                     0x080013dd   Thumb Code    18  exit.o(.text)
    strcmp                                   0x080013f1   Thumb Code   124  strcmpv7em.o(.text)
    _sys_exit                                0x0800146d   Thumb Code     8  sys_exit.o(.text)
    __I$use$semihosting                      0x08001479   Thumb Code     0  use_no_semi.o(.text)
    __use_no_semihosting_swi                 0x08001479   Thumb Code     2  use_no_semi.o(.text)
    __semihosting_library_function           0x0800147b   Thumb Code     0  indicate_semi.o(.text)
    ADC_IRQHandler                           0x08001481   Thumb Code   672  delay.o(.text.ADC_IRQHandler)
    BUTTON_INIT                              0x08001731   Thumb Code   446  switches.o(.text.BUTTON_INIT)
    CONFIG_GPIO_FOR_SPI                      0x080018f1   Thumb Code   162  spi.o(.text.CONFIG_GPIO_FOR_SPI)
    DAC2_OUTPUT                              0x08001995   Thumb Code    24  dac.o(.text.DAC2_OUTPUT)
    EXTI0_IRQHandler                         0x080019ad   Thumb Code    66  switches.o(.text.EXTI0_IRQHandler)
    EXTI15_10_IRQHandler                     0x080019f1   Thumb Code   170  switches.o(.text.EXTI15_10_IRQHandler)
    EXTI1_IRQHandler                         0x08001a9d   Thumb Code    68  switches.o(.text.EXTI1_IRQHandler)
    EXTI2_IRQHandler                         0x08001ae1   Thumb Code    68  switches.o(.text.EXTI2_IRQHandler)
    EXTI3_IRQHandler                         0x08001b25   Thumb Code    68  switches.o(.text.EXTI3_IRQHandler)
    INIT_BUZZ                                0x08001b69   Thumb Code    90  buzzer.o(.text.INIT_BUZZ)
    INIT_DAC                                 0x08001bc5   Thumb Code    80  dac.o(.text.INIT_DAC)
    INIT_EXTI0                               0x08001c15   Thumb Code    82  switches.o(.text.INIT_EXTI0)
    INIT_EXTI1                               0x08001c69   Thumb Code    82  switches.o(.text.INIT_EXTI1)
    INIT_EXTI13                              0x08001cbd   Thumb Code    98  switches.o(.text.INIT_EXTI13)
    INIT_EXTI2                               0x08001d21   Thumb Code    82  switches.o(.text.INIT_EXTI2)
    INIT_EXTI3                               0x08001d75   Thumb Code    82  switches.o(.text.INIT_EXTI3)
    INIT_LCD                                 0x08001dc9   Thumb Code   170  lcd.o(.text.INIT_LCD)
    INIT_TIM12                               0x08001e75   Thumb Code    98  switches.o(.text.INIT_TIM12)
    INIT_TIM3                                0x08001ed9   Thumb Code    84  buzzer.o(.text.INIT_TIM3)
    INIT_TIM7                                0x08001f2d   Thumb Code    96  dac.o(.text.INIT_TIM7)
    Init_Timer3_2s                           0x08001f8d   Thumb Code    62  switches.o(.text.Init_Timer3_2s)
    LCD_strobe                               0x08001fcd   Thumb Code    46  lcd.o(.text.LCD_strobe)
    PLL_Config                               0x08001ffd   Thumb Code   180  main.o(.text.PLL_Config)
    START_BEEP                               0x080020b1   Thumb Code    46  buzzer.o(.text.START_BEEP)
    SWITCH_BOUNCE_DELAY                      0x080020e1   Thumb Code    76  switches.o(.text.SWITCH_BOUNCE_DELAY)
    SystemCoreClockUpdate                    0x0800212d   Thumb Code   302  system_stm32f4xx.o(.text.SystemCoreClockUpdate)
    SystemInit                               0x0800225d   Thumb Code    18  system_stm32f4xx.o(.text.SystemInit)
    TIM3_DELAY                               0x08002271   Thumb Code    80  buzzer.o(.text.TIM3_DELAY)
    TIM3_IRQHandler                          0x080022c1   Thumb Code    48  buzzer.o(.text.TIM3_IRQHandler)
    TIM4_IRQHandler                          0x080022f1   Thumb Code    78  dac.o(.text.TIM4_IRQHandler)
    TIM5_IRQHandler                          0x08002341   Thumb Code   146  dac.o(.text.TIM5_IRQHandler)
    TIM6_DAC_IRQHandler                      0x080023d5   Thumb Code    42  delay.o(.text.TIM6_DAC_IRQHandler)
    TIM7_IRQHandler                          0x08002401   Thumb Code    94  dac.o(.text.TIM7_IRQHandler)
    TIM8_BRK_TIM12_IRQHandler                0x08002461   Thumb Code    48  switches.o(.text.TIM8_BRK_TIM12_IRQHandler)
    TIM8_TRG_COM_TIM14_IRQHandler            0x08002491   Thumb Code    74  lcd.o(.text.TIM8_TRG_COM_TIM14_IRQHandler)
    TIM8_UP_TIM13_IRQHandler                 0x080024dd   Thumb Code    48  switches.o(.text.TIM8_UP_TIM13_IRQHandler)
    TOGGLE_BUZZER                            0x0800250d   Thumb Code    18  buzzer.o(.text.TOGGLE_BUZZER)
    WAIT_LCD_BUSY                            0x08002521   Thumb Code    82  lcd.o(.text.WAIT_LCD_BUSY)
    adc_trigger                              0x080026a9   Thumb Code    18  adc.o(.text.adc_trigger)
    cmdLCD                                   0x080026bd   Thumb Code    48  lcd.o(.text.cmdLCD)
    convert_adc_result                       0x080026ed   Thumb Code   176  adc.o(.text.convert_adc_result)
    generateComplexWave                      0x080027a1   Thumb Code   264  dac.o(.text.generateComplexWave)
    init_Timer6                              0x080028c1   Thumb Code    98  delay.o(.text.init_Timer6)
    init_adc                                 0x08002925   Thumb Code   162  adc.o(.text.init_adc)
    init_usart                               0x080029c9   Thumb Code   268  usart.o(.text.init_usart)
    lcd_delayus                              0x08002ad5   Thumb Code    80  lcd.o(.text.lcd_delayus)
    main                                     0x08002b25   Thumb Code   452  main.o(.text.main)
    putLCD                                   0x08002ce9   Thumb Code    48  lcd.o(.text.putLCD)
    putStrLCD                                0x08002d19   Thumb Code    62  lcd.o(.text.putStrLCD)
    send_usart                               0x08002d59   Thumb Code    46  usart.o(.text.send_usart)
    set_LCD_data                             0x08002d89   Thumb Code    30  lcd.o(.text.set_LCD_data)
    wait_us                                  0x08002da9   Thumb Code    76  switches.o(.text.wait_us)
    _btod_d2e                                0x08002df5   Thumb Code    62  btod.o(CL$$btod_d2e)
    _d2e_denorm_low                          0x08002e33   Thumb Code    70  btod.o(CL$$btod_d2e_denorm_low)
    _d2e_norm_op1                            0x08002e79   Thumb Code    96  btod.o(CL$$btod_d2e_norm_op1)
    __btod_div_common                        0x08002ed9   Thumb Code   696  btod.o(CL$$btod_div_common)
    _e2e                                     0x08003211   Thumb Code   220  btod.o(CL$$btod_e2e)
    _btod_ediv                               0x080032ed   Thumb Code    42  btod.o(CL$$btod_ediv)
    _btod_emul                               0x08003317   Thumb Code    42  btod.o(CL$$btod_emul)
    __btod_mult_common                       0x08003341   Thumb Code   580  btod.o(CL$$btod_mult_common)
    __ARM_fpclassify                         0x08003585   Thumb Code    48  fpclassify.o(i.__ARM_fpclassify)
    __hardfp_sin                             0x080035b9   Thumb Code   180  sin.o(i.__hardfp_sin)
    __ieee754_rem_pio2                       0x08003681   Thumb Code   938  rred.o(i.__ieee754_rem_pio2)
    __kernel_cos                             0x08003ab9   Thumb Code   322  cos_i.o(i.__kernel_cos)
    __kernel_poly                            0x08003c29   Thumb Code   248  poly.o(i.__kernel_poly)
    __kernel_sin                             0x08003d21   Thumb Code   280  sin_i.o(i.__kernel_sin)
    __mathlib_dbl_infnan                     0x08003e51   Thumb Code    20  dunder.o(i.__mathlib_dbl_infnan)
    __mathlib_dbl_invalid                    0x08003e69   Thumb Code    24  dunder.o(i.__mathlib_dbl_invalid)
    __mathlib_dbl_underflow                  0x08003e89   Thumb Code    24  dunder.o(i.__mathlib_dbl_underflow)
    _is_digit                                0x08003ea9   Thumb Code    14  __printf_wp.o(i._is_digit)
    fabs                                     0x08003eb7   Thumb Code    24  fabs.o(i.fabs)
    _get_lc_numeric                          0x08003ed1   Thumb Code    44  lc_numeric_c.o(locale$$code)
    _get_lc_ctype                            0x08003efd   Thumb Code    44  lc_ctype_c.o(locale$$code)
    __aeabi_dneg                             0x08003f29   Thumb Code     0  basic.o(x$fpl$basic)
    _dneg                                    0x08003f29   Thumb Code     6  basic.o(x$fpl$basic)
    __aeabi_fneg                             0x08003f2f   Thumb Code     0  basic.o(x$fpl$basic)
    _fneg                                    0x08003f2f   Thumb Code     6  basic.o(x$fpl$basic)
    _dabs                                    0x08003f35   Thumb Code     6  basic.o(x$fpl$basic)
    _fabs                                    0x08003f3b   Thumb Code     6  basic.o(x$fpl$basic)
    __aeabi_dadd                             0x08003f41   Thumb Code     0  daddsub_clz.o(x$fpl$dadd)
    _dadd                                    0x08003f41   Thumb Code   332  daddsub_clz.o(x$fpl$dadd)
    __aeabi_ddiv                             0x08004091   Thumb Code     0  ddiv.o(x$fpl$ddiv)
    _ddiv                                    0x08004091   Thumb Code   560  ddiv.o(x$fpl$ddiv)
    __aeabi_d2iz                             0x08004349   Thumb Code     0  dfix.o(x$fpl$dfix)
    _dfix                                    0x08004349   Thumb Code    94  dfix.o(x$fpl$dfix)
    __aeabi_d2uiz                            0x080043a9   Thumb Code     0  dfixu.o(x$fpl$dfixu)
    _dfixu                                   0x080043a9   Thumb Code    90  dfixu.o(x$fpl$dfixu)
    __aeabi_i2d                              0x08004403   Thumb Code     0  dflt_clz.o(x$fpl$dflt)
    _dflt                                    0x08004403   Thumb Code    46  dflt_clz.o(x$fpl$dflt)
    __aeabi_ui2d                             0x08004431   Thumb Code     0  dflt_clz.o(x$fpl$dfltu)
    _dfltu                                   0x08004431   Thumb Code    38  dflt_clz.o(x$fpl$dfltu)
    __aeabi_dmul                             0x08004459   Thumb Code     0  dmul.o(x$fpl$dmul)
    _dmul                                    0x08004459   Thumb Code   332  dmul.o(x$fpl$dmul)
    __fpl_dnaninf                            0x080045ad   Thumb Code   156  dnaninf.o(x$fpl$dnaninf)
    __fpl_dretinf                            0x08004649   Thumb Code    12  dretinf.o(x$fpl$dretinf)
    __aeabi_drsub                            0x08004655   Thumb Code     0  daddsub_clz.o(x$fpl$drsb)
    _drsb                                    0x08004655   Thumb Code    22  daddsub_clz.o(x$fpl$drsb)
    __aeabi_dsub                             0x0800466d   Thumb Code     0  daddsub_clz.o(x$fpl$dsub)
    _dsub                                    0x0800466d   Thumb Code   472  daddsub_clz.o(x$fpl$dsub)
    _fp_init                                 0x08004849   Thumb Code    26  fpinit.o(x$fpl$fpinit)
    __fplib_config_fpu_vfp                   0x08004861   Thumb Code     0  fpinit.o(x$fpl$fpinit)
    __fplib_config_pureend_doubles           0x08004861   Thumb Code     0  fpinit.o(x$fpl$fpinit)
    _printf_fp_dec                           0x08004863   Thumb Code     4  printf1.o(x$fpl$printf1)
    _printf_fp_hex                           0x08004867   Thumb Code     4  printf2.o(x$fpl$printf2)
    __I$use$fp                               0x0800486a   Number         0  usenofp.o(x$fpl$usenofp)
    AHBPrescTable                            0x08004a94   Data          16  system_stm32f4xx.o(.rodata.AHBPrescTable)
    Region$$Table$$Base                      0x08004ae0   Number         0  anon$$obj.o(Region$$Table)
    Region$$Table$$Limit                     0x08004b00   Number         0  anon$$obj.o(Region$$Table)
    __ctype                                  0x08004b29   Data           0  lc_ctype_c.o(locale$$data)
    SystemCoreClock                          0x20000000   Data           4  system_stm32f4xx.o(.data.SystemCoreClock)
    adc_string_PULSE                         0x20000004   Data           8  adc.o(.data.adc_string_PULSE)
    squareWave                               0x2000000c   Data           4  dac.o(.data.squareWave)
    state                                    0x20000010   Data           4  delay.o(.data.state)
    __libspace_start                         0x20000018   Data          96  libspace.o(.bss)
    BPM                                      0x20000078   Data           2  delay.o(.bss.BPM)
    __temporary_stack_top$libspace           0x20000078   Data           0  libspace.o(.bss)
    adc_result_current                       0x2000007a   Data           2  adc.o(.bss.adc_result_current)
    count                                    0x2000007c   Data           4  delay.o(.bss.count)
    duration                                 0x20000080   Data           4  delay.o(.bss.duration)
    hold_value                               0x20000084   Data           1  switches.o(.bss.hold_value)
    long_press_detected                      0x20000085   Data           1  switches.o(.bss.long_press_detected)
    lowerThreshold                           0x20000088   Data           4  delay.o(.bss.lowerThreshold)
    maxVal                                   0x2000008c   Data           4  delay.o(.bss.maxVal)
    press_start_time                         0x20000090   Data           4  switches.o(.bss.press_start_time)
    sine_index                               0x20000094   Data           4  dac.o(.bss.sine_index)
    sine_wave                                0x20000098   Data         400  dac.o(.bss.sine_wave)
    square_index                             0x20000228   Data           4  dac.o(.bss.square_index)
    start_time                               0x2000022c   Data           4  delay.o(.bss.start_time)
    timer_flag                               0x20000230   Data           1  buzzer.o(.bss.timer_flag)
    timer_flag2                              0x20000231   Data           1  switches.o(.bss.timer_flag2)
    triangleWave                             0x20000234   Data         400  dac.o(.bss.triangleWave)
    triangle_index                           0x200003c4   Data           4  dac.o(.bss.triangle_index)
    upperThreshold                           0x200003c8   Data           4  delay.o(.bss.upperThreshold)
    voltage_mv1                              0x200003cc   Data           4  delay.o(.bss.voltage_mv1)



==============================================================================

Memory Map of the image

  Image Entry point : 0x08000325

  Load Region LR_1 (Base: 0x08000000, Size: 0x00004c40, Max: 0xffffffff, ABSOLUTE)

    Execution Region ER_RO (Exec base: 0x08000000, Load base: 0x08000000, Size: 0x00004c2c, Max: 0xffffffff, ABSOLUTE)

    Exec Addr    Load Addr    Size         Type   Attr      Idx    E Section Name        Object

    0x08000000   0x08000000   0x000001ac   Data   RO          286    RESET               startup_stm32f429xx.o
    0x080001ac   0x080001ac   0x00000008   Code   RO          313  * !!!main             c_w.l(__main.o)
    0x080001b4   0x080001b4   0x0000005c   Code   RO          728    !!!scatter          c_w.l(__scatter.o)
    0x08000210   0x08000210   0x0000001a   Code   RO          732    !!handler_copy      c_w.l(__scatter_copy.o)
    0x0800022a   0x0800022a   0x00000002   PAD
    0x0800022c   0x0800022c   0x00000002   Code   RO          729    !!handler_null      c_w.l(__scatter.o)
    0x0800022e   0x0800022e   0x00000002   PAD
    0x08000230   0x08000230   0x0000001c   Code   RO          734    !!handler_zi        c_w.l(__scatter_zi.o)
    0x0800024c   0x0800024c   0x00000000   Code   RO          425    .ARM.Collect$$_printf_percent$$00000000  c_w.l(_printf_percent.o)
    0x0800024c   0x0800024c   0x00000006   Code   RO          414    .ARM.Collect$$_printf_percent$$00000001  c_w.l(_printf_n.o)
    0x08000252   0x08000252   0x00000006   Code   RO          416    .ARM.Collect$$_printf_percent$$00000002  c_w.l(_printf_p.o)
    0x08000258   0x08000258   0x00000006   Code   RO          421    .ARM.Collect$$_printf_percent$$00000003  c_w.l(_printf_f.o)
    0x0800025e   0x0800025e   0x00000006   Code   RO          422    .ARM.Collect$$_printf_percent$$00000004  c_w.l(_printf_e.o)
    0x08000264   0x08000264   0x00000006   Code   RO          423    .ARM.Collect$$_printf_percent$$00000005  c_w.l(_printf_g.o)
    0x0800026a   0x0800026a   0x00000006   Code   RO          424    .ARM.Collect$$_printf_percent$$00000006  c_w.l(_printf_a.o)
    0x08000270   0x08000270   0x0000000a   Code   RO          429    .ARM.Collect$$_printf_percent$$00000007  c_w.l(_printf_ll.o)
    0x0800027a   0x0800027a   0x00000006   Code   RO          418    .ARM.Collect$$_printf_percent$$00000008  c_w.l(_printf_i.o)
    0x08000280   0x08000280   0x00000006   Code   RO          419    .ARM.Collect$$_printf_percent$$00000009  c_w.l(_printf_d.o)
    0x08000286   0x08000286   0x00000006   Code   RO          420    .ARM.Collect$$_printf_percent$$0000000A  c_w.l(_printf_u.o)
    0x0800028c   0x0800028c   0x00000006   Code   RO          417    .ARM.Collect$$_printf_percent$$0000000B  c_w.l(_printf_o.o)
    0x08000292   0x08000292   0x00000006   Code   RO          415    .ARM.Collect$$_printf_percent$$0000000C  c_w.l(_printf_x.o)
    0x08000298   0x08000298   0x00000006   Code   RO          426    .ARM.Collect$$_printf_percent$$0000000D  c_w.l(_printf_lli.o)
    0x0800029e   0x0800029e   0x00000006   Code   RO          427    .ARM.Collect$$_printf_percent$$0000000E  c_w.l(_printf_lld.o)
    0x080002a4   0x080002a4   0x00000006   Code   RO          428    .ARM.Collect$$_printf_percent$$0000000F  c_w.l(_printf_llu.o)
    0x080002aa   0x080002aa   0x00000006   Code   RO          433    .ARM.Collect$$_printf_percent$$00000010  c_w.l(_printf_llo.o)
    0x080002b0   0x080002b0   0x00000006   Code   RO          434    .ARM.Collect$$_printf_percent$$00000011  c_w.l(_printf_llx.o)
    0x080002b6   0x080002b6   0x0000000a   Code   RO          430    .ARM.Collect$$_printf_percent$$00000012  c_w.l(_printf_l.o)
    0x080002c0   0x080002c0   0x00000006   Code   RO          412    .ARM.Collect$$_printf_percent$$00000013  c_w.l(_printf_c.o)
    0x080002c6   0x080002c6   0x00000006   Code   RO          413    .ARM.Collect$$_printf_percent$$00000014  c_w.l(_printf_s.o)
    0x080002cc   0x080002cc   0x00000006   Code   RO          431    .ARM.Collect$$_printf_percent$$00000015  c_w.l(_printf_lc.o)
    0x080002d2   0x080002d2   0x00000006   Code   RO          432    .ARM.Collect$$_printf_percent$$00000016  c_w.l(_printf_ls.o)
    0x080002d8   0x080002d8   0x00000004   Code   RO          512    .ARM.Collect$$_printf_percent$$00000017  c_w.l(_printf_percent_end.o)
    0x080002dc   0x080002dc   0x00000002   Code   RO          582    .ARM.Collect$$libinit$$00000000  c_w.l(libinit.o)
    0x080002de   0x080002de   0x00000004   Code   RO          594    .ARM.Collect$$libinit$$00000001  c_w.l(libinit2.o)
    0x080002e2   0x080002e2   0x00000000   Code   RO          597    .ARM.Collect$$libinit$$00000004  c_w.l(libinit2.o)
    0x080002e2   0x080002e2   0x00000000   Code   RO          599    .ARM.Collect$$libinit$$00000006  c_w.l(libinit2.o)
    0x080002e2   0x080002e2   0x00000000   Code   RO          602    .ARM.Collect$$libinit$$0000000C  c_w.l(libinit2.o)
    0x080002e2   0x080002e2   0x00000000   Code   RO          604    .ARM.Collect$$libinit$$0000000E  c_w.l(libinit2.o)
    0x080002e2   0x080002e2   0x00000000   Code   RO          606    .ARM.Collect$$libinit$$00000010  c_w.l(libinit2.o)
    0x080002e2   0x080002e2   0x00000006   Code   RO          607    .ARM.Collect$$libinit$$00000011  c_w.l(libinit2.o)
    0x080002e8   0x080002e8   0x00000000   Code   RO          609    .ARM.Collect$$libinit$$00000013  c_w.l(libinit2.o)
    0x080002e8   0x080002e8   0x0000000c   Code   RO          610    .ARM.Collect$$libinit$$00000014  c_w.l(libinit2.o)
    0x080002f4   0x080002f4   0x00000000   Code   RO          611    .ARM.Collect$$libinit$$00000015  c_w.l(libinit2.o)
    0x080002f4   0x080002f4   0x00000000   Code   RO          613    .ARM.Collect$$libinit$$00000017  c_w.l(libinit2.o)
    0x080002f4   0x080002f4   0x0000000a   Code   RO          614    .ARM.Collect$$libinit$$00000018  c_w.l(libinit2.o)
    0x080002fe   0x080002fe   0x00000000   Code   RO          615    .ARM.Collect$$libinit$$00000019  c_w.l(libinit2.o)
    0x080002fe   0x080002fe   0x00000000   Code   RO          617    .ARM.Collect$$libinit$$0000001B  c_w.l(libinit2.o)
    0x080002fe   0x080002fe   0x00000000   Code   RO          619    .ARM.Collect$$libinit$$0000001D  c_w.l(libinit2.o)
    0x080002fe   0x080002fe   0x00000000   Code   RO          621    .ARM.Collect$$libinit$$0000001F  c_w.l(libinit2.o)
    0x080002fe   0x080002fe   0x00000000   Code   RO          623    .ARM.Collect$$libinit$$00000021  c_w.l(libinit2.o)
    0x080002fe   0x080002fe   0x00000000   Code   RO          625    .ARM.Collect$$libinit$$00000023  c_w.l(libinit2.o)
    0x080002fe   0x080002fe   0x00000000   Code   RO          627    .ARM.Collect$$libinit$$00000025  c_w.l(libinit2.o)
    0x080002fe   0x080002fe   0x00000000   Code   RO          629    .ARM.Collect$$libinit$$00000027  c_w.l(libinit2.o)
    0x080002fe   0x080002fe   0x00000000   Code   RO          633    .ARM.Collect$$libinit$$0000002E  c_w.l(libinit2.o)
    0x080002fe   0x080002fe   0x00000000   Code   RO          635    .ARM.Collect$$libinit$$00000030  c_w.l(libinit2.o)
    0x080002fe   0x080002fe   0x00000000   Code   RO          637    .ARM.Collect$$libinit$$00000032  c_w.l(libinit2.o)
    0x080002fe   0x080002fe   0x00000000   Code   RO          639    .ARM.Collect$$libinit$$00000034  c_w.l(libinit2.o)
    0x080002fe   0x080002fe   0x00000002   Code   RO          640    .ARM.Collect$$libinit$$00000035  c_w.l(libinit2.o)
    0x08000300   0x08000300   0x00000002   Code   RO          664    .ARM.Collect$$libshutdown$$00000000  c_w.l(libshutdown.o)
    0x08000302   0x08000302   0x00000000   Code   RO          679    .ARM.Collect$$libshutdown$$00000002  c_w.l(libshutdown2.o)
    0x08000302   0x08000302   0x00000000   Code   RO          681    .ARM.Collect$$libshutdown$$00000004  c_w.l(libshutdown2.o)
    0x08000302   0x08000302   0x00000000   Code   RO          684    .ARM.Collect$$libshutdown$$00000007  c_w.l(libshutdown2.o)
    0x08000302   0x08000302   0x00000000   Code   RO          687    .ARM.Collect$$libshutdown$$0000000A  c_w.l(libshutdown2.o)
    0x08000302   0x08000302   0x00000000   Code   RO          689    .ARM.Collect$$libshutdown$$0000000C  c_w.l(libshutdown2.o)
    0x08000302   0x08000302   0x00000000   Code   RO          692    .ARM.Collect$$libshutdown$$0000000F  c_w.l(libshutdown2.o)
    0x08000302   0x08000302   0x00000002   Code   RO          693    .ARM.Collect$$libshutdown$$00000010  c_w.l(libshutdown2.o)
    0x08000304   0x08000304   0x00000000   Code   RO          341    .ARM.Collect$$rtentry$$00000000  c_w.l(__rtentry.o)
    0x08000304   0x08000304   0x00000000   Code   RO          476    .ARM.Collect$$rtentry$$00000002  c_w.l(__rtentry2.o)
    0x08000304   0x08000304   0x00000006   Code   RO          488    .ARM.Collect$$rtentry$$00000004  c_w.l(__rtentry4.o)
    0x0800030a   0x0800030a   0x00000000   Code   RO          478    .ARM.Collect$$rtentry$$00000009  c_w.l(__rtentry2.o)
    0x0800030a   0x0800030a   0x00000004   Code   RO          479    .ARM.Collect$$rtentry$$0000000A  c_w.l(__rtentry2.o)
    0x0800030e   0x0800030e   0x00000000   Code   RO          481    .ARM.Collect$$rtentry$$0000000C  c_w.l(__rtentry2.o)
    0x0800030e   0x0800030e   0x00000008   Code   RO          482    .ARM.Collect$$rtentry$$0000000D  c_w.l(__rtentry2.o)
    0x08000316   0x08000316   0x00000002   Code   RO          585    .ARM.Collect$$rtexit$$00000000  c_w.l(rtexit.o)
    0x08000318   0x08000318   0x00000000   Code   RO          642    .ARM.Collect$$rtexit$$00000002  c_w.l(rtexit2.o)
    0x08000318   0x08000318   0x00000004   Code   RO          643    .ARM.Collect$$rtexit$$00000003  c_w.l(rtexit2.o)
    0x0800031c   0x0800031c   0x00000006   Code   RO          644    .ARM.Collect$$rtexit$$00000004  c_w.l(rtexit2.o)
    0x08000322   0x08000322   0x00000002   PAD
    0x08000324   0x08000324   0x00000040   Code   RO          287  * .text               startup_stm32f429xx.o
    0x08000364   0x08000364   0x0000002c   Code   RO          309    .text               c_w.l(sprintf.o)
    0x08000390   0x08000390   0x00000006   Code   RO          311    .text               c_w.l(heapauxi.o)
    0x08000396   0x08000396   0x00000016   Code   RO          342    .text               c_w.l(_rserrno.o)
    0x080003ac   0x080003ac   0x0000004e   Code   RO          346    .text               c_w.l(_printf_pad.o)
    0x080003fa   0x080003fa   0x00000024   Code   RO          348    .text               c_w.l(_printf_truncate.o)
    0x0800041e   0x0800041e   0x00000052   Code   RO          350    .text               c_w.l(_printf_str.o)
    0x08000470   0x08000470   0x00000078   Code   RO          352    .text               c_w.l(_printf_dec.o)
    0x080004e8   0x080004e8   0x00000028   Code   RO          354    .text               c_w.l(_printf_charcount.o)
    0x08000510   0x08000510   0x00000030   Code   RO          356    .text               c_w.l(_printf_char_common.o)
    0x08000540   0x08000540   0x0000000a   Code   RO          358    .text               c_w.l(_sputc.o)
    0x0800054a   0x0800054a   0x00000002   PAD
    0x0800054c   0x0800054c   0x000000bc   Code   RO          360    .text               c_w.l(_printf_wctomb.o)
    0x08000608   0x08000608   0x0000007c   Code   RO          363    .text               c_w.l(_printf_longlong_dec.o)
    0x08000684   0x08000684   0x00000070   Code   RO          369    .text               c_w.l(_printf_oct_int_ll.o)
    0x080006f4   0x080006f4   0x00000094   Code   RO          389    .text               c_w.l(_printf_hex_int_ll_ptr.o)
    0x08000788   0x08000788   0x00000188   Code   RO          409    .text               c_w.l(__printf_flags_ss_wp.o)
    0x08000910   0x08000910   0x00000008   Code   RO          493    .text               c_w.l(rt_errno_addr_intlibspace.o)
    0x08000918   0x08000918   0x0000008a   Code   RO          495    .text               c_w.l(lludiv10.o)
    0x080009a2   0x080009a2   0x000000b2   Code   RO          497    .text               c_w.l(_printf_intcommon.o)
    0x08000a54   0x08000a54   0x0000041c   Code   RO          499    .text               c_w.l(_printf_fp_dec.o)
    0x08000e70   0x08000e70   0x000002fc   Code   RO          503    .text               c_w.l(_printf_fp_hex.o)
    0x0800116c   0x0800116c   0x0000002c   Code   RO          508    .text               c_w.l(_printf_char.o)
    0x08001198   0x08001198   0x0000002c   Code   RO          510    .text               c_w.l(_printf_wchar.o)
    0x080011c4   0x080011c4   0x00000048   Code   RO          513    .text               c_w.l(_c16rtomb.o)
    0x0800120c   0x0800120c   0x00000008   Code   RO          531    .text               c_w.l(libspace.o)
    0x08001214   0x08001214   0x0000004a   Code   RO          534    .text               c_w.l(sys_stackheap_outer.o)
    0x0800125e   0x0800125e   0x00000002   PAD
    0x08001260   0x08001260   0x00000010   Code   RO          536    .text               c_w.l(rt_ctype_table.o)
    0x08001270   0x08001270   0x00000008   Code   RO          541    .text               c_w.l(rt_locale_intlibspace.o)
    0x08001278   0x08001278   0x00000080   Code   RO          543    .text               c_w.l(_printf_fp_infnan.o)
    0x080012f8   0x080012f8   0x000000e4   Code   RO          545    .text               c_w.l(bigflt0.o)
    0x080013dc   0x080013dc   0x00000012   Code   RO          575    .text               c_w.l(exit.o)
    0x080013ee   0x080013ee   0x00000002   PAD
    0x080013f0   0x080013f0   0x0000007c   Code   RO          592    .text               c_w.l(strcmpv7em.o)
    0x0800146c   0x0800146c   0x0000000c   Code   RO          654    .text               c_w.l(sys_exit.o)
    0x08001478   0x08001478   0x00000002   Code   RO          669    .text               c_w.l(use_no_semi.o)
    0x0800147a   0x0800147a   0x00000000   Code   RO          671    .text               c_w.l(indicate_semi.o)
    0x0800147a   0x0800147a   0x00000006   PAD
    0x08001480   0x08001480   0x000002b0   Code   RO          257    .text.ADC_IRQHandler  delay.o
    0x08001730   0x08001730   0x000001be   Code   RO            2    .text.BUTTON_INIT   switches.o
    0x080018ee   0x080018ee   0x00000002   PAD
    0x080018f0   0x080018f0   0x000000a2   Code   RO          170    .text.CONFIG_GPIO_FOR_SPI  spi.o
    0x08001992   0x08001992   0x00000002   PAD
    0x08001994   0x08001994   0x00000018   Code   RO           93    .text.DAC2_OUTPUT   dac.o
    0x080019ac   0x080019ac   0x00000042   Code   RO           24    .text.EXTI0_IRQHandler  switches.o
    0x080019ee   0x080019ee   0x00000002   PAD
    0x080019f0   0x080019f0   0x000000aa   Code   RO           20    .text.EXTI15_10_IRQHandler  switches.o
    0x08001a9a   0x08001a9a   0x00000002   PAD
    0x08001a9c   0x08001a9c   0x00000044   Code   RO           28    .text.EXTI1_IRQHandler  switches.o
    0x08001ae0   0x08001ae0   0x00000044   Code   RO           32    .text.EXTI2_IRQHandler  switches.o
    0x08001b24   0x08001b24   0x00000044   Code   RO           36    .text.EXTI3_IRQHandler  switches.o
    0x08001b68   0x08001b68   0x0000005a   Code   RO          130    .text.INIT_BUZZ     buzzer.o
    0x08001bc2   0x08001bc2   0x00000002   PAD
    0x08001bc4   0x08001bc4   0x00000050   Code   RO           89    .text.INIT_DAC      dac.o
    0x08001c14   0x08001c14   0x00000052   Code   RO           22    .text.INIT_EXTI0    switches.o
    0x08001c66   0x08001c66   0x00000002   PAD
    0x08001c68   0x08001c68   0x00000052   Code   RO           26    .text.INIT_EXTI1    switches.o
    0x08001cba   0x08001cba   0x00000002   PAD
    0x08001cbc   0x08001cbc   0x00000062   Code   RO           16    .text.INIT_EXTI13   switches.o
    0x08001d1e   0x08001d1e   0x00000002   PAD
    0x08001d20   0x08001d20   0x00000052   Code   RO           30    .text.INIT_EXTI2    switches.o
    0x08001d72   0x08001d72   0x00000002   PAD
    0x08001d74   0x08001d74   0x00000052   Code   RO           34    .text.INIT_EXTI3    switches.o
    0x08001dc6   0x08001dc6   0x00000002   PAD
    0x08001dc8   0x08001dc8   0x000000aa   Code   RO           73    .text.INIT_LCD      lcd.o
    0x08001e72   0x08001e72   0x00000002   PAD
    0x08001e74   0x08001e74   0x00000062   Code   RO           42    .text.INIT_TIM12    switches.o
    0x08001ed6   0x08001ed6   0x00000002   PAD
    0x08001ed8   0x08001ed8   0x00000054   Code   RO          132    .text.INIT_TIM3     buzzer.o
    0x08001f2c   0x08001f2c   0x00000060   Code   RO          113    .text.INIT_TIM7     dac.o
    0x08001f8c   0x08001f8c   0x0000003e   Code   RO           12    .text.Init_Timer3_2s  switches.o
    0x08001fca   0x08001fca   0x00000002   PAD
    0x08001fcc   0x08001fcc   0x0000002e   Code   RO           65    .text.LCD_strobe    lcd.o
    0x08001ffa   0x08001ffa   0x00000002   PAD
    0x08001ffc   0x08001ffc   0x000000b4   Code   RO          203    .text.PLL_Config    main.o
    0x080020b0   0x080020b0   0x0000002e   Code   RO          146    .text.START_BEEP    buzzer.o
    0x080020de   0x080020de   0x00000002   PAD
    0x080020e0   0x080020e0   0x0000004c   Code   RO            4    .text.SWITCH_BOUNCE_DELAY  switches.o
    0x0800212c   0x0800212c   0x0000012e   Code   RO          296    .text.SystemCoreClockUpdate  system_stm32f4xx.o
    0x0800225a   0x0800225a   0x00000002   PAD
    0x0800225c   0x0800225c   0x00000012   Code   RO          294    .text.SystemInit    system_stm32f4xx.o
    0x0800226e   0x0800226e   0x00000002   PAD
    0x08002270   0x08002270   0x00000050   Code   RO          136    .text.TIM3_DELAY    buzzer.o
    0x080022c0   0x080022c0   0x00000030   Code   RO          138    .text.TIM3_IRQHandler  buzzer.o
    0x080022f0   0x080022f0   0x0000004e   Code   RO          105    .text.TIM4_IRQHandler  dac.o
    0x0800233e   0x0800233e   0x00000002   PAD
    0x08002340   0x08002340   0x00000092   Code   RO          109    .text.TIM5_IRQHandler  dac.o
    0x080023d2   0x080023d2   0x00000002   PAD
    0x080023d4   0x080023d4   0x0000002a   Code   RO          265    .text.TIM6_DAC_IRQHandler  delay.o
    0x080023fe   0x080023fe   0x00000002   PAD
    0x08002400   0x08002400   0x0000005e   Code   RO          115    .text.TIM7_IRQHandler  dac.o
    0x0800245e   0x0800245e   0x00000002   PAD
    0x08002460   0x08002460   0x00000030   Code   RO           44    .text.TIM8_BRK_TIM12_IRQHandler  switches.o
    0x08002490   0x08002490   0x0000004a   Code   RO           79    .text.TIM8_TRG_COM_TIM14_IRQHandler  lcd.o
    0x080024da   0x080024da   0x00000002   PAD
    0x080024dc   0x080024dc   0x00000030   Code   RO           40    .text.TIM8_UP_TIM13_IRQHandler  switches.o
    0x0800250c   0x0800250c   0x00000012   Code   RO          142    .text.TOGGLE_BUZZER  buzzer.o
    0x0800251e   0x0800251e   0x00000002   PAD
    0x08002520   0x08002520   0x00000052   Code   RO           59    .text.WAIT_LCD_BUSY  lcd.o
    0x08002572   0x08002572   0x00000002   PAD
    0x08002574   0x08002574   0x00000030   Code   RO           18    .text.__NVIC_EnableIRQ  switches.o
    0x080025a4   0x080025a4   0x00000030   Code   RO          103    .text.__NVIC_EnableIRQ  dac.o
    0x080025d4   0x080025d4   0x00000030   Code   RO          134    .text.__NVIC_EnableIRQ  buzzer.o
    0x08002604   0x08002604   0x00000030   Code   RO          224    .text.__NVIC_EnableIRQ  adc.o
    0x08002634   0x08002634   0x00000030   Code   RO          261    .text.__NVIC_EnableIRQ  delay.o
    0x08002664   0x08002664   0x00000042   Code   RO          263    .text.__NVIC_SetPriority  delay.o
    0x080026a6   0x080026a6   0x00000002   PAD
    0x080026a8   0x080026a8   0x00000012   Code   RO          226    .text.adc_trigger   adc.o
    0x080026ba   0x080026ba   0x00000002   PAD
    0x080026bc   0x080026bc   0x00000030   Code   RO           67    .text.cmdLCD        lcd.o
    0x080026ec   0x080026ec   0x000000b0   Code   RO          228    .text.convert_adc_result  adc.o
    0x0800279c   0x0800279c   0x00000004   PAD
    0x080027a0   0x080027a0   0x00000120   Code   RO           99    .text.generateComplexWave  dac.o
    0x080028c0   0x080028c0   0x00000062   Code   RO          259    .text.init_Timer6   delay.o
    0x08002922   0x08002922   0x00000002   PAD
    0x08002924   0x08002924   0x000000a2   Code   RO          222    .text.init_adc      adc.o
    0x080029c6   0x080029c6   0x00000002   PAD
    0x080029c8   0x080029c8   0x0000010c   Code   RO          246    .text.init_usart    usart.o
    0x08002ad4   0x08002ad4   0x00000050   Code   RO           57    .text.lcd_delayus   lcd.o
    0x08002b24   0x08002b24   0x000001c4   Code   RO          205    .text.main          main.o
    0x08002ce8   0x08002ce8   0x00000030   Code   RO           69    .text.putLCD        lcd.o
    0x08002d18   0x08002d18   0x0000003e   Code   RO           71    .text.putStrLCD     lcd.o
    0x08002d56   0x08002d56   0x00000002   PAD
    0x08002d58   0x08002d58   0x0000002e   Code   RO          248    .text.send_usart    usart.o
    0x08002d86   0x08002d86   0x00000002   PAD
    0x08002d88   0x08002d88   0x0000001e   Code   RO           61    .text.set_LCD_data  lcd.o
    0x08002da6   0x08002da6   0x00000002   PAD
    0x08002da8   0x08002da8   0x0000004c   Code   RO            6    .text.wait_us       switches.o
    0x08002df4   0x08002df4   0x0000003e   Code   RO          548    CL$$btod_d2e        c_w.l(btod.o)
    0x08002e32   0x08002e32   0x00000046   Code   RO          550    CL$$btod_d2e_denorm_low  c_w.l(btod.o)
    0x08002e78   0x08002e78   0x00000060   Code   RO          549    CL$$btod_d2e_norm_op1  c_w.l(btod.o)
    0x08002ed8   0x08002ed8   0x00000338   Code   RO          558    CL$$btod_div_common  c_w.l(btod.o)
    0x08003210   0x08003210   0x000000dc   Code   RO          555    CL$$btod_e2e        c_w.l(btod.o)
    0x080032ec   0x080032ec   0x0000002a   Code   RO          552    CL$$btod_ediv       c_w.l(btod.o)
    0x08003316   0x08003316   0x0000002a   Code   RO          551    CL$$btod_emul       c_w.l(btod.o)
    0x08003340   0x08003340   0x00000244   Code   RO          557    CL$$btod_mult_common  c_w.l(btod.o)
    0x08003584   0x08003584   0x00000030   Code   RO          527    i.__ARM_fpclassify  m_wm.l(fpclassify.o)
    0x080035b4   0x080035b4   0x00000004   PAD
    0x080035b8   0x080035b8   0x000000c8   Code   RO          335    i.__hardfp_sin      m_wm.l(sin.o)
    0x08003680   0x08003680   0x00000438   Code   RO          467    i.__ieee754_rem_pio2  m_wm.l(rred.o)
    0x08003ab8   0x08003ab8   0x00000170   Code   RO          450    i.__kernel_cos      m_wm.l(cos_i.o)
    0x08003c28   0x08003c28   0x000000f8   Code   RO          529    i.__kernel_poly     m_wm.l(poly.o)
    0x08003d20   0x08003d20   0x00000130   Code   RO          472    i.__kernel_sin      m_wm.l(sin_i.o)
    0x08003e50   0x08003e50   0x00000014   Code   RO          454    i.__mathlib_dbl_infnan  m_wm.l(dunder.o)
    0x08003e64   0x08003e64   0x00000004   PAD
    0x08003e68   0x08003e68   0x00000020   Code   RO          456    i.__mathlib_dbl_invalid  m_wm.l(dunder.o)
    0x08003e88   0x08003e88   0x00000020   Code   RO          459    i.__mathlib_dbl_underflow  m_wm.l(dunder.o)
    0x08003ea8   0x08003ea8   0x0000000e   Code   RO          402    i._is_digit         c_w.l(__printf_wp.o)
    0x08003eb6   0x08003eb6   0x00000018   Code   RO          523    i.fabs              m_wm.l(fabs.o)
    0x08003ece   0x08003ece   0x00000002   PAD
    0x08003ed0   0x08003ed0   0x0000002c   Code   RO          573    locale$$code        c_w.l(lc_numeric_c.o)
    0x08003efc   0x08003efc   0x0000002c   Code   RO          590    locale$$code        c_w.l(lc_ctype_c.o)
    0x08003f28   0x08003f28   0x00000018   Code   RO          435    x$fpl$basic         fz_wm.l(basic.o)
    0x08003f40   0x08003f40   0x00000150   Code   RO          515    x$fpl$dadd          fz_wm.l(daddsub_clz.o)
    0x08004090   0x08004090   0x000002b8   Code   RO          316    x$fpl$ddiv          fz_wm.l(ddiv.o)
    0x08004348   0x08004348   0x0000005e   Code   RO          319    x$fpl$dfix          fz_wm.l(dfix.o)
    0x080043a6   0x080043a6   0x00000002   PAD
    0x080043a8   0x080043a8   0x0000005a   Code   RO          323    x$fpl$dfixu         fz_wm.l(dfixu.o)
    0x08004402   0x08004402   0x0000002e   Code   RO          328    x$fpl$dflt          fz_wm.l(dflt_clz.o)
    0x08004430   0x08004430   0x00000026   Code   RO          327    x$fpl$dfltu         fz_wm.l(dflt_clz.o)
    0x08004456   0x08004456   0x00000002   PAD
    0x08004458   0x08004458   0x00000154   Code   RO          333    x$fpl$dmul          fz_wm.l(dmul.o)
    0x080045ac   0x080045ac   0x0000009c   Code   RO          437    x$fpl$dnaninf       fz_wm.l(dnaninf.o)
    0x08004648   0x08004648   0x0000000c   Code   RO          439    x$fpl$dretinf       fz_wm.l(dretinf.o)
    0x08004654   0x08004654   0x00000016   Code   RO          516    x$fpl$drsb          fz_wm.l(daddsub_clz.o)
    0x0800466a   0x0800466a   0x00000002   PAD
    0x0800466c   0x0800466c   0x000001dc   Code   RO          517    x$fpl$dsub          fz_wm.l(daddsub_clz.o)
    0x08004848   0x08004848   0x0000001a   Code   RO          652    x$fpl$fpinit        fz_wm.l(fpinit.o)
    0x08004862   0x08004862   0x00000004   Code   RO          441    x$fpl$printf1       fz_wm.l(printf1.o)
    0x08004866   0x08004866   0x00000004   Code   RO          443    x$fpl$printf2       fz_wm.l(printf2.o)
    0x0800486a   0x0800486a   0x00000000   Code   RO          449    x$fpl$usenofp       fz_wm.l(usenofp.o)
    0x0800486a   0x0800486a   0x00000002   PAD
    0x0800486c   0x0800486c   0x00000008   Data   RO          361    .constdata          c_w.l(_printf_wctomb.o)
    0x08004874   0x08004874   0x00000028   Data   RO          390    .constdata          c_w.l(_printf_hex_int_ll_ptr.o)
    0x0800489c   0x0800489c   0x00000011   Data   RO          410    .constdata          c_w.l(__printf_flags_ss_wp.o)
    0x080048ad   0x080048ad   0x00000003   PAD
    0x080048b0   0x080048b0   0x00000030   Data   RO          451    .constdata          m_wm.l(cos_i.o)
    0x080048e0   0x080048e0   0x000000cc   Data   RO          469    .constdata          m_wm.l(rred.o)
    0x080049ac   0x080049ac   0x00000004   PAD
    0x080049b0   0x080049b0   0x00000028   Data   RO          473    .constdata          m_wm.l(sin_i.o)
    0x080049d8   0x080049d8   0x00000026   Data   RO          504    .constdata          c_w.l(_printf_fp_hex.o)
    0x080049fe   0x080049fe   0x00000002   PAD
    0x08004a00   0x08004a00   0x00000094   Data   RO          546    .constdata          c_w.l(bigflt0.o)
    0x08004a94   0x08004a94   0x00000010   Data   RO          299    .rodata.AHBPrescTable  system_stm32f4xx.o
    0x08004aa4   0x08004aa4   0x00000020   Data   RO           81    .rodata.str1.1      lcd.o
    0x08004ac4   0x08004ac4   0x0000001a   Data   RO          207    .rodata.str1.1      main.o
    0x08004ade   0x08004ade   0x00000002   PAD
    0x08004ae0   0x08004ae0   0x00000020   Data   RO          727    Region$$Table       anon$$obj.o
    0x08004b00   0x08004b00   0x0000001c   Data   RO          572    locale$$data        c_w.l(lc_numeric_c.o)
    0x08004b1c   0x08004b1c   0x00000110   Data   RO          589    locale$$data        c_w.l(lc_ctype_c.o)


    Execution Region ER_RW (Exec base: 0x20000000, Load base: 0x08004c2c, Size: 0x00000014, Max: 0xffffffff, ABSOLUTE)

    Exec Addr    Load Addr    Size         Type   Attr      Idx    E Section Name        Object

    0x20000000   0x08004c2c   0x00000004   Data   RW          298    .data.SystemCoreClock  system_stm32f4xx.o
    0x20000004   0x08004c30   0x00000008   Data   RW          235    .data.adc_string_PULSE  adc.o
    0x2000000c   0x08004c38   0x00000004   Data   RW          119    .data.squareWave    dac.o
    0x20000010   0x08004c3c   0x00000004   Data   RW          270    .data.state         delay.o


    Execution Region ER_ZI (Exec base: 0x20000018, Load base: 0x08004c40, Size: 0x000009b8, Max: 0xffffffff, ABSOLUTE)

    Exec Addr    Load Addr    Size         Type   Attr      Idx    E Section Name        Object

    0x20000018        -       0x00000060   Zero   RW          532    .bss                c_w.l(libspace.o)
    0x20000078        -       0x00000002   Zero   RW          277    .bss.BPM            delay.o
    0x2000007a        -       0x00000002   Zero   RW          234    .bss.adc_result_current  adc.o
    0x2000007c        -       0x00000004   Zero   RW          271    .bss.count          delay.o
    0x20000080        -       0x00000004   Zero   RW          276    .bss.duration       delay.o
    0x20000084        -       0x00000001   Zero   RW           46    .bss.hold_value     switches.o
    0x20000085        -       0x00000001   Zero   RW           49    .bss.long_press_detected  switches.o
    0x20000086   0x08004c40   0x00000002   PAD
    0x20000088        -       0x00000004   Zero   RW          274    .bss.lowerThreshold  delay.o
    0x2000008c        -       0x00000004   Zero   RW          267    .bss.maxVal         delay.o
    0x20000090        -       0x00000004   Zero   RW           48    .bss.press_start_time  switches.o
    0x20000094        -       0x00000004   Zero   RW          118    .bss.sine_index     dac.o
    0x20000098        -       0x00000190   Zero   RW          121    .bss.sine_wave      dac.o
    0x20000228        -       0x00000004   Zero   RW          120    .bss.square_index   dac.o
    0x2000022c        -       0x00000004   Zero   RW          275    .bss.start_time     delay.o
    0x20000230        -       0x00000001   Zero   RW          162    .bss.timer_flag     buzzer.o
    0x20000231        -       0x00000001   Zero   RW           47    .bss.timer_flag2    switches.o
    0x20000232   0x08004c40   0x00000002   PAD
    0x20000234        -       0x00000190   Zero   RW          122    .bss.triangleWave   dac.o
    0x200003c4        -       0x00000004   Zero   RW          117    .bss.triangle_index  dac.o
    0x200003c8        -       0x00000004   Zero   RW          273    .bss.upperThreshold  delay.o
    0x200003cc        -       0x00000004   Zero   RW          272    .bss.voltage_mv1    delay.o
    0x200003d0        -       0x00000200   Zero   RW          285    HEAP                startup_stm32f429xx.o
    0x200005d0        -       0x00000400   Zero   RW          284    STACK               startup_stm32f429xx.o


==============================================================================

Image component sizes


      Code (inc. data)   RO Data    RW Data    ZI Data      Debug   Object Name

       404          0          0          8          2       5607   adc.o
       414          0          0          0          1       6743   buzzer.o
       854         24          0          4        812       7094   dac.o
       942         16          0          4         30       6767   delay.o
       640          0         32          0          0       6064   lcd.o
       632          0         26          0          0       3129   main.o
       162          0          0          0          0       3291   spi.o
        64         26        428          0       1536        880   startup_stm32f429xx.o
      1768          0          0          0          7       8109   switches.o
       320          0         16          4          0       2701   system_stm32f4xx.o
       314          0          0          0          0       2112   usart.o

    ----------------------------------------------------------------------
      6580         66        536         20       2392      52497   Object Totals
         0          0         32          0          0          0   (incl. Generated)
        66          0          2          0          4          0   (incl. Padding)

    ----------------------------------------------------------------------

      Code (inc. data)   RO Data    RW Data    ZI Data      Debug   Library Member Name

         8          0          0          0          0         68   __main.o
       392          4         17          0          0         92   __printf_flags_ss_wp.o
        14          0          0          0          0         68   __printf_wp.o
         0          0          0          0          0          0   __rtentry.o
        12          0          0          0          0          0   __rtentry2.o
         6          0          0          0          0          0   __rtentry4.o
        94          8          0          0          0          0   __scatter.o
        26          0          0          0          0          0   __scatter_copy.o
        28          0          0          0          0          0   __scatter_zi.o
        72          0          0          0          0         96   _c16rtomb.o
         6          0          0          0          0          0   _printf_a.o
         6          0          0          0          0          0   _printf_c.o
        44          0          0          0          0        108   _printf_char.o
        48          6          0          0          0         96   _printf_char_common.o
        40          0          0          0          0         68   _printf_charcount.o
         6          0          0          0          0          0   _printf_d.o
       120         16          0          0          0         92   _printf_dec.o
         6          0          0          0          0          0   _printf_e.o
         6          0          0          0          0          0   _printf_f.o
      1052          0          0          0          0        148   _printf_fp_dec.o
       764          8         38          0          0        100   _printf_fp_hex.o
       128         16          0          0          0         84   _printf_fp_infnan.o
         6          0          0          0          0          0   _printf_g.o
       148          4         40          0          0        160   _printf_hex_int_ll_ptr.o
         6          0          0          0          0          0   _printf_i.o
       178          0          0          0          0         88   _printf_intcommon.o
        10          0          0          0          0          0   _printf_l.o
         6          0          0          0          0          0   _printf_lc.o
        10          0          0          0          0          0   _printf_ll.o
         6          0          0          0          0          0   _printf_lld.o
         6          0          0          0          0          0   _printf_lli.o
         6          0          0          0          0          0   _printf_llo.o
         6          0          0          0          0          0   _printf_llu.o
         6          0          0          0          0          0   _printf_llx.o
       124         16          0          0          0         92   _printf_longlong_dec.o
         6          0          0          0          0          0   _printf_ls.o
         6          0          0          0          0          0   _printf_n.o
         6          0          0          0          0          0   _printf_o.o
       112          8          0          0          0        124   _printf_oct_int_ll.o
         6          0          0          0          0          0   _printf_p.o
        78          0          0          0          0        108   _printf_pad.o
         0          0          0          0          0          0   _printf_percent.o
         4          0          0          0          0          0   _printf_percent_end.o
         6          0          0          0          0          0   _printf_s.o
        82          0          0          0          0         80   _printf_str.o
        36          0          0          0          0         84   _printf_truncate.o
         6          0          0          0          0          0   _printf_u.o
        44          0          0          0          0        108   _printf_wchar.o
       188          6          8          0          0         92   _printf_wctomb.o
         6          0          0          0          0          0   _printf_x.o
        22          0          0          0          0        100   _rserrno.o
        10          0          0          0          0         68   _sputc.o
       228          4        148          0          0         96   bigflt0.o
      1936        128          0          0          0        668   btod.o
        18          0          0          0          0         80   exit.o
         6          0          0          0          0        152   heapauxi.o
         0          0          0          0          0          0   indicate_semi.o
        44         10        272          0          0         76   lc_ctype_c.o
        44         10         28          0          0         76   lc_numeric_c.o
         2          0          0          0          0          0   libinit.o
        34          0          0          0          0          0   libinit2.o
         2          0          0          0          0          0   libshutdown.o
         2          0          0          0          0          0   libshutdown2.o
         8          4          0          0         96         68   libspace.o
       138          0          0          0          0         80   lludiv10.o
        16          4          0          0          0         76   rt_ctype_table.o
         8          4          0          0          0         68   rt_errno_addr_intlibspace.o
         8          4          0          0          0         68   rt_locale_intlibspace.o
         2          0          0          0          0          0   rtexit.o
        10          0          0          0          0          0   rtexit2.o
        44          6          0          0          0         84   sprintf.o
       124          0          0          0          0         88   strcmpv7em.o
        12          4          0          0          0         68   sys_exit.o
        74          0          0          0          0         80   sys_stackheap_outer.o
         2          0          0          0          0         68   use_no_semi.o
        24          0          0          0          0        164   basic.o
       834         16          0          0          0        516   daddsub_clz.o
       696        140          0          0          0        264   ddiv.o
        94          4          0          0          0        140   dfix.o
        90          4          0          0          0        140   dfixu.o
        84          0          0          0          0        232   dflt_clz.o
       340         12          0          0          0        152   dmul.o
       156          4          0          0          0        140   dnaninf.o
        12          0          0          0          0        116   dretinf.o
        26          0          0          0          0        116   fpinit.o
         4          0          0          0          0        116   printf1.o
         4          0          0          0          0        116   printf2.o
         0          0          0          0          0          0   usenofp.o
       368         46         48          0          0        200   cos_i.o
        84         16          0          0          0        372   dunder.o
        24          0          0          0          0        124   fabs.o
        48          0          0          0          0        124   fpclassify.o
       248          0          0          0          0        152   poly.o
      1080        142        204          0          0        188   rred.o
       200         20          0          0          0        164   sin.o
       304         24         40          0          0        208   sin_i.o

    ----------------------------------------------------------------------
     11532        698        852          0         96       7764   Library Totals
        36          0          9          0          0          0   (incl. Padding)

    ----------------------------------------------------------------------

      Code (inc. data)   RO Data    RW Data    ZI Data      Debug   Library Name

      6776        270        551          0         96       4020   c_w.l
      2364        180          0          0          0       2212   fz_wm.l
      2356        248        292          0          0       1532   m_wm.l

    ----------------------------------------------------------------------
     11532        698        852          0         96       7764   Library Totals

    ----------------------------------------------------------------------

==============================================================================


      Code (inc. data)   RO Data    RW Data    ZI Data      Debug   

     18112        764       1388         20       2488      55717   Grand Totals
     18112        764       1388         20       2488      55717   ELF Image Totals
     18112        764       1388         20          0          0   ROM Totals

==============================================================================

    Total RO  Size (Code + RO Data)                19500 (  19.04kB)
    Total RW  Size (RW Data + ZI Data)              2508 (   2.45kB)
    Total ROM Size (Code + RO Data + RW Data)      19520 (  19.06kB)

==============================================================================

